<?xml version="1.0" encoding="ISO-8859-1" ?>
<link_info>
   <banner>TI ARM Linker PC v20.2.5.LTS</banner>
   <copyright>Copyright (c) 1996-2018 Texas Instruments Incorporated</copyright>
   <link_time>0x61b7bf4a</link_time>
   <link_errors>0x0</link_errors>
   <output_file>Final-Project.out</output_file>
   <entry_point>
      <name>_c_int00_noargs</name>
      <address>0xaeb9</address>
   </entry_point>
   <input_file_list>
      <input_file id="fl-2">
         <path>.\</path>
         <kind>object</kind>
         <file>GameOver.obj</file>
         <name>GameOver.obj</name>
      </input_file>
      <input_file id="fl-3">
         <path>.\</path>
         <kind>object</kind>
         <file>LCD.obj</file>
         <name>LCD.obj</name>
      </input_file>
      <input_file id="fl-4">
         <path>.\</path>
         <kind>object</kind>
         <file>Task_Accl.obj</file>
         <name>Task_Accl.obj</name>
      </input_file>
      <input_file id="fl-5">
         <path>.\</path>
         <kind>object</kind>
         <file>Task_animate.obj</file>
         <name>Task_animate.obj</name>
      </input_file>
      <input_file id="fl-6">
         <path>.\</path>
         <kind>object</kind>
         <file>Task_buzzer.obj</file>
         <name>Task_buzzer.obj</name>
      </input_file>
      <input_file id="fl-7">
         <path>.\</path>
         <kind>object</kind>
         <file>Task_enemy.obj</file>
         <name>Task_enemy.obj</name>
      </input_file>
      <input_file id="fl-8">
         <path>.\</path>
         <kind>object</kind>
         <file>Task_light.obj</file>
         <name>Task_light.obj</name>
      </input_file>
      <input_file id="fl-9">
         <path>.\</path>
         <kind>object</kind>
         <file>UART.obj</file>
         <name>UART.obj</name>
      </input_file>
      <input_file id="fl-a">
         <path>.\</path>
         <kind>object</kind>
         <file>buzzer.obj</file>
         <name>buzzer.obj</name>
      </input_file>
      <input_file id="fl-b">
         <path>.\</path>
         <kind>object</kind>
         <file>circular_buffer.obj</file>
         <name>circular_buffer.obj</name>
      </input_file>
      <input_file id="fl-c">
         <path>.\</path>
         <kind>object</kind>
         <file>clearScreen.obj</file>
         <name>clearScreen.obj</name>
      </input_file>
      <input_file id="fl-d">
         <path>.\</path>
         <kind>object</kind>
         <file>ece353.obj</file>
         <name>ece353.obj</name>
      </input_file>
      <input_file id="fl-e">
         <path>.\</path>
         <kind>object</kind>
         <file>enemy.obj</file>
         <name>enemy.obj</name>
      </input_file>
      <input_file id="fl-f">
         <path>.\</path>
         <kind>object</kind>
         <file>ghost.obj</file>
         <name>ghost.obj</name>
      </input_file>
      <input_file id="fl-10">
         <path>.\</path>
         <kind>object</kind>
         <file>i2c.obj</file>
         <name>i2c.obj</name>
      </input_file>
      <input_file id="fl-11">
         <path>.\</path>
         <kind>object</kind>
         <file>level1.obj</file>
         <name>level1.obj</name>
      </input_file>
      <input_file id="fl-12">
         <path>.\</path>
         <kind>object</kind>
         <file>level2.obj</file>
         <name>level2.obj</name>
      </input_file>
      <input_file id="fl-13">
         <path>.\</path>
         <kind>object</kind>
         <file>level3.obj</file>
         <name>level3.obj</name>
      </input_file>
      <input_file id="fl-14">
         <path>.\</path>
         <kind>object</kind>
         <file>level4.obj</file>
         <name>level4.obj</name>
      </input_file>
      <input_file id="fl-15">
         <path>.\</path>
         <kind>object</kind>
         <file>level5.obj</file>
         <name>level5.obj</name>
      </input_file>
      <input_file id="fl-16">
         <path>.\</path>
         <kind>object</kind>
         <file>main.obj</file>
         <name>main.obj</name>
      </input_file>
      <input_file id="fl-17">
         <path>.\</path>
         <kind>object</kind>
         <file>opt3001.obj</file>
         <name>opt3001.obj</name>
      </input_file>
      <input_file id="fl-18">
         <path>.\</path>
         <kind>object</kind>
         <file>serial_debug.obj</file>
         <name>serial_debug.obj</name>
      </input_file>
      <input_file id="fl-19">
         <path>.\</path>
         <kind>object</kind>
         <file>startup_msp432p401r_ccs.obj</file>
         <name>startup_msp432p401r_ccs.obj</name>
      </input_file>
      <input_file id="fl-1a">
         <path>.\</path>
         <kind>object</kind>
         <file>system_msp432p401r.obj</file>
         <name>system_msp432p401r.obj</name>
      </input_file>
      <input_file id="fl-1b">
         <path>.\</path>
         <kind>object</kind>
         <file>titleScreen.obj</file>
         <name>titleScreen.obj</name>
      </input_file>
      <input_file id="fl-1c">
         <path>.\FreeRTOS\</path>
         <kind>object</kind>
         <file>croutine.obj</file>
         <name>croutine.obj</name>
      </input_file>
      <input_file id="fl-1d">
         <path>.\FreeRTOS\</path>
         <kind>object</kind>
         <file>event_groups.obj</file>
         <name>event_groups.obj</name>
      </input_file>
      <input_file id="fl-1e">
         <path>.\FreeRTOS\</path>
         <kind>object</kind>
         <file>heap_4.obj</file>
         <name>heap_4.obj</name>
      </input_file>
      <input_file id="fl-1f">
         <path>.\FreeRTOS\</path>
         <kind>object</kind>
         <file>list.obj</file>
         <name>list.obj</name>
      </input_file>
      <input_file id="fl-20">
         <path>.\FreeRTOS\</path>
         <kind>object</kind>
         <file>queue.obj</file>
         <name>queue.obj</name>
      </input_file>
      <input_file id="fl-21">
         <path>.\FreeRTOS\</path>
         <kind>object</kind>
         <file>stream_buffer.obj</file>
         <name>stream_buffer.obj</name>
      </input_file>
      <input_file id="fl-22">
         <path>.\FreeRTOS\</path>
         <kind>object</kind>
         <file>tasks.obj</file>
         <name>tasks.obj</name>
      </input_file>
      <input_file id="fl-23">
         <path>.\FreeRTOS\</path>
         <kind>object</kind>
         <file>timers.obj</file>
         <name>timers.obj</name>
      </input_file>
      <input_file id="fl-24">
         <path>.\portable\</path>
         <kind>object</kind>
         <file>port.obj</file>
         <name>port.obj</name>
      </input_file>
      <input_file id="fl-25">
         <path>.\portable\</path>
         <kind>object</kind>
         <file>portasm.obj</file>
         <name>portasm.obj</name>
      </input_file>
      <input_file id="fl-29">
         <kind>object</kind>
         <file>&lt;internal&gt;</file>
         <name>&lt;internal&gt;</name>
      </input_file>
      <input_file id="fl-df">
         <path>C:\ti\ccs1040\ccs\tools\compiler\ti-cgt-arm_20.2.5.LTS\lib\</path>
         <kind>archive</kind>
         <file>rtsv7M4_T_le_v4SPD16_eabi.lib</file>
         <name>printf.c.obj</name>
      </input_file>
      <input_file id="fl-e0">
         <path>C:\ti\ccs1040\ccs\tools\compiler\ti-cgt-arm_20.2.5.LTS\lib\</path>
         <kind>archive</kind>
         <file>rtsv7M4_T_le_v4SPD16_eabi.lib</file>
         <name>_printfi.c.obj</name>
      </input_file>
      <input_file id="fl-e1">
         <path>C:\ti\ccs1040\ccs\tools\compiler\ti-cgt-arm_20.2.5.LTS\lib\</path>
         <kind>archive</kind>
         <file>rtsv7M4_T_le_v4SPD16_eabi.lib</file>
         <name>sprintf.c.obj</name>
      </input_file>
      <input_file id="fl-e2">
         <path>C:\ti\ccs1040\ccs\tools\compiler\ti-cgt-arm_20.2.5.LTS\lib\</path>
         <kind>archive</kind>
         <file>rtsv7M4_T_le_v4SPD16_eabi.lib</file>
         <name>fputs.c.obj</name>
      </input_file>
      <input_file id="fl-e3">
         <path>C:\ti\ccs1040\ccs\tools\compiler\ti-cgt-arm_20.2.5.LTS\lib\</path>
         <kind>archive</kind>
         <file>rtsv7M4_T_le_v4SPD16_eabi.lib</file>
         <name>_io_perm.c.obj</name>
      </input_file>
      <input_file id="fl-e4">
         <path>C:\ti\ccs1040\ccs\tools\compiler\ti-cgt-arm_20.2.5.LTS\lib\</path>
         <kind>archive</kind>
         <file>rtsv7M4_T_le_v4SPD16_eabi.lib</file>
         <name>setvbuf.c.obj</name>
      </input_file>
      <input_file id="fl-e5">
         <path>C:\ti\ccs1040\ccs\tools\compiler\ti-cgt-arm_20.2.5.LTS\lib\</path>
         <kind>archive</kind>
         <file>rtsv7M4_T_le_v4SPD16_eabi.lib</file>
         <name>e_pow.c.obj</name>
      </input_file>
      <input_file id="fl-e6">
         <path>C:\ti\ccs1040\ccs\tools\compiler\ti-cgt-arm_20.2.5.LTS\lib\</path>
         <kind>archive</kind>
         <file>rtsv7M4_T_le_v4SPD16_eabi.lib</file>
         <name>e_sqrt.c.obj</name>
      </input_file>
      <input_file id="fl-e7">
         <path>C:\ti\ccs1040\ccs\tools\compiler\ti-cgt-arm_20.2.5.LTS\lib\</path>
         <kind>archive</kind>
         <file>rtsv7M4_T_le_v4SPD16_eabi.lib</file>
         <name>s_frexp.c.obj</name>
      </input_file>
      <input_file id="fl-e8">
         <path>C:\ti\ccs1040\ccs\tools\compiler\ti-cgt-arm_20.2.5.LTS\lib\</path>
         <kind>archive</kind>
         <file>rtsv7M4_T_le_v4SPD16_eabi.lib</file>
         <name>s_scalbn.c.obj</name>
      </input_file>
      <input_file id="fl-e9">
         <path>C:\ti\ccs1040\ccs\tools\compiler\ti-cgt-arm_20.2.5.LTS\lib\</path>
         <kind>archive</kind>
         <file>rtsv7M4_T_le_v4SPD16_eabi.lib</file>
         <name>wcslen.c.obj</name>
      </input_file>
      <input_file id="fl-ea">
         <path>C:\ti\ccs1040\ccs\tools\compiler\ti-cgt-arm_20.2.5.LTS\lib\</path>
         <kind>archive</kind>
         <file>rtsv7M4_T_le_v4SPD16_eabi.lib</file>
         <name>fd_add_t2.asm.obj</name>
      </input_file>
      <input_file id="fl-eb">
         <path>C:\ti\ccs1040\ccs\tools\compiler\ti-cgt-arm_20.2.5.LTS\lib\</path>
         <kind>archive</kind>
         <file>rtsv7M4_T_le_v4SPD16_eabi.lib</file>
         <name>fd_cmp_t2.asm.obj</name>
      </input_file>
      <input_file id="fl-ec">
         <path>C:\ti\ccs1040\ccs\tools\compiler\ti-cgt-arm_20.2.5.LTS\lib\</path>
         <kind>archive</kind>
         <file>rtsv7M4_T_le_v4SPD16_eabi.lib</file>
         <name>fd_div_t2.asm.obj</name>
      </input_file>
      <input_file id="fl-ed">
         <path>C:\ti\ccs1040\ccs\tools\compiler\ti-cgt-arm_20.2.5.LTS\lib\</path>
         <kind>archive</kind>
         <file>rtsv7M4_T_le_v4SPD16_eabi.lib</file>
         <name>fd_mul_t2.asm.obj</name>
      </input_file>
      <input_file id="fl-ee">
         <path>C:\ti\ccs1040\ccs\tools\compiler\ti-cgt-arm_20.2.5.LTS\lib\</path>
         <kind>archive</kind>
         <file>rtsv7M4_T_le_v4SPD16_eabi.lib</file>
         <name>fd_toi_t2.asm.obj</name>
      </input_file>
      <input_file id="fl-ef">
         <path>C:\ti\ccs1040\ccs\tools\compiler\ti-cgt-arm_20.2.5.LTS\lib\</path>
         <kind>archive</kind>
         <file>rtsv7M4_T_le_v4SPD16_eabi.lib</file>
         <name>fd_tos_t2.asm.obj</name>
      </input_file>
      <input_file id="fl-f0">
         <path>C:\ti\ccs1040\ccs\tools\compiler\ti-cgt-arm_20.2.5.LTS\lib\</path>
         <kind>archive</kind>
         <file>rtsv7M4_T_le_v4SPD16_eabi.lib</file>
         <name>fs_tod_t2.asm.obj</name>
      </input_file>
      <input_file id="fl-f1">
         <path>C:\ti\ccs1040\ccs\tools\compiler\ti-cgt-arm_20.2.5.LTS\lib\</path>
         <kind>archive</kind>
         <file>rtsv7M4_T_le_v4SPD16_eabi.lib</file>
         <name>i_tofd_t2.asm.obj</name>
      </input_file>
      <input_file id="fl-f2">
         <path>C:\ti\ccs1040\ccs\tools\compiler\ti-cgt-arm_20.2.5.LTS\lib\</path>
         <kind>archive</kind>
         <file>rtsv7M4_T_le_v4SPD16_eabi.lib</file>
         <name>memcpy_t2.asm.obj</name>
      </input_file>
      <input_file id="fl-f3">
         <path>C:\ti\ccs1040\ccs\tools\compiler\ti-cgt-arm_20.2.5.LTS\lib\</path>
         <kind>archive</kind>
         <file>rtsv7M4_T_le_v4SPD16_eabi.lib</file>
         <name>u_tofd_t2.asm.obj</name>
      </input_file>
      <input_file id="fl-f4">
         <path>C:\ti\ccs1040\ccs\tools\compiler\ti-cgt-arm_20.2.5.LTS\lib\</path>
         <kind>archive</kind>
         <file>rtsv7M4_T_le_v4SPD16_eabi.lib</file>
         <name>u_divt2.asm.obj</name>
      </input_file>
      <input_file id="fl-f5">
         <path>C:\ti\ccs1040\ccs\tools\compiler\ti-cgt-arm_20.2.5.LTS\lib\</path>
         <kind>archive</kind>
         <file>rtsv7M4_T_le_v4SPD16_eabi.lib</file>
         <name>ull_div_t2.asm.obj</name>
      </input_file>
      <input_file id="fl-f6">
         <path>C:\ti\ccs1040\ccs\tools\compiler\ti-cgt-arm_20.2.5.LTS\lib\</path>
         <kind>archive</kind>
         <file>rtsv7M4_T_le_v4SPD16_eabi.lib</file>
         <name>memset_t2.asm.obj</name>
      </input_file>
      <input_file id="fl-f7">
         <path>C:\ti\ccs1040\ccs\tools\compiler\ti-cgt-arm_20.2.5.LTS\lib\</path>
         <kind>archive</kind>
         <file>rtsv7M4_T_le_v4SPD16_eabi.lib</file>
         <name>copy_zero_init.c.obj</name>
      </input_file>
      <input_file id="fl-f8">
         <path>C:\ti\ccs1040\ccs\tools\compiler\ti-cgt-arm_20.2.5.LTS\lib\</path>
         <kind>archive</kind>
         <file>rtsv7M4_T_le_v4SPD16_eabi.lib</file>
         <name>copy_decompress_none.c.obj</name>
      </input_file>
      <input_file id="fl-f9">
         <path>C:\ti\ccs1040\ccs\tools\compiler\ti-cgt-arm_20.2.5.LTS\lib\</path>
         <kind>archive</kind>
         <file>rtsv7M4_T_le_v4SPD16_eabi.lib</file>
         <name>copy_decompress_lzss.c.obj</name>
      </input_file>
      <input_file id="fl-fa">
         <path>C:\ti\ccs1040\ccs\tools\compiler\ti-cgt-arm_20.2.5.LTS\lib\</path>
         <kind>archive</kind>
         <file>rtsv7M4_T_le_v4SPD16_eabi.lib</file>
         <name>exit.c.obj</name>
      </input_file>
      <input_file id="fl-fb">
         <path>C:\ti\ccs1040\ccs\tools\compiler\ti-cgt-arm_20.2.5.LTS\lib\</path>
         <kind>archive</kind>
         <file>rtsv7M4_T_le_v4SPD16_eabi.lib</file>
         <name>_lock.c.obj</name>
      </input_file>
      <input_file id="fl-fc">
         <path>C:\ti\ccs1040\ccs\tools\compiler\ti-cgt-arm_20.2.5.LTS\lib\</path>
         <kind>archive</kind>
         <file>rtsv7M4_T_le_v4SPD16_eabi.lib</file>
         <name>_ltoa.c.obj</name>
      </input_file>
      <input_file id="fl-fd">
         <path>C:\ti\ccs1040\ccs\tools\compiler\ti-cgt-arm_20.2.5.LTS\lib\</path>
         <kind>archive</kind>
         <file>rtsv7M4_T_le_v4SPD16_eabi.lib</file>
         <name>atoi.c.obj</name>
      </input_file>
      <input_file id="fl-fe">
         <path>C:\ti\ccs1040\ccs\tools\compiler\ti-cgt-arm_20.2.5.LTS\lib\</path>
         <kind>archive</kind>
         <file>rtsv7M4_T_le_v4SPD16_eabi.lib</file>
         <name>ctype.c.obj</name>
      </input_file>
      <input_file id="fl-ff">
         <path>C:\ti\ccs1040\ccs\tools\compiler\ti-cgt-arm_20.2.5.LTS\lib\</path>
         <kind>archive</kind>
         <file>rtsv7M4_T_le_v4SPD16_eabi.lib</file>
         <name>defs.c.obj</name>
      </input_file>
      <input_file id="fl-100">
         <path>C:\ti\ccs1040\ccs\tools\compiler\ti-cgt-arm_20.2.5.LTS\lib\</path>
         <kind>archive</kind>
         <file>rtsv7M4_T_le_v4SPD16_eabi.lib</file>
         <name>memccpy.c.obj</name>
      </input_file>
      <input_file id="fl-101">
         <path>C:\ti\ccs1040\ccs\tools\compiler\ti-cgt-arm_20.2.5.LTS\lib\</path>
         <kind>archive</kind>
         <file>rtsv7M4_T_le_v4SPD16_eabi.lib</file>
         <name>memchr.c.obj</name>
      </input_file>
      <input_file id="fl-102">
         <path>C:\ti\ccs1040\ccs\tools\compiler\ti-cgt-arm_20.2.5.LTS\lib\</path>
         <kind>archive</kind>
         <file>rtsv7M4_T_le_v4SPD16_eabi.lib</file>
         <name>memory.c.obj</name>
      </input_file>
      <input_file id="fl-103">
         <path>C:\ti\ccs1040\ccs\tools\compiler\ti-cgt-arm_20.2.5.LTS\lib\</path>
         <kind>archive</kind>
         <file>rtsv7M4_T_le_v4SPD16_eabi.lib</file>
         <name>rand.c.obj</name>
      </input_file>
      <input_file id="fl-104">
         <path>C:\ti\ccs1040\ccs\tools\compiler\ti-cgt-arm_20.2.5.LTS\lib\</path>
         <kind>archive</kind>
         <file>rtsv7M4_T_le_v4SPD16_eabi.lib</file>
         <name>strchr.c.obj</name>
      </input_file>
      <input_file id="fl-105">
         <path>C:\ti\ccs1040\ccs\tools\compiler\ti-cgt-arm_20.2.5.LTS\lib\</path>
         <kind>archive</kind>
         <file>rtsv7M4_T_le_v4SPD16_eabi.lib</file>
         <name>strlen.c.obj</name>
      </input_file>
      <input_file id="fl-106">
         <path>C:\ti\ccs1040\ccs\tools\compiler\ti-cgt-arm_20.2.5.LTS\lib\</path>
         <kind>archive</kind>
         <file>rtsv7M4_T_le_v4SPD16_eabi.lib</file>
         <name>errno.c.obj</name>
      </input_file>
      <input_file id="fl-107">
         <path>C:\ti\ccs1040\ccs\tools\compiler\ti-cgt-arm_20.2.5.LTS\lib\</path>
         <kind>archive</kind>
         <file>rtsv7M4_T_le_v4SPD16_eabi.lib</file>
         <name>boot_cortex_m.c.obj</name>
      </input_file>
      <input_file id="fl-108">
         <path>C:\ti\ccs1040\ccs\tools\compiler\ti-cgt-arm_20.2.5.LTS\lib\</path>
         <kind>archive</kind>
         <file>rtsv7M4_T_le_v4SPD16_eabi.lib</file>
         <name>write.c.obj</name>
      </input_file>
      <input_file id="fl-109">
         <path>C:\ti\ccs1040\ccs\tools\compiler\ti-cgt-arm_20.2.5.LTS\lib\</path>
         <kind>archive</kind>
         <file>rtsv7M4_T_le_v4SPD16_eabi.lib</file>
         <name>host_device.c.obj</name>
      </input_file>
      <input_file id="fl-10a">
         <path>C:\ti\ccs1040\ccs\tools\compiler\ti-cgt-arm_20.2.5.LTS\lib\</path>
         <kind>archive</kind>
         <file>rtsv7M4_T_le_v4SPD16_eabi.lib</file>
         <name>fflush.c.obj</name>
      </input_file>
      <input_file id="fl-10b">
         <path>C:\ti\ccs1040\ccs\tools\compiler\ti-cgt-arm_20.2.5.LTS\lib\</path>
         <kind>archive</kind>
         <file>rtsv7M4_T_le_v4SPD16_eabi.lib</file>
         <name>fopen.c.obj</name>
      </input_file>
      <input_file id="fl-10c">
         <path>C:\ti\ccs1040\ccs\tools\compiler\ti-cgt-arm_20.2.5.LTS\lib\</path>
         <kind>archive</kind>
         <file>rtsv7M4_T_le_v4SPD16_eabi.lib</file>
         <name>fseek.c.obj</name>
      </input_file>
      <input_file id="fl-10d">
         <path>C:\ti\ccs1040\ccs\tools\compiler\ti-cgt-arm_20.2.5.LTS\lib\</path>
         <kind>archive</kind>
         <file>rtsv7M4_T_le_v4SPD16_eabi.lib</file>
         <name>s_copysign.c.obj</name>
      </input_file>
      <input_file id="fl-10e">
         <path>C:\ti\ccs1040\ccs\tools\compiler\ti-cgt-arm_20.2.5.LTS\lib\</path>
         <kind>archive</kind>
         <file>rtsv7M4_T_le_v4SPD16_eabi.lib</file>
         <name>div0.asm.obj</name>
      </input_file>
      <input_file id="fl-10f">
         <path>C:\ti\ccs1040\ccs\tools\compiler\ti-cgt-arm_20.2.5.LTS\lib\</path>
         <kind>archive</kind>
         <file>rtsv7M4_T_le_v4SPD16_eabi.lib</file>
         <name>autoinit.c.obj</name>
      </input_file>
      <input_file id="fl-110">
         <path>C:\ti\ccs1040\ccs\tools\compiler\ti-cgt-arm_20.2.5.LTS\lib\</path>
         <kind>archive</kind>
         <file>rtsv7M4_T_le_v4SPD16_eabi.lib</file>
         <name>pre_init.c.obj</name>
      </input_file>
      <input_file id="fl-111">
         <path>C:\ti\ccs1040\ccs\tools\compiler\ti-cgt-arm_20.2.5.LTS\lib\</path>
         <kind>archive</kind>
         <file>rtsv7M4_T_le_v4SPD16_eabi.lib</file>
         <name>cpy_tbl.c.obj</name>
      </input_file>
      <input_file id="fl-112">
         <path>C:\ti\ccs1040\ccs\tools\compiler\ti-cgt-arm_20.2.5.LTS\lib\</path>
         <kind>archive</kind>
         <file>rtsv7M4_T_le_v4SPD16_eabi.lib</file>
         <name>args_main.c.obj</name>
      </input_file>
      <input_file id="fl-113">
         <path>C:\ti\ccs1040\ccs\tools\compiler\ti-cgt-arm_20.2.5.LTS\lib\</path>
         <kind>archive</kind>
         <file>rtsv7M4_T_le_v4SPD16_eabi.lib</file>
         <name>hostclose.c.obj</name>
      </input_file>
      <input_file id="fl-114">
         <path>C:\ti\ccs1040\ccs\tools\compiler\ti-cgt-arm_20.2.5.LTS\lib\</path>
         <kind>archive</kind>
         <file>rtsv7M4_T_le_v4SPD16_eabi.lib</file>
         <name>hostlseek.c.obj</name>
      </input_file>
      <input_file id="fl-115">
         <path>C:\ti\ccs1040\ccs\tools\compiler\ti-cgt-arm_20.2.5.LTS\lib\</path>
         <kind>archive</kind>
         <file>rtsv7M4_T_le_v4SPD16_eabi.lib</file>
         <name>hostopen.c.obj</name>
      </input_file>
      <input_file id="fl-116">
         <path>C:\ti\ccs1040\ccs\tools\compiler\ti-cgt-arm_20.2.5.LTS\lib\</path>
         <kind>archive</kind>
         <file>rtsv7M4_T_le_v4SPD16_eabi.lib</file>
         <name>hostread.c.obj</name>
      </input_file>
      <input_file id="fl-117">
         <path>C:\ti\ccs1040\ccs\tools\compiler\ti-cgt-arm_20.2.5.LTS\lib\</path>
         <kind>archive</kind>
         <file>rtsv7M4_T_le_v4SPD16_eabi.lib</file>
         <name>hostrename.c.obj</name>
      </input_file>
      <input_file id="fl-118">
         <path>C:\ti\ccs1040\ccs\tools\compiler\ti-cgt-arm_20.2.5.LTS\lib\</path>
         <kind>archive</kind>
         <file>rtsv7M4_T_le_v4SPD16_eabi.lib</file>
         <name>hostunlink.c.obj</name>
      </input_file>
      <input_file id="fl-119">
         <path>C:\ti\ccs1040\ccs\tools\compiler\ti-cgt-arm_20.2.5.LTS\lib\</path>
         <kind>archive</kind>
         <file>rtsv7M4_T_le_v4SPD16_eabi.lib</file>
         <name>hostwrite.c.obj</name>
      </input_file>
      <input_file id="fl-11a">
         <path>C:\ti\ccs1040\ccs\tools\compiler\ti-cgt-arm_20.2.5.LTS\lib\</path>
         <kind>archive</kind>
         <file>rtsv7M4_T_le_v4SPD16_eabi.lib</file>
         <name>trgmsg.c.obj</name>
      </input_file>
      <input_file id="fl-11b">
         <path>C:\ti\ccs1040\ccs\tools\compiler\ti-cgt-arm_20.2.5.LTS\lib\</path>
         <kind>archive</kind>
         <file>rtsv7M4_T_le_v4SPD16_eabi.lib</file>
         <name>open.c.obj</name>
      </input_file>
      <input_file id="fl-11c">
         <path>C:\ti\ccs1040\ccs\tools\compiler\ti-cgt-arm_20.2.5.LTS\lib\</path>
         <kind>archive</kind>
         <file>rtsv7M4_T_le_v4SPD16_eabi.lib</file>
         <name>lseek.c.obj</name>
      </input_file>
      <input_file id="fl-11d">
         <path>C:\ti\ccs1040\ccs\tools\compiler\ti-cgt-arm_20.2.5.LTS\lib\</path>
         <kind>archive</kind>
         <file>rtsv7M4_T_le_v4SPD16_eabi.lib</file>
         <name>fclose.c.obj</name>
      </input_file>
      <input_file id="fl-11e">
         <path>C:\ti\ccs1040\ccs\tools\compiler\ti-cgt-arm_20.2.5.LTS\lib\</path>
         <kind>archive</kind>
         <file>rtsv7M4_T_le_v4SPD16_eabi.lib</file>
         <name>getdevice.c.obj</name>
      </input_file>
      <input_file id="fl-11f">
         <path>C:\ti\ccs1040\ccs\tools\compiler\ti-cgt-arm_20.2.5.LTS\lib\</path>
         <kind>archive</kind>
         <file>rtsv7M4_T_le_v4SPD16_eabi.lib</file>
         <name>strcmp.c.obj</name>
      </input_file>
      <input_file id="fl-120">
         <path>C:\ti\ccs1040\ccs\tools\compiler\ti-cgt-arm_20.2.5.LTS\lib\</path>
         <kind>archive</kind>
         <file>rtsv7M4_T_le_v4SPD16_eabi.lib</file>
         <name>strcpy.c.obj</name>
      </input_file>
      <input_file id="fl-121">
         <path>C:\ti\ccs1040\ccs\tools\compiler\ti-cgt-arm_20.2.5.LTS\lib\</path>
         <kind>archive</kind>
         <file>rtsv7M4_T_le_v4SPD16_eabi.lib</file>
         <name>strncpy.c.obj</name>
      </input_file>
      <input_file id="fl-122">
         <path>C:\ti\ccs1040\ccs\tools\compiler\ti-cgt-arm_20.2.5.LTS\lib\</path>
         <kind>archive</kind>
         <file>rtsv7M4_T_le_v4SPD16_eabi.lib</file>
         <name>remove.c.obj</name>
      </input_file>
      <input_file id="fl-123">
         <path>C:\ti\ccs1040\ccs\tools\compiler\ti-cgt-arm_20.2.5.LTS\lib\</path>
         <kind>archive</kind>
         <file>rtsv7M4_T_le_v4SPD16_eabi.lib</file>
         <name>close.c.obj</name>
      </input_file>
      <input_file id="fl-124">
         <path>C:\ti\ccs1040\ccs\tools\compiler\ti-cgt-arm_20.2.5.LTS\lib\</path>
         <kind>archive</kind>
         <file>rtsv7M4_T_le_v4SPD16_eabi.lib</file>
         <name>unlink.c.obj</name>
      </input_file>
   </input_file_list>
   <object_component_list>
      <object_component id="oc-26">
         <name>.intvecs:retain</name>
         <load_address>0x0</load_address>
         <run_address>0x0</run_address>
         <size>0xe4</size>
         <input_file_ref idref="fl-19"/>
      </object_component>
      <object_component id="oc-d0">
         <name>.text</name>
         <load_address>0xe4</load_address>
         <run_address>0xe4</run_address>
         <size>0x27fc</size>
         <input_file_ref idref="fl-22"/>
      </object_component>
      <object_component id="oc-12d">
         <name>.text</name>
         <load_address>0x28e0</load_address>
         <run_address>0x28e0</run_address>
         <size>0x1124</size>
         <input_file_ref idref="fl-20"/>
      </object_component>
      <object_component id="oc-3ed">
         <name>.text:__TI_printfi</name>
         <load_address>0x3a04</load_address>
         <run_address>0x3a04</run_address>
         <size>0xa4e</size>
         <input_file_ref idref="fl-e0"/>
      </object_component>
      <object_component id="oc-41d">
         <name>.text:_nop</name>
         <load_address>0x4452</load_address>
         <run_address>0x4452</run_address>
         <size>0x2</size>
         <input_file_ref idref="fl-fb"/>
      </object_component>
      <object_component id="oc-2ea">
         <name>.text:pow</name>
         <load_address>0x4454</load_address>
         <run_address>0x4454</run_address>
         <size>0x9d0</size>
         <input_file_ref idref="fl-e5"/>
      </object_component>
      <object_component id="oc-81">
         <name>.text</name>
         <load_address>0x4e24</load_address>
         <run_address>0x4e24</run_address>
         <size>0x840</size>
         <input_file_ref idref="fl-4"/>
      </object_component>
      <object_component id="oc-20a">
         <name>.text</name>
         <load_address>0x5664</load_address>
         <run_address>0x5664</run_address>
         <size>0x720</size>
         <input_file_ref idref="fl-23"/>
      </object_component>
      <object_component id="oc-165">
         <name>.text</name>
         <load_address>0x5d84</load_address>
         <run_address>0x5d84</run_address>
         <size>0x6d8</size>
         <input_file_ref idref="fl-d"/>
      </object_component>
      <object_component id="oc-16b">
         <name>.text</name>
         <load_address>0x645c</load_address>
         <run_address>0x645c</run_address>
         <size>0x678</size>
         <input_file_ref idref="fl-7"/>
      </object_component>
      <object_component id="oc-1f2">
         <name>.text</name>
         <load_address>0x6ad4</load_address>
         <run_address>0x6ad4</run_address>
         <size>0x454</size>
         <input_file_ref idref="fl-1e"/>
      </object_component>
      <object_component id="oc-75">
         <name>.text</name>
         <load_address>0x6f28</load_address>
         <run_address>0x6f28</run_address>
         <size>0x438</size>
         <input_file_ref idref="fl-24"/>
      </object_component>
      <object_component id="oc-15f">
         <name>.text</name>
         <load_address>0x7360</load_address>
         <run_address>0x7360</run_address>
         <size>0x434</size>
         <input_file_ref idref="fl-3"/>
      </object_component>
      <object_component id="oc-171">
         <name>.text</name>
         <load_address>0x7794</load_address>
         <run_address>0x7794</run_address>
         <size>0x3c0</size>
         <input_file_ref idref="fl-a"/>
      </object_component>
      <object_component id="oc-17d">
         <name>.text</name>
         <load_address>0x7b54</load_address>
         <run_address>0x7b54</run_address>
         <size>0x3a0</size>
         <input_file_ref idref="fl-9"/>
      </object_component>
      <object_component id="oc-c3">
         <name>.text</name>
         <load_address>0x7ef4</load_address>
         <run_address>0x7ef4</run_address>
         <size>0x378</size>
         <input_file_ref idref="fl-1a"/>
      </object_component>
      <object_component id="oc-4c2">
         <name>.text:_pconv_a</name>
         <load_address>0x826c</load_address>
         <run_address>0x826c</run_address>
         <size>0x270</size>
         <input_file_ref idref="fl-e0"/>
      </object_component>
      <object_component id="oc-188">
         <name>.text</name>
         <load_address>0x84dc</load_address>
         <run_address>0x84dc</run_address>
         <size>0x224</size>
         <input_file_ref idref="fl-5"/>
      </object_component>
      <object_component id="oc-b1">
         <name>.text</name>
         <load_address>0x8700</load_address>
         <run_address>0x8700</run_address>
         <size>0x224</size>
         <input_file_ref idref="fl-16"/>
      </object_component>
      <object_component id="oc-4b0">
         <name>.text:_pconv_g</name>
         <load_address>0x8924</load_address>
         <run_address>0x8924</run_address>
         <size>0x1d0</size>
         <input_file_ref idref="fl-e0"/>
      </object_component>
      <object_component id="oc-eb">
         <name>.text</name>
         <load_address>0x8af4</load_address>
         <run_address>0x8af4</run_address>
         <size>0x1ca</size>
         <input_file_ref idref="fl-b"/>
      </object_component>
      <object_component id="oc-38c">
         <name>.text</name>
         <load_address>0x8cbe</load_address>
         <run_address>0x8cbe</run_address>
         <size>0x2</size>
         <input_file_ref idref="fl-10e"/>
      </object_component>
      <object_component id="oc-2d5">
         <name>.text</name>
         <load_address>0x8cc0</load_address>
         <run_address>0x8cc0</run_address>
         <size>0x1c0</size>
         <input_file_ref idref="fl-10"/>
      </object_component>
      <object_component id="oc-3b6">
         <name>.text</name>
         <load_address>0x8e80</load_address>
         <run_address>0x8e80</run_address>
         <size>0x1b6</size>
         <input_file_ref idref="fl-ea"/>
      </object_component>
      <object_component id="oc-7b">
         <name>.text</name>
         <load_address>0x9038</load_address>
         <run_address>0x9038</run_address>
         <size>0x19c</size>
         <input_file_ref idref="fl-18"/>
      </object_component>
      <object_component id="oc-3c0">
         <name>.text:sqrt</name>
         <load_address>0x91d4</load_address>
         <run_address>0x91d4</run_address>
         <size>0x158</size>
         <input_file_ref idref="fl-e6"/>
      </object_component>
      <object_component id="oc-4bc">
         <name>.text:_pconv_e</name>
         <load_address>0x932c</load_address>
         <run_address>0x932c</run_address>
         <size>0x13c</size>
         <input_file_ref idref="fl-e0"/>
      </object_component>
      <object_component id="oc-3bb">
         <name>.text</name>
         <load_address>0x9468</load_address>
         <run_address>0x9468</run_address>
         <size>0x136</size>
         <input_file_ref idref="fl-ec"/>
      </object_component>
      <object_component id="oc-1f8">
         <name>.text</name>
         <load_address>0x959e</load_address>
         <run_address>0x959e</run_address>
         <size>0x12a</size>
         <input_file_ref idref="fl-1f"/>
      </object_component>
      <object_component id="oc-53c">
         <name>.text:fcvt</name>
         <load_address>0x96c8</load_address>
         <run_address>0x96c8</run_address>
         <size>0x124</size>
         <input_file_ref idref="fl-e0"/>
      </object_component>
      <object_component id="oc-4e4">
         <name>.text:fputs</name>
         <load_address>0x97ec</load_address>
         <run_address>0x97ec</run_address>
         <size>0x114</size>
         <input_file_ref idref="fl-e2"/>
      </object_component>
      <object_component id="oc-3de">
         <name>.text:scalbn</name>
         <load_address>0x9900</load_address>
         <run_address>0x9900</run_address>
         <size>0x110</size>
         <input_file_ref idref="fl-e8"/>
      </object_component>
      <object_component id="oc-378">
         <name>.text:aligned_alloc</name>
         <load_address>0x9a10</load_address>
         <run_address>0x9a10</run_address>
         <size>0x100</size>
         <input_file_ref idref="fl-102"/>
      </object_component>
      <object_component id="oc-2e0">
         <name>.text</name>
         <load_address>0x9b10</load_address>
         <run_address>0x9b10</run_address>
         <size>0xfc</size>
         <input_file_ref idref="fl-ed"/>
      </object_component>
      <object_component id="oc-23b">
         <name>.text:free</name>
         <load_address>0x9c0c</load_address>
         <run_address>0x9c0c</run_address>
         <size>0xe4</size>
         <input_file_ref idref="fl-102"/>
      </object_component>
      <object_component id="oc-177">
         <name>.text</name>
         <load_address>0x9cf0</load_address>
         <run_address>0x9cf0</run_address>
         <size>0xdc</size>
         <input_file_ref idref="fl-17"/>
      </object_component>
      <object_component id="oc-5b4">
         <name>.text:setvbuf</name>
         <load_address>0x9dcc</load_address>
         <run_address>0x9dcc</run_address>
         <size>0xdc</size>
         <input_file_ref idref="fl-e4"/>
      </object_component>
      <object_component id="oc-70">
         <name>.text</name>
         <load_address>0x9ea8</load_address>
         <run_address>0x9ea8</run_address>
         <size>0xda</size>
         <input_file_ref idref="fl-25"/>
      </object_component>
      <object_component id="oc-191">
         <name>.text</name>
         <load_address>0x9f84</load_address>
         <run_address>0x9f84</run_address>
         <size>0xc8</size>
         <input_file_ref idref="fl-8"/>
      </object_component>
      <object_component id="oc-4aa">
         <name>.text:_ltostr</name>
         <load_address>0xa04c</load_address>
         <run_address>0xa04c</run_address>
         <size>0xb1</size>
         <input_file_ref idref="fl-e0"/>
      </object_component>
      <object_component id="oc-3a">
         <name>.text</name>
         <load_address>0xa0fe</load_address>
         <run_address>0xa0fe</run_address>
         <size>0x9c</size>
         <input_file_ref idref="fl-f2"/>
      </object_component>
      <object_component id="oc-51e">
         <name>.text</name>
         <load_address>0xa19a</load_address>
         <run_address>0xa19a</run_address>
         <size>0x96</size>
         <input_file_ref idref="fl-f5"/>
      </object_component>
      <object_component id="oc-3d4">
         <name>.text:__aeabi_cdcmple</name>
         <load_address>0xa230</load_address>
         <run_address>0xa230</run_address>
         <size>0x86</size>
         <input_file_ref idref="fl-eb"/>
      </object_component>
      <object_component id="oc-3d9">
         <name>.text:__aeabi_cdrcmple</name>
         <load_address>0xa2b6</load_address>
         <run_address>0xa2b6</run_address>
         <size>0x86</size>
         <input_file_ref idref="fl-eb"/>
      </object_component>
      <object_component id="oc-a5">
         <name>.text</name>
         <load_address>0xa33c</load_address>
         <run_address>0xa33c</run_address>
         <size>0x7a</size>
         <input_file_ref idref="fl-f6"/>
      </object_component>
      <object_component id="oc-600">
         <name>.text:__TI_closefile</name>
         <load_address>0xa3b8</load_address>
         <run_address>0xa3b8</run_address>
         <size>0x74</size>
         <input_file_ref idref="fl-11d"/>
      </object_component>
      <object_component id="oc-461">
         <name>.text:split</name>
         <load_address>0xa42c</load_address>
         <run_address>0xa42c</run_address>
         <size>0x70</size>
         <input_file_ref idref="fl-102"/>
      </object_component>
      <object_component id="oc-535">
         <name>.text:_mcpy</name>
         <load_address>0xa49c</load_address>
         <run_address>0xa49c</run_address>
         <size>0x6e</size>
         <input_file_ref idref="fl-e0"/>
      </object_component>
      <object_component id="oc-2f0">
         <name>.text</name>
         <load_address>0xa50a</load_address>
         <run_address>0xa50a</run_address>
         <size>0x6e</size>
         <input_file_ref idref="fl-ef"/>
      </object_component>
      <object_component id="oc-630">
         <name>.text:HOSTrename</name>
         <load_address>0xa578</load_address>
         <run_address>0xa578</run_address>
         <size>0x6c</size>
         <input_file_ref idref="fl-117"/>
      </object_component>
      <object_component id="oc-624">
         <name>.text:HOSTlseek</name>
         <load_address>0xa5e4</load_address>
         <run_address>0xa5e4</run_address>
         <size>0x68</size>
         <input_file_ref idref="fl-114"/>
      </object_component>
      <object_component id="oc-17">
         <name>.text:decompress:lzss:__TI_decompress_lzss</name>
         <load_address>0xa64c</load_address>
         <run_address>0xa64c</run_address>
         <size>0x68</size>
         <input_file_ref idref="fl-f9"/>
      </object_component>
      <object_component id="oc-2f6">
         <name>.text:printf</name>
         <load_address>0xa6b4</load_address>
         <run_address>0xa6b4</run_address>
         <size>0x68</size>
         <input_file_ref idref="fl-df"/>
      </object_component>
      <object_component id="oc-54a">
         <name>.text:frexp</name>
         <load_address>0xa71c</load_address>
         <run_address>0xa71c</run_address>
         <size>0x64</size>
         <input_file_ref idref="fl-e7"/>
      </object_component>
      <object_component id="oc-5ae">
         <name>.text:fseek</name>
         <load_address>0xa780</load_address>
         <run_address>0xa780</run_address>
         <size>0x64</size>
         <input_file_ref idref="fl-10c"/>
      </object_component>
      <object_component id="oc-573">
         <name>.text:__TI_wrt_ok</name>
         <load_address>0xa7e4</load_address>
         <run_address>0xa7e4</run_address>
         <size>0x62</size>
         <input_file_ref idref="fl-e3"/>
      </object_component>
      <object_component id="oc-60c">
         <name>.text:HOSTopen</name>
         <load_address>0xa848</load_address>
         <run_address>0xa848</run_address>
         <size>0x60</size>
         <input_file_ref idref="fl-115"/>
      </object_component>
      <object_component id="oc-63c">
         <name>.text:close</name>
         <load_address>0xa8a8</load_address>
         <run_address>0xa8a8</run_address>
         <size>0x5c</size>
         <input_file_ref idref="fl-123"/>
      </object_component>
      <object_component id="oc-618">
         <name>.text:HOSTread</name>
         <load_address>0xa904</load_address>
         <run_address>0xa904</run_address>
         <size>0x58</size>
         <input_file_ref idref="fl-116"/>
      </object_component>
      <object_component id="oc-61e">
         <name>.text:HOSTwrite</name>
         <load_address>0xa95c</load_address>
         <run_address>0xa95c</run_address>
         <size>0x58</size>
         <input_file_ref idref="fl-119"/>
      </object_component>
      <object_component id="oc-4b6">
         <name>.text:_pconv_f</name>
         <load_address>0xa9b4</load_address>
         <run_address>0xa9b4</run_address>
         <size>0x56</size>
         <input_file_ref idref="fl-e0"/>
      </object_component>
      <object_component id="oc-529">
         <name>.text:__TI_ltoa</name>
         <load_address>0xaa0a</load_address>
         <run_address>0xaa0a</run_address>
         <size>0x54</size>
         <input_file_ref idref="fl-fc"/>
      </object_component>
      <object_component id="oc-52f">
         <name>.text:_ecpy</name>
         <load_address>0xaa5e</load_address>
         <run_address>0xaa5e</run_address>
         <size>0x52</size>
         <input_file_ref idref="fl-e0"/>
      </object_component>
      <object_component id="oc-57f">
         <name>.text:__TI_doflush</name>
         <load_address>0xaab0</load_address>
         <run_address>0xaab0</run_address>
         <size>0x4c</size>
         <input_file_ref idref="fl-10a"/>
      </object_component>
      <object_component id="oc-4a4">
         <name>.text:atoi</name>
         <load_address>0xaafc</load_address>
         <run_address>0xaafc</run_address>
         <size>0x4c</size>
         <input_file_ref idref="fl-fd"/>
      </object_component>
      <object_component id="oc-1ac">
         <name>.text:exit</name>
         <load_address>0xab48</load_address>
         <run_address>0xab48</run_address>
         <size>0x48</size>
         <input_file_ref idref="fl-fa"/>
      </object_component>
      <object_component id="oc-524">
         <name>.text</name>
         <load_address>0xab90</load_address>
         <run_address>0xab90</run_address>
         <size>0x48</size>
         <input_file_ref idref="fl-ee"/>
      </object_component>
      <object_component id="oc-612">
         <name>.text:HOSTclose</name>
         <load_address>0xabd8</load_address>
         <run_address>0xabd8</run_address>
         <size>0x44</size>
         <input_file_ref idref="fl-113"/>
      </object_component>
      <object_component id="oc-62a">
         <name>.text:HOSTunlink</name>
         <load_address>0xac1c</load_address>
         <run_address>0xac1c</run_address>
         <size>0x44</size>
         <input_file_ref idref="fl-118"/>
      </object_component>
      <object_component id="oc-1b2">
         <name>.text:__TI_auto_init_nobinit_nopinit:__TI_auto_init_nobinit_nopinit</name>
         <load_address>0xac60</load_address>
         <run_address>0xac60</run_address>
         <size>0x44</size>
         <input_file_ref idref="fl-10f"/>
      </object_component>
      <object_component id="oc-671">
         <name>.text:getdevice</name>
         <load_address>0xaca4</load_address>
         <run_address>0xaca4</run_address>
         <size>0x44</size>
         <input_file_ref idref="fl-11e"/>
      </object_component>
      <object_component id="oc-241">
         <name>.text</name>
         <load_address>0xace8</load_address>
         <run_address>0xace8</run_address>
         <size>0x40</size>
         <input_file_ref idref="fl-f4"/>
      </object_component>
      <object_component id="oc-2fc">
         <name>.text:sprintf</name>
         <load_address>0xad28</load_address>
         <run_address>0xad28</run_address>
         <size>0x40</size>
         <input_file_ref idref="fl-e1"/>
      </object_component>
      <object_component id="oc-542">
         <name>.text:_fcpy</name>
         <load_address>0xad68</load_address>
         <run_address>0xad68</run_address>
         <size>0x3e</size>
         <input_file_ref idref="fl-e0"/>
      </object_component>
      <object_component id="oc-64d">
         <name>.text:__TI_writemsg</name>
         <load_address>0xada8</load_address>
         <run_address>0xada8</run_address>
         <size>0x38</size>
         <input_file_ref idref="fl-11a"/>
      </object_component>
      <object_component id="oc-2db">
         <name>.text</name>
         <load_address>0xade0</load_address>
         <run_address>0xade0</run_address>
         <size>0x38</size>
         <input_file_ref idref="fl-f0"/>
      </object_component>
      <object_component id="oc-693">
         <name>.text:strncpy</name>
         <load_address>0xae18</load_address>
         <run_address>0xae18</run_address>
         <size>0x36</size>
         <input_file_ref idref="fl-121"/>
      </object_component>
      <object_component id="oc-5d7">
         <name>.text:__TI_cleanup</name>
         <load_address>0xae50</load_address>
         <run_address>0xae50</run_address>
         <size>0x34</size>
         <input_file_ref idref="fl-10b"/>
      </object_component>
      <object_component id="oc-653">
         <name>.text:__TI_readmsg</name>
         <load_address>0xae84</load_address>
         <run_address>0xae84</run_address>
         <size>0x34</size>
         <input_file_ref idref="fl-11a"/>
      </object_component>
      <object_component id="oc-58">
         <name>.text:_c_int00_noargs:_c_int00_noargs</name>
         <load_address>0xaeb8</load_address>
         <run_address>0xaeb8</run_address>
         <size>0x34</size>
         <input_file_ref idref="fl-107"/>
      </object_component>
      <object_component id="oc-2ad">
         <name>.text:rand</name>
         <load_address>0xaeec</load_address>
         <run_address>0xaeec</run_address>
         <size>0x34</size>
         <input_file_ref idref="fl-103"/>
      </object_component>
      <object_component id="oc-699">
         <name>.text:finddevice</name>
         <load_address>0xaf20</load_address>
         <run_address>0xaf20</run_address>
         <size>0x30</size>
         <input_file_ref idref="fl-11e"/>
      </object_component>
      <object_component id="oc-3cc">
         <name>.text</name>
         <load_address>0xaf50</load_address>
         <run_address>0xaf50</run_address>
         <size>0x2e</size>
         <input_file_ref idref="fl-f1"/>
      </object_component>
      <object_component id="oc-642">
         <name>.text:unlink</name>
         <load_address>0xaf80</load_address>
         <run_address>0xaf80</run_address>
         <size>0x2c</size>
         <input_file_ref idref="fl-124"/>
      </object_component>
      <object_component id="oc-385">
         <name>.text:free_list_insert</name>
         <load_address>0xafac</load_address>
         <run_address>0xafac</run_address>
         <size>0x28</size>
         <input_file_ref idref="fl-102"/>
      </object_component>
      <object_component id="oc-5cf">
         <name>.text:lseek</name>
         <load_address>0xafd4</load_address>
         <run_address>0xafd4</run_address>
         <size>0x28</size>
         <input_file_ref idref="fl-11c"/>
      </object_component>
      <object_component id="oc-585">
         <name>.text:write</name>
         <load_address>0xaffc</load_address>
         <run_address>0xaffc</run_address>
         <size>0x28</size>
         <input_file_ref idref="fl-108"/>
      </object_component>
      <object_component id="oc-579">
         <name>.text:memchr</name>
         <load_address>0xb024</load_address>
         <run_address>0xb024</run_address>
         <size>0x20</size>
         <input_file_ref idref="fl-101"/>
      </object_component>
      <object_component id="oc-2e5">
         <name>.text</name>
         <load_address>0xb044</load_address>
         <run_address>0xb044</run_address>
         <size>0x20</size>
         <input_file_ref idref="fl-f3"/>
      </object_component>
      <object_component id="oc-37f">
         <name>.text:free_list_remove</name>
         <load_address>0xb064</load_address>
         <run_address>0xb064</run_address>
         <size>0x1c</size>
         <input_file_ref idref="fl-102"/>
      </object_component>
      <object_component id="oc-4c8">
         <name>.text:memccpy</name>
         <load_address>0xb080</load_address>
         <run_address>0xb080</run_address>
         <size>0x1c</size>
         <input_file_ref idref="fl-100"/>
      </object_component>
      <object_component id="oc-48a">
         <name>.text:copysign</name>
         <load_address>0xb09c</load_address>
         <run_address>0xb09c</run_address>
         <size>0x1a</size>
         <input_file_ref idref="fl-10d"/>
      </object_component>
      <object_component id="oc-409">
         <name>.text:_outs</name>
         <load_address>0xb0b6</load_address>
         <run_address>0xb0b6</run_address>
         <size>0x18</size>
         <input_file_ref idref="fl-e1"/>
      </object_component>
      <object_component id="oc-6b0">
         <name>.text:strcmp</name>
         <load_address>0xb0ce</load_address>
         <run_address>0xb0ce</run_address>
         <size>0x18</size>
         <input_file_ref idref="fl-11f"/>
      </object_component>
      <object_component id="oc-550">
         <name>.text:strchr</name>
         <load_address>0xb0e6</load_address>
         <run_address>0xb0e6</run_address>
         <size>0x16</size>
         <input_file_ref idref="fl-104"/>
      </object_component>
      <object_component id="oc-667">
         <name>.text:strcpy</name>
         <load_address>0xb0fc</load_address>
         <run_address>0xb0fc</run_address>
         <size>0x14</size>
         <input_file_ref idref="fl-120"/>
      </object_component>
      <object_component id="oc-49e">
         <name>.text:strlen</name>
         <load_address>0xb110</load_address>
         <run_address>0xb110</run_address>
         <size>0x14</size>
         <input_file_ref idref="fl-105"/>
      </object_component>
      <object_component id="oc-4ce">
         <name>.text:wcslen</name>
         <load_address>0xb124</load_address>
         <run_address>0xb124</run_address>
         <size>0x12</size>
         <input_file_ref idref="fl-e9"/>
      </object_component>
      <object_component id="oc-1d">
         <name>.text:decompress:none:__TI_decompress_none</name>
         <load_address>0xb136</load_address>
         <run_address>0xb136</run_address>
         <size>0xe</size>
         <input_file_ref idref="fl-f8"/>
      </object_component>
      <object_component id="oc-6a">
         <name>.text</name>
         <load_address>0xb144</load_address>
         <run_address>0xb144</run_address>
         <size>0xe</size>
         <input_file_ref idref="fl-19"/>
      </object_component>
      <object_component id="oc-4c">
         <name>.text:decompress:ZI:__TI_zero_init</name>
         <load_address>0xb152</load_address>
         <run_address>0xb152</run_address>
         <size>0xc</size>
         <input_file_ref idref="fl-f7"/>
      </object_component>
      <object_component id="oc-40f">
         <name>.text:_outc</name>
         <load_address>0xb15e</load_address>
         <run_address>0xb15e</run_address>
         <size>0xa</size>
         <input_file_ref idref="fl-e1"/>
      </object_component>
      <object_component id="oc-3c6">
         <name>.text:__aeabi_errno_addr</name>
         <load_address>0xb168</load_address>
         <run_address>0xb168</run_address>
         <size>0x8</size>
         <input_file_ref idref="fl-106"/>
      </object_component>
      <object_component id="oc-235">
         <name>.text:malloc</name>
         <load_address>0xb170</load_address>
         <run_address>0xb170</run_address>
         <size>0x8</size>
         <input_file_ref idref="fl-102"/>
      </object_component>
      <object_component id="oc-3fc">
         <name>.text:_outc</name>
         <load_address>0xb178</load_address>
         <run_address>0xb178</run_address>
         <size>0x4</size>
         <input_file_ref idref="fl-df"/>
      </object_component>
      <object_component id="oc-3f6">
         <name>.text:_outs</name>
         <load_address>0xb17c</load_address>
         <run_address>0xb17c</run_address>
         <size>0x4</size>
         <input_file_ref idref="fl-df"/>
      </object_component>
      <object_component id="oc-ab">
         <name>.text:_system_pre_init</name>
         <load_address>0xb180</load_address>
         <run_address>0xb180</run_address>
         <size>0x4</size>
         <input_file_ref idref="fl-110"/>
      </object_component>
      <object_component id="oc-1a6">
         <name>.text:abort:abort</name>
         <load_address>0xb184</load_address>
         <run_address>0xb184</run_address>
         <size>0x4</size>
         <input_file_ref idref="fl-fa"/>
      </object_component>
      <object_component id="oc-19d">
         <name>.const:.string:clearScreenBitmaps</name>
         <load_address>0xb188</load_address>
         <run_address>0xb188</run_address>
         <size>0x8c4</size>
         <input_file_ref idref="fl-c"/>
      </object_component>
      <object_component id="oc-2bb">
         <name>.const:.string:gameOverBitmaps</name>
         <load_address>0xba4c</load_address>
         <run_address>0xba4c</run_address>
         <size>0x8c4</size>
         <input_file_ref idref="fl-2"/>
      </object_component>
      <object_component id="oc-19a">
         <name>.const:.string:titleScreenBitmaps</name>
         <load_address>0xc310</load_address>
         <run_address>0xc310</run_address>
         <size>0x8c4</size>
         <input_file_ref idref="fl-1b"/>
      </object_component>
      <object_component id="oc-2c1">
         <name>.const:.string:level1Bitmaps</name>
         <load_address>0xcbd4</load_address>
         <run_address>0xcbd4</run_address>
         <size>0x132</size>
         <input_file_ref idref="fl-11"/>
      </object_component>
      <object_component id="oc-2c7">
         <name>.const:.string:level2Bitmaps</name>
         <load_address>0xcd06</load_address>
         <run_address>0xcd06</run_address>
         <size>0x132</size>
         <input_file_ref idref="fl-12"/>
      </object_component>
      <object_component id="oc-2ca">
         <name>.const:.string:level3Bitmaps</name>
         <load_address>0xce38</load_address>
         <run_address>0xce38</run_address>
         <size>0x132</size>
         <input_file_ref idref="fl-13"/>
      </object_component>
      <object_component id="oc-2cd">
         <name>.const:.string:level4Bitmaps</name>
         <load_address>0xcf6a</load_address>
         <run_address>0xcf6a</run_address>
         <size>0x132</size>
         <input_file_ref idref="fl-14"/>
      </object_component>
      <object_component id="oc-2d0">
         <name>.const:.string:level5Bitmaps</name>
         <load_address>0xd09c</load_address>
         <run_address>0xd09c</run_address>
         <size>0x132</size>
         <input_file_ref idref="fl-15"/>
      </object_component>
      <object_component id="oc-519">
         <name>.const:.string:_ctypes_</name>
         <load_address>0xd1ce</load_address>
         <run_address>0xd1ce</run_address>
         <size>0x101</size>
         <input_file_ref idref="fl-fe"/>
      </object_component>
      <object_component id="oc-306">
         <name>.const:.string:ghostBitmaps</name>
         <load_address>0xd2cf</load_address>
         <run_address>0xd2cf</run_address>
         <size>0x70</size>
         <input_file_ref idref="fl-f"/>
      </object_component>
      <object_component id="oc-2b7">
         <name>.const:.string:enemyBitmaps</name>
         <load_address>0xd33f</load_address>
         <run_address>0xd33f</run_address>
         <size>0x3c</size>
         <input_file_ref idref="fl-e"/>
      </object_component>
      <object_component id="oc-213">
         <name>.const</name>
         <load_address>0xd37c</load_address>
         <run_address>0xd37c</run_address>
         <size>0x4</size>
         <input_file_ref idref="fl-22"/>
      </object_component>
      <object_component id="oc-3d1">
         <name>.const:$O1$$</name>
         <load_address>0xd380</load_address>
         <run_address>0xd380</run_address>
         <size>0x30</size>
         <input_file_ref idref="fl-e5"/>
      </object_component>
      <object_component id="oc-cd">
         <name>.const</name>
         <load_address>0xd3b0</load_address>
         <run_address>0xd3b0</run_address>
         <size>0x8</size>
         <input_file_ref idref="fl-24"/>
      </object_component>
      <object_component id="oc-2b4">
         <name>.const</name>
         <load_address>0xd3b8</load_address>
         <run_address>0xd3b8</run_address>
         <size>0x2</size>
         <input_file_ref idref="fl-e"/>
      </object_component>
      <object_component id="oc-303">
         <name>.const</name>
         <load_address>0xd3ba</load_address>
         <run_address>0xd3ba</run_address>
         <size>0x2</size>
         <input_file_ref idref="fl-f"/>
      </object_component>
      <object_component id="oc-2be">
         <name>.const</name>
         <load_address>0xd3bc</load_address>
         <run_address>0xd3bc</run_address>
         <size>0x2</size>
         <input_file_ref idref="fl-11"/>
      </object_component>
      <object_component id="oc-2c4">
         <name>.const</name>
         <load_address>0xd3be</load_address>
         <run_address>0xd3be</run_address>
         <size>0x2</size>
         <input_file_ref idref="fl-12"/>
      </object_component>
      <object_component id="oc-6f0">
         <name>.cinit..data.load</name>
         <load_address>0xd3c0</load_address>
         <run_address>0xd3c0</run_address>
         <size>0x7d</size>
      </object_component>
      <object_component id="oc-6ee">
         <name>__TI_handler_table</name>
         <load_address>0xd440</load_address>
         <run_address>0xd440</run_address>
         <size>0xc</size>
      </object_component>
      <object_component id="oc-6f1">
         <name>.cinit..bss.load</name>
         <load_address>0xd450</load_address>
         <run_address>0xd450</run_address>
         <size>0x8</size>
      </object_component>
      <object_component id="oc-6ef">
         <name>__TI_cinit_table</name>
         <load_address>0xd458</load_address>
         <run_address>0xd458</run_address>
         <size>0x10</size>
      </object_component>
      <object_component id="oc-6c2">
         <name>.binit</name>
         <load_address>0x0</load_address>
         <run_address>0x0</run_address>
         <size>0x0</size>
      </object_component>
      <object_component id="oc-2ab">
         <name>.data</name>
         <load_address>0x20008a92</load_address>
         <run_address>0x20008a92</run_address>
         <size>0x1</size>
         <input_file_ref idref="fl-d"/>
      </object_component>
      <object_component id="oc-f5">
         <name>.data</name>
         <load_address>0x20008a90</load_address>
         <run_address>0x20008a90</run_address>
         <size>0x2</size>
         <input_file_ref idref="fl-18"/>
      </object_component>
      <object_component id="oc-1e4">
         <name>.data</name>
         <load_address>0x20008a8c</load_address>
         <run_address>0x20008a8c</run_address>
         <size>0x4</size>
         <input_file_ref idref="fl-1a"/>
      </object_component>
      <object_component id="oc-342">
         <name>.data</name>
         <load_address>0x20008a1c</load_address>
         <run_address>0x20008a1c</run_address>
         <size>0x18</size>
         <input_file_ref idref="fl-1e"/>
      </object_component>
      <object_component id="oc-ca">
         <name>.data</name>
         <load_address>0x200089e8</load_address>
         <run_address>0x200089e8</run_address>
         <size>0x34</size>
         <input_file_ref idref="fl-22"/>
      </object_component>
      <object_component id="oc-357">
         <name>.data</name>
         <load_address>0x20008a68</load_address>
         <run_address>0x20008a68</run_address>
         <size>0xc</size>
         <input_file_ref idref="fl-23"/>
      </object_component>
      <object_component id="oc-d7">
         <name>.data</name>
         <load_address>0x20008a34</load_address>
         <run_address>0x20008a34</run_address>
         <size>0x18</size>
         <input_file_ref idref="fl-24"/>
      </object_component>
      <object_component id="oc-310">
         <name>.data:$O1$$</name>
         <load_address>0x20008a5c</load_address>
         <run_address>0x20008a5c</run_address>
         <size>0xc</size>
         <input_file_ref idref="fl-fa"/>
      </object_component>
      <object_component id="oc-313">
         <name>.data:$O1$$</name>
         <load_address>0x20008a74</load_address>
         <run_address>0x20008a74</run_address>
         <size>0x8</size>
         <input_file_ref idref="fl-fb"/>
      </object_component>
      <object_component id="oc-3f3">
         <name>.data:_ftable</name>
         <load_address>0x20008830</load_address>
         <run_address>0x20008830</run_address>
         <size>0xf0</size>
         <input_file_ref idref="fl-ff"/>
      </object_component>
      <object_component id="oc-606">
         <name>.data</name>
         <load_address>0x20008a4c</load_address>
         <run_address>0x20008a4c</run_address>
         <size>0x10</size>
         <input_file_ref idref="fl-ff"/>
      </object_component>
      <object_component id="oc-467">
         <name>.data:$O1$$</name>
         <load_address>0x20008a7c</load_address>
         <run_address>0x20008a7c</run_address>
         <size>0x8</size>
         <input_file_ref idref="fl-102"/>
      </object_component>
      <object_component id="oc-39a">
         <name>.data</name>
         <load_address>0x20008a88</load_address>
         <run_address>0x20008a88</run_address>
         <size>0x4</size>
         <input_file_ref idref="fl-103"/>
      </object_component>
      <object_component id="oc-480">
         <name>.data</name>
         <load_address>0x20008a84</load_address>
         <run_address>0x20008a84</run_address>
         <size>0x4</size>
         <input_file_ref idref="fl-106"/>
      </object_component>
      <object_component id="oc-5ea">
         <name>.data:_device</name>
         <load_address>0x20008920</load_address>
         <run_address>0x20008920</run_address>
         <size>0x78</size>
         <input_file_ref idref="fl-109"/>
      </object_component>
      <object_component id="oc-5c0">
         <name>.data:_stream</name>
         <load_address>0x20008998</load_address>
         <run_address>0x20008998</run_address>
         <size>0x50</size>
         <input_file_ref idref="fl-109"/>
      </object_component>
      <object_component id="oc-348">
         <name>.bss:ucHeap</name>
         <uninitialized>true</uninitialized>
         <run_address>0x20000000</run_address>
         <size>0x8000</size>
         <input_file_ref idref="fl-1e"/>
      </object_component>
      <object_component id="oc-345">
         <name>.bss:xStart</name>
         <uninitialized>true</uninitialized>
         <run_address>0x200083d8</run_address>
         <size>0x8</size>
         <input_file_ref idref="fl-1e"/>
      </object_component>
      <object_component id="oc-1fe">
         <name>.bss:pxReadyTasksLists</name>
         <uninitialized>true</uninitialized>
         <run_address>0x20008120</run_address>
         <size>0xc8</size>
         <input_file_ref idref="fl-22"/>
      </object_component>
      <object_component id="oc-216">
         <name>.bss:xDelayedTaskList1</name>
         <uninitialized>true</uninitialized>
         <run_address>0x20008354</run_address>
         <size>0x14</size>
         <input_file_ref idref="fl-22"/>
      </object_component>
      <object_component id="oc-219">
         <name>.bss:xDelayedTaskList2</name>
         <uninitialized>true</uninitialized>
         <run_address>0x20008368</run_address>
         <size>0x14</size>
         <input_file_ref idref="fl-22"/>
      </object_component>
      <object_component id="oc-204">
         <name>.bss</name>
         <uninitialized>true</uninitialized>
         <run_address>0x200083c8</run_address>
         <size>0x8</size>
         <input_file_ref idref="fl-22"/>
      </object_component>
      <object_component id="oc-210">
         <name>.bss:xPendingReadyList</name>
         <uninitialized>true</uninitialized>
         <run_address>0x2000837c</run_address>
         <size>0x14</size>
         <input_file_ref idref="fl-22"/>
      </object_component>
      <object_component id="oc-201">
         <name>.bss:xTasksWaitingTermination</name>
         <uninitialized>true</uninitialized>
         <run_address>0x200083a4</run_address>
         <size>0x14</size>
         <input_file_ref idref="fl-22"/>
      </object_component>
      <object_component id="oc-207">
         <name>.bss:xSuspendedTaskList</name>
         <uninitialized>true</uninitialized>
         <run_address>0x20008390</run_address>
         <size>0x14</size>
         <input_file_ref idref="fl-22"/>
      </object_component>
      <object_component id="oc-35d">
         <name>.bss:xActiveTimerList1</name>
         <uninitialized>true</uninitialized>
         <run_address>0x2000832c</run_address>
         <size>0x14</size>
         <input_file_ref idref="fl-23"/>
      </object_component>
      <object_component id="oc-360">
         <name>.bss:xActiveTimerList2</name>
         <uninitialized>true</uninitialized>
         <run_address>0x20008340</run_address>
         <size>0x14</size>
         <input_file_ref idref="fl-23"/>
      </object_component>
      <object_component id="oc-35a">
         <name>.bss</name>
         <uninitialized>true</uninitialized>
         <run_address>0x200083d0</run_address>
         <size>0x8</size>
         <input_file_ref idref="fl-23"/>
      </object_component>
      <object_component id="oc-67b">
         <name>.bss:_CIOBUF_</name>
         <uninitialized>true</uninitialized>
         <run_address>0x20008000</run_address>
         <size>0x120</size>
         <input_file_ref idref="fl-11a"/>
      </object_component>
      <object_component id="oc-186">
         <name>.common:titleColor</name>
         <uninitialized>true</uninitialized>
         <run_address>0x20008426</run_address>
         <size>0x2</size>
      </object_component>
      <object_component id="oc-12b">
         <name>.common:ACCL_X_DIR</name>
         <uninitialized>true</uninitialized>
         <run_address>0x200083e8</run_address>
         <size>0x4</size>
      </object_component>
      <object_component id="oc-12c">
         <name>.common:ACCL_Y_DIR</name>
         <uninitialized>true</uninitialized>
         <run_address>0x200083ec</run_address>
         <size>0x4</size>
      </object_component>
      <object_component id="oc-104">
         <name>.common:LCD_update_ms</name>
         <uninitialized>true</uninitialized>
         <run_address>0x200083f0</run_address>
         <size>0x4</size>
      </object_component>
      <object_component id="oc-134">
         <name>.common:Queue_Accl</name>
         <uninitialized>true</uninitialized>
         <run_address>0x200083f4</run_address>
         <size>0x4</size>
      </object_component>
      <object_component id="oc-187">
         <name>.common:Task_animate_Handle</name>
         <uninitialized>true</uninitialized>
         <run_address>0x20008410</run_address>
         <size>0x4</size>
      </object_component>
      <object_component id="oc-183">
         <name>.common:charColor</name>
         <uninitialized>true</uninitialized>
         <run_address>0x20008422</run_address>
         <size>0x2</size>
      </object_component>
      <object_component id="oc-184">
         <name>.common:backColor</name>
         <uninitialized>true</uninitialized>
         <run_address>0x20008420</run_address>
         <size>0x2</size>
      </object_component>
      <object_component id="oc-2ba">
         <name>.common:ghostLoc</name>
         <uninitialized>true</uninitialized>
         <run_address>0x200083b8</run_address>
         <size>0x10</size>
      </object_component>
      <object_component id="oc-198">
         <name>.common:enemiesDefeated</name>
         <uninitialized>true</uninitialized>
         <run_address>0x2000841c</run_address>
         <size>0x4</size>
      </object_component>
      <object_component id="oc-2b3">
         <name>.common:enemiesList</name>
         <uninitialized>true</uninitialized>
         <run_address>0x20008288</run_address>
         <size>0x54</size>
      </object_component>
      <object_component id="oc-185">
         <name>.common:lvlColor</name>
         <uninitialized>true</uninitialized>
         <run_address>0x20008424</run_address>
         <size>0x2</size>
      </object_component>
      <object_component id="oc-18f">
         <name>.common:Task_enemy_Handle</name>
         <uninitialized>true</uninitialized>
         <run_address>0x20008414</run_address>
         <size>0x4</size>
      </object_component>
      <object_component id="oc-199">
         <name>.common:Queue_Buzzer</name>
         <uninitialized>true</uninitialized>
         <run_address>0x200083f8</run_address>
         <size>0x4</size>
      </object_component>
      <object_component id="oc-133">
         <name>.common:Sem_LCD</name>
         <uninitialized>true</uninitialized>
         <run_address>0x200083fc</run_address>
         <size>0x4</size>
      </object_component>
      <object_component id="oc-197">
         <name>.common:Sem_UART</name>
         <uninitialized>true</uninitialized>
         <run_address>0x20008400</run_address>
         <size>0x4</size>
      </object_component>
      <object_component id="oc-135">
         <name>.common:Task_Accl_Bottom_Half_Handle</name>
         <uninitialized>true</uninitialized>
         <run_address>0x20008404</run_address>
         <size>0x4</size>
      </object_component>
      <object_component id="oc-18e">
         <name>.common:Task_Accl_Timer_Handle</name>
         <uninitialized>true</uninitialized>
         <run_address>0x20008408</run_address>
         <size>0x4</size>
      </object_component>
      <object_component id="oc-190">
         <name>.common:Task_LIGHT_Handle</name>
         <uninitialized>true</uninitialized>
         <run_address>0x2000840c</run_address>
         <size>0x4</size>
      </object_component>
      <object_component id="oc-f4">
         <name>.common:Rx_String</name>
         <uninitialized>true</uninitialized>
         <run_address>0x200082dc</run_address>
         <size>0x50</size>
      </object_component>
      <object_component id="oc-f8">
         <name>.common:ALERT_STRING</name>
         <uninitialized>true</uninitialized>
         <run_address>0x20008428</run_address>
         <size>0x1</size>
      </object_component>
      <object_component id="oc-f1">
         <name>.common:Tx_Buffer</name>
         <uninitialized>true</uninitialized>
         <run_address>0x20008418</run_address>
         <size>0x4</size>
      </object_component>
      <object_component id="oc-648">
         <name>.common:__TI_tmpnams</name>
         <uninitialized>true</uninitialized>
         <run_address>0x200081e8</run_address>
         <size>0xa0</size>
      </object_component>
      <object_component id="oc-659">
         <name>.common:parmbuf</name>
         <uninitialized>true</uninitialized>
         <run_address>0x200083e0</run_address>
         <size>0x8</size>
      </object_component>
      <object_component id="oc-29">
         <name>.sysmem</name>
         <uninitialized>true</uninitialized>
         <run_address>0x20008430</run_address>
         <size>0x10</size>
         <input_file_ref idref="fl-102"/>
      </object_component>
      <object_component id="oc-6f4">
         <name>.sysmem</name>
         <uninitialized>true</uninitialized>
         <run_address>0x20008430</run_address>
         <size>0x0</size>
      </object_component>
      <object_component id="oc-2c">
         <name>.stack</name>
         <uninitialized>true</uninitialized>
         <run_address>0x2000fe00</run_address>
         <size>0x4</size>
         <input_file_ref idref="fl-107"/>
      </object_component>
      <object_component id="oc-6f3">
         <name>.stack</name>
         <uninitialized>true</uninitialized>
         <run_address>0x2000fe00</run_address>
         <size>0x0</size>
      </object_component>
      <object_component id="oc-105">
         <name>.debug_info</name>
         <load_address>0x0</load_address>
         <run_address>0x0</run_address>
         <size>0x7e1</size>
         <input_file_ref idref="fl-2"/>
      </object_component>
      <object_component id="oc-2bc">
         <name>.debug_info</name>
         <load_address>0x7e1</load_address>
         <run_address>0x7e1</run_address>
         <size>0xe2</size>
         <input_file_ref idref="fl-2"/>
      </object_component>
      <object_component id="oc-137">
         <name>.debug_info</name>
         <load_address>0x8c3</load_address>
         <run_address>0x8c3</run_address>
         <size>0xf8</size>
         <input_file_ref idref="fl-2"/>
      </object_component>
      <object_component id="oc-1a1">
         <name>.debug_info</name>
         <load_address>0x9bb</load_address>
         <run_address>0x9bb</run_address>
         <size>0x315</size>
         <input_file_ref idref="fl-2"/>
      </object_component>
      <object_component id="oc-24e">
         <name>.debug_info</name>
         <load_address>0xcd0</load_address>
         <run_address>0xcd0</run_address>
         <size>0x86</size>
         <input_file_ref idref="fl-2"/>
      </object_component>
      <object_component id="oc-253">
         <name>.debug_info</name>
         <load_address>0xd56</load_address>
         <run_address>0xd56</run_address>
         <size>0xc2</size>
         <input_file_ref idref="fl-2"/>
      </object_component>
      <object_component id="oc-13e">
         <name>.debug_info</name>
         <load_address>0xe18</load_address>
         <run_address>0xe18</run_address>
         <size>0x26b</size>
         <input_file_ref idref="fl-2"/>
      </object_component>
      <object_component id="oc-258">
         <name>.debug_info</name>
         <load_address>0x1083</load_address>
         <run_address>0x1083</run_address>
         <size>0x1055</size>
         <input_file_ref idref="fl-2"/>
      </object_component>
      <object_component id="oc-ff">
         <name>.debug_info</name>
         <load_address>0x20d8</load_address>
         <run_address>0x20d8</run_address>
         <size>0x37e2</size>
         <input_file_ref idref="fl-2"/>
      </object_component>
      <object_component id="oc-249">
         <name>.debug_info</name>
         <load_address>0x58ba</load_address>
         <run_address>0x58ba</run_address>
         <size>0x86</size>
         <input_file_ref idref="fl-2"/>
      </object_component>
      <object_component id="oc-26c">
         <name>.debug_info</name>
         <load_address>0x5940</load_address>
         <run_address>0x5940</run_address>
         <size>0x48b</size>
         <input_file_ref idref="fl-2"/>
      </object_component>
      <object_component id="oc-25d">
         <name>.debug_info</name>
         <load_address>0x5dcb</load_address>
         <run_address>0x5dcb</run_address>
         <size>0x4f</size>
         <input_file_ref idref="fl-2"/>
      </object_component>
      <object_component id="oc-271">
         <name>.debug_info</name>
         <load_address>0x5e1a</load_address>
         <run_address>0x5e1a</run_address>
         <size>0x2c</size>
         <input_file_ref idref="fl-2"/>
      </object_component>
      <object_component id="oc-35">
         <name>.debug_info</name>
         <load_address>0x5e46</load_address>
         <run_address>0x5e46</run_address>
         <size>0x84</size>
         <input_file_ref idref="fl-2"/>
      </object_component>
      <object_component id="oc-dc">
         <name>.debug_info</name>
         <load_address>0x5eca</load_address>
         <run_address>0x5eca</run_address>
         <size>0x2c</size>
         <input_file_ref idref="fl-2"/>
      </object_component>
      <object_component id="oc-230">
         <name>.debug_info</name>
         <load_address>0x5ef6</load_address>
         <run_address>0x5ef6</run_address>
         <size>0x2a4</size>
         <input_file_ref idref="fl-2"/>
      </object_component>
      <object_component id="oc-e6">
         <name>.debug_info</name>
         <load_address>0x619a</load_address>
         <run_address>0x619a</run_address>
         <size>0xbb</size>
         <input_file_ref idref="fl-2"/>
      </object_component>
      <object_component id="oc-e1">
         <name>.debug_info</name>
         <load_address>0x6255</load_address>
         <run_address>0x6255</run_address>
         <size>0x53</size>
         <input_file_ref idref="fl-2"/>
      </object_component>
      <object_component id="oc-262">
         <name>.debug_info</name>
         <load_address>0x62a8</load_address>
         <run_address>0x62a8</run_address>
         <size>0xcc</size>
         <input_file_ref idref="fl-2"/>
      </object_component>
      <object_component id="oc-404">
         <name>.debug_info</name>
         <load_address>0x6374</load_address>
         <run_address>0x6374</run_address>
         <size>0x2c</size>
         <input_file_ref idref="fl-2"/>
      </object_component>
      <object_component id="oc-267">
         <name>.debug_info</name>
         <load_address>0x63a0</load_address>
         <run_address>0x63a0</run_address>
         <size>0x35</size>
         <input_file_ref idref="fl-2"/>
      </object_component>
      <object_component id="oc-226">
         <name>.debug_info</name>
         <load_address>0x63d5</load_address>
         <run_address>0x63d5</run_address>
         <size>0x14c</size>
         <input_file_ref idref="fl-2"/>
      </object_component>
      <object_component id="oc-107">
         <name>.debug_info</name>
         <load_address>0x6521</load_address>
         <run_address>0x6521</run_address>
         <size>0x96c</size>
         <input_file_ref idref="fl-3"/>
      </object_component>
      <object_component id="oc-161">
         <name>.debug_info</name>
         <load_address>0x6e8d</load_address>
         <run_address>0x6e8d</run_address>
         <size>0xa9a</size>
         <input_file_ref idref="fl-3"/>
      </object_component>
      <object_component id="oc-109">
         <name>.debug_info</name>
         <load_address>0x7927</load_address>
         <run_address>0x7927</run_address>
         <size>0xb17</size>
         <input_file_ref idref="fl-4"/>
      </object_component>
      <object_component id="oc-82">
         <name>.debug_info</name>
         <load_address>0x843e</load_address>
         <run_address>0x843e</run_address>
         <size>0x4af</size>
         <input_file_ref idref="fl-4"/>
      </object_component>
      <object_component id="oc-10b">
         <name>.debug_info</name>
         <load_address>0x88ed</load_address>
         <run_address>0x88ed</run_address>
         <size>0xb91</size>
         <input_file_ref idref="fl-5"/>
      </object_component>
      <object_component id="oc-18b">
         <name>.debug_info</name>
         <load_address>0x947e</load_address>
         <run_address>0x947e</run_address>
         <size>0x2a4</size>
         <input_file_ref idref="fl-5"/>
      </object_component>
      <object_component id="oc-fa">
         <name>.debug_info</name>
         <load_address>0x9722</load_address>
         <run_address>0x9722</run_address>
         <size>0x8b</size>
         <input_file_ref idref="fl-5"/>
      </object_component>
      <object_component id="oc-10d">
         <name>.debug_info</name>
         <load_address>0x97ad</load_address>
         <run_address>0x97ad</run_address>
         <size>0xa38</size>
         <input_file_ref idref="fl-6"/>
      </object_component>
      <object_component id="oc-10f">
         <name>.debug_info</name>
         <load_address>0xa1e5</load_address>
         <run_address>0xa1e5</run_address>
         <size>0xd4e</size>
         <input_file_ref idref="fl-7"/>
      </object_component>
      <object_component id="oc-16d">
         <name>.debug_info</name>
         <load_address>0xaf33</load_address>
         <run_address>0xaf33</run_address>
         <size>0x39b</size>
         <input_file_ref idref="fl-7"/>
      </object_component>
      <object_component id="oc-111">
         <name>.debug_info</name>
         <load_address>0xb2ce</load_address>
         <run_address>0xb2ce</run_address>
         <size>0x9f7</size>
[...]
         <object_component_ref idref="oc-3bb"/>
      </symbol>
      <symbol id="sm-ecb">
         <name>__aeabi_dmul</name>
         <value>0x9b11</value>
         <object_component_ref idref="oc-2e0"/>
      </symbol>
      <symbol id="sm-ed5">
         <name>__aeabi_d2iz</name>
         <value>0xab91</value>
         <object_component_ref idref="oc-524"/>
      </symbol>
      <symbol id="sm-ee1">
         <name>__aeabi_d2f</name>
         <value>0xa50b</value>
         <object_component_ref idref="oc-2f0"/>
      </symbol>
      <symbol id="sm-eec">
         <name>__aeabi_f2d</name>
         <value>0xade1</value>
         <object_component_ref idref="oc-2db"/>
      </symbol>
      <symbol id="sm-ef6">
         <name>__aeabi_i2d</name>
         <value>0xaf51</value>
         <object_component_ref idref="oc-3cc"/>
      </symbol>
      <symbol id="sm-f11">
         <name>memcpy</name>
         <value>0xa0ff</value>
         <object_component_ref idref="oc-3a"/>
      </symbol>
      <symbol id="sm-f12">
         <name>__aeabi_memcpy</name>
         <value>0xa0ff</value>
         <object_component_ref idref="oc-3a"/>
      </symbol>
      <symbol id="sm-f13">
         <name>__aeabi_memcpy8</name>
         <value>0xa0ff</value>
         <object_component_ref idref="oc-3a"/>
      </symbol>
      <symbol id="sm-f14">
         <name>__aeabi_memcpy4</name>
         <value>0xa0ff</value>
         <object_component_ref idref="oc-3a"/>
      </symbol>
      <symbol id="sm-f1e">
         <name>__aeabi_ui2d</name>
         <value>0xb045</value>
         <object_component_ref idref="oc-2e5"/>
      </symbol>
      <symbol id="sm-f2d">
         <name>__aeabi_uidivmod</name>
         <value>0xace9</value>
         <object_component_ref idref="oc-241"/>
      </symbol>
      <symbol id="sm-f2e">
         <name>__aeabi_uidiv</name>
         <value>0xace9</value>
         <object_component_ref idref="oc-241"/>
      </symbol>
      <symbol id="sm-f3b">
         <name>__aeabi_uldivmod</name>
         <value>0xa19b</value>
         <object_component_ref idref="oc-51e"/>
      </symbol>
      <symbol id="sm-f4a">
         <name>__aeabi_memset</name>
         <value>0xa33f</value>
         <object_component_ref idref="oc-a5"/>
      </symbol>
      <symbol id="sm-f4b">
         <name>memset</name>
         <value>0xa345</value>
         <object_component_ref idref="oc-a5"/>
      </symbol>
      <symbol id="sm-f4c">
         <name>__aeabi_memset8</name>
         <value>0xa33f</value>
         <object_component_ref idref="oc-a5"/>
      </symbol>
      <symbol id="sm-f4d">
         <name>__aeabi_memset4</name>
         <value>0xa33f</value>
         <object_component_ref idref="oc-a5"/>
      </symbol>
      <symbol id="sm-f4e">
         <name>__aeabi_memclr8</name>
         <value>0xa33d</value>
         <object_component_ref idref="oc-a5"/>
      </symbol>
      <symbol id="sm-f4f">
         <name>__aeabi_memclr4</name>
         <value>0xa33d</value>
         <object_component_ref idref="oc-a5"/>
      </symbol>
      <symbol id="sm-f50">
         <name>__aeabi_memclr</name>
         <value>0xa33d</value>
         <object_component_ref idref="oc-a5"/>
      </symbol>
      <symbol id="sm-f62">
         <name>__TI_zero_init</name>
         <value>0xb153</value>
         <object_component_ref idref="oc-4c"/>
      </symbol>
      <symbol id="sm-f79">
         <name>__TI_decompress_none</name>
         <value>0xb137</value>
         <object_component_ref idref="oc-1d"/>
      </symbol>
      <symbol id="sm-f9c">
         <name>__TI_decompress_lzss</name>
         <value>0xa64d</value>
         <object_component_ref idref="oc-17"/>
      </symbol>
      <symbol id="sm-fc2">
         <name>C$$EXIT</name>
         <value>0xb185</value>
         <object_component_ref idref="oc-1a6"/>
      </symbol>
      <symbol id="sm-fc3">
         <name>abort</name>
         <value>0xb185</value>
         <object_component_ref idref="oc-1a6"/>
      </symbol>
      <symbol id="sm-fc4">
         <name>__TI_dtors_ptr</name>
         <value>0x20008a60</value>
         <object_component_ref idref="oc-310"/>
      </symbol>
      <symbol id="sm-fc5">
         <name>__TI_cleanup_ptr</name>
         <value>0x20008a5c</value>
         <object_component_ref idref="oc-310"/>
      </symbol>
      <symbol id="sm-fc6">
         <name>__TI_enable_exit_profile_output</name>
         <value>0x20008a64</value>
         <object_component_ref idref="oc-310"/>
      </symbol>
      <symbol id="sm-fc7">
         <name>exit</name>
         <value>0xab49</value>
         <object_component_ref idref="oc-1ac"/>
      </symbol>
      <symbol id="sm-fdc">
         <name>_nop</name>
         <value>0x4453</value>
         <object_component_ref idref="oc-41d"/>
      </symbol>
      <symbol id="sm-fdd">
         <name>_lock</name>
         <value>0x20008a74</value>
         <object_component_ref idref="oc-313"/>
      </symbol>
      <symbol id="sm-fde">
         <name>_unlock</name>
         <value>0x20008a78</value>
         <object_component_ref idref="oc-313"/>
      </symbol>
      <symbol id="sm-fed">
         <name>__TI_ltoa</name>
         <value>0xaa0b</value>
         <object_component_ref idref="oc-529"/>
      </symbol>
      <symbol id="sm-1003">
         <name>atoi</name>
         <value>0xaafd</value>
         <object_component_ref idref="oc-4a4"/>
      </symbol>
      <symbol id="sm-100e">
         <name>_ctypes_</name>
         <value>0xd1ce</value>
         <object_component_ref idref="oc-519"/>
      </symbol>
      <symbol id="sm-1023">
         <name>__TI_tmpnams</name>
         <value>0x200081e8</value>
      </symbol>
      <symbol id="sm-1024">
         <name>__aeabi_stdout</name>
         <value>0x20008a54</value>
         <object_component_ref idref="oc-606"/>
      </symbol>
      <symbol id="sm-1025">
         <name>__aeabi_stderr</name>
         <value>0x20008a58</value>
         <object_component_ref idref="oc-606"/>
      </symbol>
      <symbol id="sm-1026">
         <name>__aeabi_stdin</name>
         <value>0x20008a50</value>
         <object_component_ref idref="oc-606"/>
      </symbol>
      <symbol id="sm-1027">
         <name>_ftable</name>
         <value>0x20008830</value>
         <object_component_ref idref="oc-3f3"/>
      </symbol>
      <symbol id="sm-1028">
         <name>__TI_ft_end</name>
         <value>0x20008a4c</value>
         <object_component_ref idref="oc-606"/>
      </symbol>
      <symbol id="sm-1038">
         <name>memccpy</name>
         <value>0xb081</value>
         <object_component_ref idref="oc-4c8"/>
      </symbol>
      <symbol id="sm-1048">
         <name>memchr</name>
         <value>0xb025</value>
         <object_component_ref idref="oc-579"/>
      </symbol>
      <symbol id="sm-10d1">
         <name>_sys_memory</name>
         <value>0x20008430</value>
         <object_component_ref idref="oc-29"/>
      </symbol>
      <symbol id="sm-10d2">
         <name>free</name>
         <value>0x9c0d</value>
         <object_component_ref idref="oc-23b"/>
      </symbol>
      <symbol id="sm-10d3">
         <name>memalign</name>
         <value>0x9a11</value>
         <object_component_ref idref="oc-378"/>
      </symbol>
      <symbol id="sm-10d4">
         <name>malloc</name>
         <value>0xb171</value>
         <object_component_ref idref="oc-235"/>
      </symbol>
      <symbol id="sm-10d5">
         <name>aligned_alloc</name>
         <value>0x9a11</value>
         <object_component_ref idref="oc-378"/>
      </symbol>
      <symbol id="sm-10eb">
         <name>rand</name>
         <value>0xaeed</value>
         <object_component_ref idref="oc-2ad"/>
      </symbol>
      <symbol id="sm-10fb">
         <name>strchr</name>
         <value>0xb0e7</value>
         <object_component_ref idref="oc-550"/>
      </symbol>
      <symbol id="sm-1109">
         <name>strlen</name>
         <value>0xb111</value>
         <object_component_ref idref="oc-49e"/>
      </symbol>
      <symbol id="sm-111f">
         <name>__aeabi_errno_addr</name>
         <value>0xb169</value>
         <object_component_ref idref="oc-3c6"/>
      </symbol>
      <symbol id="sm-1120">
         <name>errno</name>
         <value>0x20008a84</value>
         <object_component_ref idref="oc-480"/>
      </symbol>
      <symbol id="sm-1133">
         <name>__stack</name>
         <value>0x2000fe00</value>
         <object_component_ref idref="oc-2c"/>
      </symbol>
      <symbol id="sm-1134">
         <name>_c_int00_noargs</name>
         <value>0xaeb9</value>
         <object_component_ref idref="oc-58"/>
      </symbol>
      <symbol id="sm-114e">
         <name>write</name>
         <value>0xaffd</value>
         <object_component_ref idref="oc-585"/>
      </symbol>
      <symbol id="sm-115f">
         <name>_stream</name>
         <value>0x20008998</value>
         <object_component_ref idref="oc-5c0"/>
      </symbol>
      <symbol id="sm-1160">
         <name>_device</name>
         <value>0x20008920</value>
         <object_component_ref idref="oc-5ea"/>
      </symbol>
      <symbol id="sm-1170">
         <name>__TI_doflush</name>
         <value>0xaab1</value>
         <object_component_ref idref="oc-57f"/>
      </symbol>
      <symbol id="sm-1180">
         <name>__TI_cleanup</name>
         <value>0xae51</value>
         <object_component_ref idref="oc-5d7"/>
      </symbol>
      <symbol id="sm-1192">
         <name>fseek</name>
         <value>0xa781</value>
         <object_component_ref idref="oc-5ae"/>
      </symbol>
      <symbol id="sm-119c">
         <name>copysign</name>
         <value>0xb09d</value>
         <object_component_ref idref="oc-48a"/>
      </symbol>
      <symbol id="sm-119d">
         <name>copysignl</name>
         <value>0xb09d</value>
         <object_component_ref idref="oc-48a"/>
      </symbol>
      <symbol id="sm-11a7">
         <name>__aeabi_idiv0</name>
         <value>0x8cbf</value>
         <object_component_ref idref="oc-38c"/>
      </symbol>
      <symbol id="sm-11a8">
         <name>__aeabi_ldiv0</name>
         <value>0x8cbf</value>
         <object_component_ref idref="oc-38c"/>
      </symbol>
      <symbol id="sm-11d0">
         <name>__TI_auto_init_nobinit_nopinit</name>
         <value>0xac61</value>
         <object_component_ref idref="oc-1b2"/>
      </symbol>
      <symbol id="sm-11da">
         <name>_system_pre_init</name>
         <value>0xb181</value>
         <object_component_ref idref="oc-ab"/>
      </symbol>
      <symbol id="sm-11ed">
         <name>HOSTclose</name>
         <value>0xabd9</value>
         <object_component_ref idref="oc-612"/>
      </symbol>
      <symbol id="sm-11fe">
         <name>HOSTlseek</name>
         <value>0xa5e5</value>
         <object_component_ref idref="oc-624"/>
      </symbol>
      <symbol id="sm-1210">
         <name>parmbuf</name>
         <value>0x200083e0</value>
      </symbol>
      <symbol id="sm-1211">
         <name>HOSTopen</name>
         <value>0xa849</value>
         <object_component_ref idref="oc-60c"/>
      </symbol>
      <symbol id="sm-1222">
         <name>HOSTread</name>
         <value>0xa905</value>
         <object_component_ref idref="oc-618"/>
      </symbol>
      <symbol id="sm-1233">
         <name>HOSTrename</name>
         <value>0xa579</value>
         <object_component_ref idref="oc-630"/>
      </symbol>
      <symbol id="sm-1244">
         <name>HOSTunlink</name>
         <value>0xac1d</value>
         <object_component_ref idref="oc-62a"/>
      </symbol>
      <symbol id="sm-1255">
         <name>HOSTwrite</name>
         <value>0xa95d</value>
         <object_component_ref idref="oc-61e"/>
      </symbol>
      <symbol id="sm-1279">
         <name>__TI_readmsg</name>
         <value>0xae85</value>
         <object_component_ref idref="oc-653"/>
      </symbol>
      <symbol id="sm-127a">
         <name>C$$IO$$</name>
         <value>0xadd7</value>
         <object_component_ref idref="oc-64d"/>
      </symbol>
      <symbol id="sm-127b">
         <name>__CIOBUF_</name>
         <value>0x20008000</value>
         <object_component_ref idref="oc-67b"/>
      </symbol>
      <symbol id="sm-127c">
         <name>__TI_writemsg</name>
         <value>0xada9</value>
         <object_component_ref idref="oc-64d"/>
      </symbol>
      <symbol id="sm-128d">
         <name>lseek</name>
         <value>0xafd5</value>
         <object_component_ref idref="oc-5cf"/>
      </symbol>
      <symbol id="sm-12a2">
         <name>__TI_closefile</name>
         <value>0xa3b9</value>
         <object_component_ref idref="oc-600"/>
      </symbol>
      <symbol id="sm-12c5">
         <name>finddevice</name>
         <value>0xaf21</value>
         <object_component_ref idref="oc-699"/>
      </symbol>
      <symbol id="sm-12c6">
         <name>getdevice</name>
         <value>0xaca5</value>
         <object_component_ref idref="oc-671"/>
      </symbol>
      <symbol id="sm-12d5">
         <name>strcmp</name>
         <value>0xb0cf</value>
         <object_component_ref idref="oc-6b0"/>
      </symbol>
      <symbol id="sm-12e3">
         <name>strcpy</name>
         <value>0xb0fd</value>
         <object_component_ref idref="oc-667"/>
      </symbol>
      <symbol id="sm-12f3">
         <name>strncpy</name>
         <value>0xae19</value>
         <object_component_ref idref="oc-693"/>
      </symbol>
      <symbol id="sm-1308">
         <name>close</name>
         <value>0xa8a9</value>
         <object_component_ref idref="oc-63c"/>
      </symbol>
      <symbol id="sm-1318">
         <name>unlink</name>
         <value>0xaf81</value>
         <object_component_ref idref="oc-642"/>
      </symbol>
      <symbol id="sm-1319">
         <name>__TI_static_base__</name>
         <value>0x0</value>
      </symbol>
      <symbol id="sm-131c">
         <name>__mpu_init</name>
         <value>0x0</value>
      </symbol>
      <symbol id="sm-131d">
         <name>_system_post_cinit</name>
         <value>0x0</value>
      </symbol>
      <symbol id="sm-131e">
         <name>NMI_Handler</name>
         <value>0xb151</value>
      </symbol>
      <symbol id="sm-131f">
         <name>HardFault_Handler</name>
         <value>0xb151</value>
      </symbol>
      <symbol id="sm-1320">
         <name>MemManage_Handler</name>
         <value>0xb151</value>
      </symbol>
      <symbol id="sm-1321">
         <name>BusFault_Handler</name>
         <value>0xb151</value>
      </symbol>
      <symbol id="sm-1322">
         <name>UsageFault_Handler</name>
         <value>0xb151</value>
      </symbol>
      <symbol id="sm-1323">
         <name>SVC_Handler</name>
         <value>0xb151</value>
      </symbol>
      <symbol id="sm-1324">
         <name>DebugMon_Handler</name>
         <value>0xb151</value>
      </symbol>
      <symbol id="sm-1325">
         <name>PendSV_Handler</name>
         <value>0xb151</value>
      </symbol>
      <symbol id="sm-1326">
         <name>SysTick_Handler</name>
         <value>0xb151</value>
      </symbol>
      <symbol id="sm-1327">
         <name>PSS_IRQHandler</name>
         <value>0xb151</value>
      </symbol>
      <symbol id="sm-1328">
         <name>CS_IRQHandler</name>
         <value>0xb151</value>
      </symbol>
      <symbol id="sm-1329">
         <name>PCM_IRQHandler</name>
         <value>0xb151</value>
      </symbol>
      <symbol id="sm-132a">
         <name>WDT_A_IRQHandler</name>
         <value>0xb151</value>
      </symbol>
      <symbol id="sm-132b">
         <name>FPU_IRQHandler</name>
         <value>0xb151</value>
      </symbol>
      <symbol id="sm-132c">
         <name>FLCTL_IRQHandler</name>
         <value>0xb151</value>
      </symbol>
      <symbol id="sm-132d">
         <name>COMP_E0_IRQHandler</name>
         <value>0xb151</value>
      </symbol>
      <symbol id="sm-132e">
         <name>COMP_E1_IRQHandler</name>
         <value>0xb151</value>
      </symbol>
      <symbol id="sm-132f">
         <name>TA0_0_IRQHandler</name>
         <value>0xb151</value>
      </symbol>
      <symbol id="sm-1330">
         <name>TA0_N_IRQHandler</name>
         <value>0xb151</value>
      </symbol>
      <symbol id="sm-1331">
         <name>TA1_0_IRQHandler</name>
         <value>0xb151</value>
      </symbol>
      <symbol id="sm-1332">
         <name>TA1_N_IRQHandler</name>
         <value>0xb151</value>
      </symbol>
      <symbol id="sm-1333">
         <name>TA2_0_IRQHandler</name>
         <value>0xb151</value>
      </symbol>
      <symbol id="sm-1334">
         <name>TA2_N_IRQHandler</name>
         <value>0xb151</value>
      </symbol>
      <symbol id="sm-1335">
         <name>TA3_0_IRQHandler</name>
         <value>0xb151</value>
      </symbol>
      <symbol id="sm-1336">
         <name>TA3_N_IRQHandler</name>
         <value>0xb151</value>
      </symbol>
      <symbol id="sm-1337">
         <name>EUSCIA0_IRQHandler</name>
         <value>0x912f</value>
      </symbol>
      <symbol id="sm-1338">
         <name>EUSCIA1_IRQHandler</name>
         <value>0xb151</value>
      </symbol>
      <symbol id="sm-1339">
         <name>EUSCIA2_IRQHandler</name>
         <value>0xb151</value>
      </symbol>
      <symbol id="sm-133a">
         <name>EUSCIA3_IRQHandler</name>
         <value>0xb151</value>
      </symbol>
      <symbol id="sm-133b">
         <name>EUSCIB0_IRQHandler</name>
         <value>0xb151</value>
      </symbol>
      <symbol id="sm-133c">
         <name>EUSCIB1_IRQHandler</name>
         <value>0xb151</value>
      </symbol>
      <symbol id="sm-133d">
         <name>EUSCIB2_IRQHandler</name>
         <value>0xb151</value>
      </symbol>
      <symbol id="sm-133e">
         <name>EUSCIB3_IRQHandler</name>
         <value>0xb151</value>
      </symbol>
      <symbol id="sm-133f">
         <name>ADC14_IRQHandler</name>
         <value>0x55f9</value>
      </symbol>
      <symbol id="sm-1340">
         <name>T32_INT1_IRQHandler</name>
         <value>0xb151</value>
      </symbol>
      <symbol id="sm-1341">
         <name>T32_INT2_IRQHandler</name>
         <value>0xb151</value>
      </symbol>
      <symbol id="sm-1342">
         <name>T32_INTC_IRQHandler</name>
         <value>0xb151</value>
      </symbol>
      <symbol id="sm-1343">
         <name>AES256_IRQHandler</name>
         <value>0xb151</value>
      </symbol>
      <symbol id="sm-1344">
         <name>RTC_C_IRQHandler</name>
         <value>0xb151</value>
      </symbol>
      <symbol id="sm-1345">
         <name>DMA_ERR_IRQHandler</name>
         <value>0xb151</value>
      </symbol>
      <symbol id="sm-1346">
         <name>DMA_INT3_IRQHandler</name>
         <value>0xb151</value>
      </symbol>
      <symbol id="sm-1347">
         <name>DMA_INT2_IRQHandler</name>
         <value>0xb151</value>
      </symbol>
      <symbol id="sm-1348">
         <name>DMA_INT1_IRQHandler</name>
         <value>0xb151</value>
      </symbol>
      <symbol id="sm-1349">
         <name>DMA_INT0_IRQHandler</name>
         <value>0xb151</value>
      </symbol>
      <symbol id="sm-134a">
         <name>PORT1_IRQHandler</name>
         <value>0xb151</value>
      </symbol>
      <symbol id="sm-134b">
         <name>PORT2_IRQHandler</name>
         <value>0xb151</value>
      </symbol>
      <symbol id="sm-134c">
         <name>PORT3_IRQHandler</name>
         <value>0xb151</value>
      </symbol>
      <symbol id="sm-134d">
         <name>PORT4_IRQHandler</name>
         <value>0xb151</value>
      </symbol>
      <symbol id="sm-134e">
         <name>PORT5_IRQHandler</name>
         <value>0xb151</value>
      </symbol>
      <symbol id="sm-134f">
         <name>PORT6_IRQHandler</name>
         <value>0xb151</value>
      </symbol>
      <symbol id="sm-1350">
         <name>remove</name>
         <value>0xaf81</value>
      </symbol>
   </symbol_table>
   <title>Link successful</title>
</link_info>
