<?xml version="1.0" encoding="ISO-8859-1" ?>
<link_info>
   <banner>TI ARM Linker PC v20.2.5.LTS</banner>
   <copyright>Copyright (c) 1996-2018 Texas Instruments Incorporated</copyright>
   <link_time>0x619e51bd</link_time>
   <link_errors>0x0</link_errors>
   <output_file>FreeRTOS-base.out</output_file>
   <entry_point>
      <name>_c_int00_noargs</name>
      <address>0x7d41</address>
   </entry_point>
   <input_file_list>
      <input_file id="fl-2">
         <path>.\</path>
         <kind>object</kind>
         <file>main.obj</file>
         <name>main.obj</name>
      </input_file>
      <input_file id="fl-3">
         <path>.\</path>
         <kind>object</kind>
         <file>startup_msp432p401r_ccs.obj</file>
         <name>startup_msp432p401r_ccs.obj</name>
      </input_file>
      <input_file id="fl-4">
         <path>.\</path>
         <kind>object</kind>
         <file>system_msp432p401r.obj</file>
         <name>system_msp432p401r.obj</name>
      </input_file>
      <input_file id="fl-5">
         <path>.\</path>
         <kind>object</kind>
         <file>task_launchpad_rgb.obj</file>
         <name>task_launchpad_rgb.obj</name>
      </input_file>
      <input_file id="fl-6">
         <path>.\</path>
         <kind>object</kind>
         <file>task_mkII_rgb.obj</file>
         <name>task_mkII_rgb.obj</name>
      </input_file>
      <input_file id="fl-7">
         <path>.\</path>
         <kind>object</kind>
         <file>task_mkII_s1.obj</file>
         <name>task_mkII_s1.obj</name>
      </input_file>
      <input_file id="fl-8">
         <path>.\</path>
         <kind>object</kind>
         <file>task_mkII_s2.obj</file>
         <name>task_mkII_s2.obj</name>
      </input_file>
      <input_file id="fl-9">
         <path>.\FreeRTOS\</path>
         <kind>object</kind>
         <file>croutine.obj</file>
         <name>croutine.obj</name>
      </input_file>
      <input_file id="fl-a">
         <path>.\FreeRTOS\</path>
         <kind>object</kind>
         <file>event_groups.obj</file>
         <name>event_groups.obj</name>
      </input_file>
      <input_file id="fl-b">
         <path>.\FreeRTOS\</path>
         <kind>object</kind>
         <file>heap_4.obj</file>
         <name>heap_4.obj</name>
      </input_file>
      <input_file id="fl-c">
         <path>.\FreeRTOS\</path>
         <kind>object</kind>
         <file>list.obj</file>
         <name>list.obj</name>
      </input_file>
      <input_file id="fl-d">
         <path>.\FreeRTOS\</path>
         <kind>object</kind>
         <file>queue.obj</file>
         <name>queue.obj</name>
      </input_file>
      <input_file id="fl-e">
         <path>.\FreeRTOS\</path>
         <kind>object</kind>
         <file>stream_buffer.obj</file>
         <name>stream_buffer.obj</name>
      </input_file>
      <input_file id="fl-f">
         <path>.\FreeRTOS\</path>
         <kind>object</kind>
         <file>tasks.obj</file>
         <name>tasks.obj</name>
      </input_file>
      <input_file id="fl-10">
         <path>.\FreeRTOS\</path>
         <kind>object</kind>
         <file>timers.obj</file>
         <name>timers.obj</name>
      </input_file>
      <input_file id="fl-11">
         <path>.\portable\</path>
         <kind>object</kind>
         <file>port.obj</file>
         <name>port.obj</name>
      </input_file>
      <input_file id="fl-12">
         <path>.\portable\</path>
         <kind>object</kind>
         <file>portasm.obj</file>
         <name>portasm.obj</name>
      </input_file>
      <input_file id="fl-17">
         <kind>object</kind>
         <file>&lt;internal&gt;</file>
         <name>&lt;internal&gt;</name>
      </input_file>
      <input_file id="fl-18">
         <path>C:\Users\ntwal\code-FreeRTOS\14-ICE-Semaphores\</path>
         <kind>archive</kind>
         <file>ece353_staff.lib</file>
         <name>ece353_staff.obj</name>
      </input_file>
      <input_file id="fl-ce">
         <path>C:\ti\ccs1040\ccs\tools\compiler\ti-cgt-arm_20.2.5.LTS\lib\</path>
         <kind>archive</kind>
         <file>rtsv7M4_T_le_v4SPD16_eabi.lib</file>
         <name>printf.c.obj</name>
      </input_file>
      <input_file id="fl-cf">
         <path>C:\ti\ccs1040\ccs\tools\compiler\ti-cgt-arm_20.2.5.LTS\lib\</path>
         <kind>archive</kind>
         <file>rtsv7M4_T_le_v4SPD16_eabi.lib</file>
         <name>_printfi.c.obj</name>
      </input_file>
      <input_file id="fl-d0">
         <path>C:\ti\ccs1040\ccs\tools\compiler\ti-cgt-arm_20.2.5.LTS\lib\</path>
         <kind>archive</kind>
         <file>rtsv7M4_T_le_v4SPD16_eabi.lib</file>
         <name>fputs.c.obj</name>
      </input_file>
      <input_file id="fl-d1">
         <path>C:\ti\ccs1040\ccs\tools\compiler\ti-cgt-arm_20.2.5.LTS\lib\</path>
         <kind>archive</kind>
         <file>rtsv7M4_T_le_v4SPD16_eabi.lib</file>
         <name>_io_perm.c.obj</name>
      </input_file>
      <input_file id="fl-d2">
         <path>C:\ti\ccs1040\ccs\tools\compiler\ti-cgt-arm_20.2.5.LTS\lib\</path>
         <kind>archive</kind>
         <file>rtsv7M4_T_le_v4SPD16_eabi.lib</file>
         <name>setvbuf.c.obj</name>
      </input_file>
      <input_file id="fl-d3">
         <path>C:\ti\ccs1040\ccs\tools\compiler\ti-cgt-arm_20.2.5.LTS\lib\</path>
         <kind>archive</kind>
         <file>rtsv7M4_T_le_v4SPD16_eabi.lib</file>
         <name>s_frexp.c.obj</name>
      </input_file>
      <input_file id="fl-d4">
         <path>C:\ti\ccs1040\ccs\tools\compiler\ti-cgt-arm_20.2.5.LTS\lib\</path>
         <kind>archive</kind>
         <file>rtsv7M4_T_le_v4SPD16_eabi.lib</file>
         <name>s_scalbn.c.obj</name>
      </input_file>
      <input_file id="fl-d5">
         <path>C:\ti\ccs1040\ccs\tools\compiler\ti-cgt-arm_20.2.5.LTS\lib\</path>
         <kind>archive</kind>
         <file>rtsv7M4_T_le_v4SPD16_eabi.lib</file>
         <name>wcslen.c.obj</name>
      </input_file>
      <input_file id="fl-d6">
         <path>C:\ti\ccs1040\ccs\tools\compiler\ti-cgt-arm_20.2.5.LTS\lib\</path>
         <kind>archive</kind>
         <file>rtsv7M4_T_le_v4SPD16_eabi.lib</file>
         <name>fd_add_t2.asm.obj</name>
      </input_file>
      <input_file id="fl-d7">
         <path>C:\ti\ccs1040\ccs\tools\compiler\ti-cgt-arm_20.2.5.LTS\lib\</path>
         <kind>archive</kind>
         <file>rtsv7M4_T_le_v4SPD16_eabi.lib</file>
         <name>fd_cmp_t2.asm.obj</name>
      </input_file>
      <input_file id="fl-d8">
         <path>C:\ti\ccs1040\ccs\tools\compiler\ti-cgt-arm_20.2.5.LTS\lib\</path>
         <kind>archive</kind>
         <file>rtsv7M4_T_le_v4SPD16_eabi.lib</file>
         <name>fd_div_t2.asm.obj</name>
      </input_file>
      <input_file id="fl-d9">
         <path>C:\ti\ccs1040\ccs\tools\compiler\ti-cgt-arm_20.2.5.LTS\lib\</path>
         <kind>archive</kind>
         <file>rtsv7M4_T_le_v4SPD16_eabi.lib</file>
         <name>fd_mul_t2.asm.obj</name>
      </input_file>
      <input_file id="fl-da">
         <path>C:\ti\ccs1040\ccs\tools\compiler\ti-cgt-arm_20.2.5.LTS\lib\</path>
         <kind>archive</kind>
         <file>rtsv7M4_T_le_v4SPD16_eabi.lib</file>
         <name>fd_toi_t2.asm.obj</name>
      </input_file>
      <input_file id="fl-db">
         <path>C:\ti\ccs1040\ccs\tools\compiler\ti-cgt-arm_20.2.5.LTS\lib\</path>
         <kind>archive</kind>
         <file>rtsv7M4_T_le_v4SPD16_eabi.lib</file>
         <name>i_tofd_t2.asm.obj</name>
      </input_file>
      <input_file id="fl-dc">
         <path>C:\ti\ccs1040\ccs\tools\compiler\ti-cgt-arm_20.2.5.LTS\lib\</path>
         <kind>archive</kind>
         <file>rtsv7M4_T_le_v4SPD16_eabi.lib</file>
         <name>memcpy_t2.asm.obj</name>
      </input_file>
      <input_file id="fl-dd">
         <path>C:\ti\ccs1040\ccs\tools\compiler\ti-cgt-arm_20.2.5.LTS\lib\</path>
         <kind>archive</kind>
         <file>rtsv7M4_T_le_v4SPD16_eabi.lib</file>
         <name>ull_div_t2.asm.obj</name>
      </input_file>
      <input_file id="fl-de">
         <path>C:\ti\ccs1040\ccs\tools\compiler\ti-cgt-arm_20.2.5.LTS\lib\</path>
         <kind>archive</kind>
         <file>rtsv7M4_T_le_v4SPD16_eabi.lib</file>
         <name>memset_t2.asm.obj</name>
      </input_file>
      <input_file id="fl-df">
         <path>C:\ti\ccs1040\ccs\tools\compiler\ti-cgt-arm_20.2.5.LTS\lib\</path>
         <kind>archive</kind>
         <file>rtsv7M4_T_le_v4SPD16_eabi.lib</file>
         <name>copy_zero_init.c.obj</name>
      </input_file>
      <input_file id="fl-e0">
         <path>C:\ti\ccs1040\ccs\tools\compiler\ti-cgt-arm_20.2.5.LTS\lib\</path>
         <kind>archive</kind>
         <file>rtsv7M4_T_le_v4SPD16_eabi.lib</file>
         <name>copy_decompress_none.c.obj</name>
      </input_file>
      <input_file id="fl-e1">
         <path>C:\ti\ccs1040\ccs\tools\compiler\ti-cgt-arm_20.2.5.LTS\lib\</path>
         <kind>archive</kind>
         <file>rtsv7M4_T_le_v4SPD16_eabi.lib</file>
         <name>copy_decompress_lzss.c.obj</name>
      </input_file>
      <input_file id="fl-e2">
         <path>C:\ti\ccs1040\ccs\tools\compiler\ti-cgt-arm_20.2.5.LTS\lib\</path>
         <kind>archive</kind>
         <file>rtsv7M4_T_le_v4SPD16_eabi.lib</file>
         <name>exit.c.obj</name>
      </input_file>
      <input_file id="fl-e3">
         <path>C:\ti\ccs1040\ccs\tools\compiler\ti-cgt-arm_20.2.5.LTS\lib\</path>
         <kind>archive</kind>
         <file>rtsv7M4_T_le_v4SPD16_eabi.lib</file>
         <name>_lock.c.obj</name>
      </input_file>
      <input_file id="fl-e4">
         <path>C:\ti\ccs1040\ccs\tools\compiler\ti-cgt-arm_20.2.5.LTS\lib\</path>
         <kind>archive</kind>
         <file>rtsv7M4_T_le_v4SPD16_eabi.lib</file>
         <name>_ltoa.c.obj</name>
      </input_file>
      <input_file id="fl-e5">
         <path>C:\ti\ccs1040\ccs\tools\compiler\ti-cgt-arm_20.2.5.LTS\lib\</path>
         <kind>archive</kind>
         <file>rtsv7M4_T_le_v4SPD16_eabi.lib</file>
         <name>atoi.c.obj</name>
      </input_file>
      <input_file id="fl-e6">
         <path>C:\ti\ccs1040\ccs\tools\compiler\ti-cgt-arm_20.2.5.LTS\lib\</path>
         <kind>archive</kind>
         <file>rtsv7M4_T_le_v4SPD16_eabi.lib</file>
         <name>ctype.c.obj</name>
      </input_file>
      <input_file id="fl-e7">
         <path>C:\ti\ccs1040\ccs\tools\compiler\ti-cgt-arm_20.2.5.LTS\lib\</path>
         <kind>archive</kind>
         <file>rtsv7M4_T_le_v4SPD16_eabi.lib</file>
         <name>defs.c.obj</name>
      </input_file>
      <input_file id="fl-e8">
         <path>C:\ti\ccs1040\ccs\tools\compiler\ti-cgt-arm_20.2.5.LTS\lib\</path>
         <kind>archive</kind>
         <file>rtsv7M4_T_le_v4SPD16_eabi.lib</file>
         <name>memccpy.c.obj</name>
      </input_file>
      <input_file id="fl-e9">
         <path>C:\ti\ccs1040\ccs\tools\compiler\ti-cgt-arm_20.2.5.LTS\lib\</path>
         <kind>archive</kind>
         <file>rtsv7M4_T_le_v4SPD16_eabi.lib</file>
         <name>memchr.c.obj</name>
      </input_file>
      <input_file id="fl-ea">
         <path>C:\ti\ccs1040\ccs\tools\compiler\ti-cgt-arm_20.2.5.LTS\lib\</path>
         <kind>archive</kind>
         <file>rtsv7M4_T_le_v4SPD16_eabi.lib</file>
         <name>memory.c.obj</name>
      </input_file>
      <input_file id="fl-eb">
         <path>C:\ti\ccs1040\ccs\tools\compiler\ti-cgt-arm_20.2.5.LTS\lib\</path>
         <kind>archive</kind>
         <file>rtsv7M4_T_le_v4SPD16_eabi.lib</file>
         <name>strchr.c.obj</name>
      </input_file>
      <input_file id="fl-ec">
         <path>C:\ti\ccs1040\ccs\tools\compiler\ti-cgt-arm_20.2.5.LTS\lib\</path>
         <kind>archive</kind>
         <file>rtsv7M4_T_le_v4SPD16_eabi.lib</file>
         <name>strlen.c.obj</name>
      </input_file>
      <input_file id="fl-ed">
         <path>C:\ti\ccs1040\ccs\tools\compiler\ti-cgt-arm_20.2.5.LTS\lib\</path>
         <kind>archive</kind>
         <file>rtsv7M4_T_le_v4SPD16_eabi.lib</file>
         <name>errno.c.obj</name>
      </input_file>
      <input_file id="fl-ee">
         <path>C:\ti\ccs1040\ccs\tools\compiler\ti-cgt-arm_20.2.5.LTS\lib\</path>
         <kind>archive</kind>
         <file>rtsv7M4_T_le_v4SPD16_eabi.lib</file>
         <name>boot_cortex_m.c.obj</name>
      </input_file>
      <input_file id="fl-ef">
         <path>C:\ti\ccs1040\ccs\tools\compiler\ti-cgt-arm_20.2.5.LTS\lib\</path>
         <kind>archive</kind>
         <file>rtsv7M4_T_le_v4SPD16_eabi.lib</file>
         <name>write.c.obj</name>
      </input_file>
      <input_file id="fl-f0">
         <path>C:\ti\ccs1040\ccs\tools\compiler\ti-cgt-arm_20.2.5.LTS\lib\</path>
         <kind>archive</kind>
         <file>rtsv7M4_T_le_v4SPD16_eabi.lib</file>
         <name>host_device.c.obj</name>
      </input_file>
      <input_file id="fl-f1">
         <path>C:\ti\ccs1040\ccs\tools\compiler\ti-cgt-arm_20.2.5.LTS\lib\</path>
         <kind>archive</kind>
         <file>rtsv7M4_T_le_v4SPD16_eabi.lib</file>
         <name>fflush.c.obj</name>
      </input_file>
      <input_file id="fl-f2">
         <path>C:\ti\ccs1040\ccs\tools\compiler\ti-cgt-arm_20.2.5.LTS\lib\</path>
         <kind>archive</kind>
         <file>rtsv7M4_T_le_v4SPD16_eabi.lib</file>
         <name>fopen.c.obj</name>
      </input_file>
      <input_file id="fl-f3">
         <path>C:\ti\ccs1040\ccs\tools\compiler\ti-cgt-arm_20.2.5.LTS\lib\</path>
         <kind>archive</kind>
         <file>rtsv7M4_T_le_v4SPD16_eabi.lib</file>
         <name>fseek.c.obj</name>
      </input_file>
      <input_file id="fl-f4">
         <path>C:\ti\ccs1040\ccs\tools\compiler\ti-cgt-arm_20.2.5.LTS\lib\</path>
         <kind>archive</kind>
         <file>rtsv7M4_T_le_v4SPD16_eabi.lib</file>
         <name>s_copysign.c.obj</name>
      </input_file>
      <input_file id="fl-f5">
         <path>C:\ti\ccs1040\ccs\tools\compiler\ti-cgt-arm_20.2.5.LTS\lib\</path>
         <kind>archive</kind>
         <file>rtsv7M4_T_le_v4SPD16_eabi.lib</file>
         <name>div0.asm.obj</name>
      </input_file>
      <input_file id="fl-f6">
         <path>C:\ti\ccs1040\ccs\tools\compiler\ti-cgt-arm_20.2.5.LTS\lib\</path>
         <kind>archive</kind>
         <file>rtsv7M4_T_le_v4SPD16_eabi.lib</file>
         <name>autoinit.c.obj</name>
      </input_file>
      <input_file id="fl-f7">
         <path>C:\ti\ccs1040\ccs\tools\compiler\ti-cgt-arm_20.2.5.LTS\lib\</path>
         <kind>archive</kind>
         <file>rtsv7M4_T_le_v4SPD16_eabi.lib</file>
         <name>pre_init.c.obj</name>
      </input_file>
      <input_file id="fl-f8">
         <path>C:\ti\ccs1040\ccs\tools\compiler\ti-cgt-arm_20.2.5.LTS\lib\</path>
         <kind>archive</kind>
         <file>rtsv7M4_T_le_v4SPD16_eabi.lib</file>
         <name>cpy_tbl.c.obj</name>
      </input_file>
      <input_file id="fl-f9">
         <path>C:\ti\ccs1040\ccs\tools\compiler\ti-cgt-arm_20.2.5.LTS\lib\</path>
         <kind>archive</kind>
         <file>rtsv7M4_T_le_v4SPD16_eabi.lib</file>
         <name>args_main.c.obj</name>
      </input_file>
      <input_file id="fl-fa">
         <path>C:\ti\ccs1040\ccs\tools\compiler\ti-cgt-arm_20.2.5.LTS\lib\</path>
         <kind>archive</kind>
         <file>rtsv7M4_T_le_v4SPD16_eabi.lib</file>
         <name>hostclose.c.obj</name>
      </input_file>
      <input_file id="fl-fb">
         <path>C:\ti\ccs1040\ccs\tools\compiler\ti-cgt-arm_20.2.5.LTS\lib\</path>
         <kind>archive</kind>
         <file>rtsv7M4_T_le_v4SPD16_eabi.lib</file>
         <name>hostlseek.c.obj</name>
      </input_file>
      <input_file id="fl-fc">
         <path>C:\ti\ccs1040\ccs\tools\compiler\ti-cgt-arm_20.2.5.LTS\lib\</path>
         <kind>archive</kind>
         <file>rtsv7M4_T_le_v4SPD16_eabi.lib</file>
         <name>hostopen.c.obj</name>
      </input_file>
      <input_file id="fl-fd">
         <path>C:\ti\ccs1040\ccs\tools\compiler\ti-cgt-arm_20.2.5.LTS\lib\</path>
         <kind>archive</kind>
         <file>rtsv7M4_T_le_v4SPD16_eabi.lib</file>
         <name>hostread.c.obj</name>
      </input_file>
      <input_file id="fl-fe">
         <path>C:\ti\ccs1040\ccs\tools\compiler\ti-cgt-arm_20.2.5.LTS\lib\</path>
         <kind>archive</kind>
         <file>rtsv7M4_T_le_v4SPD16_eabi.lib</file>
         <name>hostrename.c.obj</name>
      </input_file>
      <input_file id="fl-ff">
         <path>C:\ti\ccs1040\ccs\tools\compiler\ti-cgt-arm_20.2.5.LTS\lib\</path>
         <kind>archive</kind>
         <file>rtsv7M4_T_le_v4SPD16_eabi.lib</file>
         <name>hostunlink.c.obj</name>
      </input_file>
      <input_file id="fl-100">
         <path>C:\ti\ccs1040\ccs\tools\compiler\ti-cgt-arm_20.2.5.LTS\lib\</path>
         <kind>archive</kind>
         <file>rtsv7M4_T_le_v4SPD16_eabi.lib</file>
         <name>hostwrite.c.obj</name>
      </input_file>
      <input_file id="fl-101">
         <path>C:\ti\ccs1040\ccs\tools\compiler\ti-cgt-arm_20.2.5.LTS\lib\</path>
         <kind>archive</kind>
         <file>rtsv7M4_T_le_v4SPD16_eabi.lib</file>
         <name>trgmsg.c.obj</name>
      </input_file>
      <input_file id="fl-102">
         <path>C:\ti\ccs1040\ccs\tools\compiler\ti-cgt-arm_20.2.5.LTS\lib\</path>
         <kind>archive</kind>
         <file>rtsv7M4_T_le_v4SPD16_eabi.lib</file>
         <name>open.c.obj</name>
      </input_file>
      <input_file id="fl-103">
         <path>C:\ti\ccs1040\ccs\tools\compiler\ti-cgt-arm_20.2.5.LTS\lib\</path>
         <kind>archive</kind>
         <file>rtsv7M4_T_le_v4SPD16_eabi.lib</file>
         <name>lseek.c.obj</name>
      </input_file>
      <input_file id="fl-104">
         <path>C:\ti\ccs1040\ccs\tools\compiler\ti-cgt-arm_20.2.5.LTS\lib\</path>
         <kind>archive</kind>
         <file>rtsv7M4_T_le_v4SPD16_eabi.lib</file>
         <name>fclose.c.obj</name>
      </input_file>
      <input_file id="fl-105">
         <path>C:\ti\ccs1040\ccs\tools\compiler\ti-cgt-arm_20.2.5.LTS\lib\</path>
         <kind>archive</kind>
         <file>rtsv7M4_T_le_v4SPD16_eabi.lib</file>
         <name>getdevice.c.obj</name>
      </input_file>
      <input_file id="fl-106">
         <path>C:\ti\ccs1040\ccs\tools\compiler\ti-cgt-arm_20.2.5.LTS\lib\</path>
         <kind>archive</kind>
         <file>rtsv7M4_T_le_v4SPD16_eabi.lib</file>
         <name>strcmp.c.obj</name>
      </input_file>
      <input_file id="fl-107">
         <path>C:\ti\ccs1040\ccs\tools\compiler\ti-cgt-arm_20.2.5.LTS\lib\</path>
         <kind>archive</kind>
         <file>rtsv7M4_T_le_v4SPD16_eabi.lib</file>
         <name>strcpy.c.obj</name>
      </input_file>
      <input_file id="fl-108">
         <path>C:\ti\ccs1040\ccs\tools\compiler\ti-cgt-arm_20.2.5.LTS\lib\</path>
         <kind>archive</kind>
         <file>rtsv7M4_T_le_v4SPD16_eabi.lib</file>
         <name>strncpy.c.obj</name>
      </input_file>
      <input_file id="fl-109">
         <path>C:\ti\ccs1040\ccs\tools\compiler\ti-cgt-arm_20.2.5.LTS\lib\</path>
         <kind>archive</kind>
         <file>rtsv7M4_T_le_v4SPD16_eabi.lib</file>
         <name>remove.c.obj</name>
      </input_file>
      <input_file id="fl-10a">
         <path>C:\ti\ccs1040\ccs\tools\compiler\ti-cgt-arm_20.2.5.LTS\lib\</path>
         <kind>archive</kind>
         <file>rtsv7M4_T_le_v4SPD16_eabi.lib</file>
         <name>close.c.obj</name>
      </input_file>
      <input_file id="fl-10b">
         <path>C:\ti\ccs1040\ccs\tools\compiler\ti-cgt-arm_20.2.5.LTS\lib\</path>
         <kind>archive</kind>
         <file>rtsv7M4_T_le_v4SPD16_eabi.lib</file>
         <name>unlink.c.obj</name>
      </input_file>
   </input_file_list>
   <object_component_list>
      <object_component id="oc-26">
         <name>.intvecs:retain</name>
         <load_address>0x0</load_address>
         <run_address>0x0</run_address>
         <size>0xe4</size>
         <input_file_ref idref="fl-3"/>
      </object_component>
      <object_component id="oc-c4">
         <name>.text</name>
         <load_address>0xe4</load_address>
         <run_address>0xe4</run_address>
         <size>0x27fc</size>
         <input_file_ref idref="fl-f"/>
      </object_component>
      <object_component id="oc-10e">
         <name>.text</name>
         <load_address>0x28e0</load_address>
         <run_address>0x28e0</run_address>
         <size>0x1124</size>
         <input_file_ref idref="fl-d"/>
      </object_component>
      <object_component id="oc-1d9">
         <name>.text:__TI_printfi</name>
         <load_address>0x3a04</load_address>
         <run_address>0x3a04</run_address>
         <size>0xa4e</size>
         <input_file_ref idref="fl-cf"/>
      </object_component>
      <object_component id="oc-2ec">
         <name>.text:_nop</name>
         <load_address>0x4452</load_address>
         <run_address>0x4452</run_address>
         <size>0x2</size>
         <input_file_ref idref="fl-e3"/>
      </object_component>
      <object_component id="oc-1ac">
         <name>.text</name>
         <load_address>0x4454</load_address>
         <run_address>0x4454</run_address>
         <size>0x720</size>
         <input_file_ref idref="fl-10"/>
      </object_component>
      <object_component id="oc-194">
         <name>.text</name>
         <load_address>0x4b74</load_address>
         <run_address>0x4b74</run_address>
         <size>0x454</size>
         <input_file_ref idref="fl-b"/>
      </object_component>
      <object_component id="oc-75">
         <name>.text</name>
         <load_address>0x4fc8</load_address>
         <run_address>0x4fc8</run_address>
         <size>0x438</size>
         <input_file_ref idref="fl-11"/>
      </object_component>
      <object_component id="oc-b7">
         <name>.text</name>
         <load_address>0x5400</load_address>
         <run_address>0x5400</run_address>
         <size>0x354</size>
         <input_file_ref idref="fl-4"/>
      </object_component>
      <object_component id="oc-102">
         <name>.text</name>
         <load_address>0x5754</load_address>
         <run_address>0x5754</run_address>
         <size>0x294</size>
         <input_file_ref idref="fl-18"/>
      </object_component>
      <object_component id="oc-2c8">
         <name>.text:_pconv_a</name>
         <load_address>0x59e8</load_address>
         <run_address>0x59e8</run_address>
         <size>0x270</size>
         <input_file_ref idref="fl-cf"/>
      </object_component>
      <object_component id="oc-2b6">
         <name>.text:_pconv_g</name>
         <load_address>0x5c58</load_address>
         <run_address>0x5c58</run_address>
         <size>0x1d0</size>
         <input_file_ref idref="fl-cf"/>
      </object_component>
      <object_component id="oc-37e">
         <name>.text</name>
         <load_address>0x5e28</load_address>
         <run_address>0x5e28</run_address>
         <size>0x1b6</size>
         <input_file_ref idref="fl-d6"/>
      </object_component>
      <object_component id="oc-40e">
         <name>.text</name>
         <load_address>0x5fde</load_address>
         <run_address>0x5fde</run_address>
         <size>0x2</size>
         <input_file_ref idref="fl-f5"/>
      </object_component>
      <object_component id="oc-a5">
         <name>.text</name>
         <load_address>0x5fe0</load_address>
         <run_address>0x5fe0</run_address>
         <size>0x190</size>
         <input_file_ref idref="fl-2"/>
      </object_component>
      <object_component id="oc-2c2">
         <name>.text:_pconv_e</name>
         <load_address>0x6170</load_address>
         <run_address>0x6170</run_address>
         <size>0x13c</size>
         <input_file_ref idref="fl-cf"/>
      </object_component>
      <object_component id="oc-364">
         <name>.text</name>
         <load_address>0x62ac</load_address>
         <run_address>0x62ac</run_address>
         <size>0x136</size>
         <input_file_ref idref="fl-d8"/>
      </object_component>
      <object_component id="oc-19a">
         <name>.text</name>
         <load_address>0x63e2</load_address>
         <run_address>0x63e2</run_address>
         <size>0x12a</size>
         <input_file_ref idref="fl-c"/>
      </object_component>
      <object_component id="oc-390">
         <name>.text:fcvt</name>
         <load_address>0x650c</load_address>
         <run_address>0x650c</run_address>
         <size>0x124</size>
         <input_file_ref idref="fl-cf"/>
      </object_component>
      <object_component id="oc-2fa">
         <name>.text:fputs</name>
         <load_address>0x6630</load_address>
         <run_address>0x6630</run_address>
         <size>0x114</size>
         <input_file_ref idref="fl-d0"/>
      </object_component>
      <object_component id="oc-3a4">
         <name>.text:scalbn</name>
         <load_address>0x6744</load_address>
         <run_address>0x6744</run_address>
         <size>0x110</size>
         <input_file_ref idref="fl-d4"/>
      </object_component>
      <object_component id="oc-4b7">
         <name>.text:aligned_alloc</name>
         <load_address>0x6854</load_address>
         <run_address>0x6854</run_address>
         <size>0x100</size>
         <input_file_ref idref="fl-ea"/>
      </object_component>
      <object_component id="oc-137">
         <name>.text</name>
         <load_address>0x6954</load_address>
         <run_address>0x6954</run_address>
         <size>0x100</size>
         <input_file_ref idref="fl-5"/>
      </object_component>
      <object_component id="oc-35f">
         <name>.text</name>
         <load_address>0x6a54</load_address>
         <run_address>0x6a54</run_address>
         <size>0xfc</size>
         <input_file_ref idref="fl-d9"/>
      </object_component>
      <object_component id="oc-12e">
         <name>.text</name>
         <load_address>0x6b50</load_address>
         <run_address>0x6b50</run_address>
         <size>0xf4</size>
         <input_file_ref idref="fl-6"/>
      </object_component>
      <object_component id="oc-475">
         <name>.text:free</name>
         <load_address>0x6c44</load_address>
         <run_address>0x6c44</run_address>
         <size>0xe4</size>
         <input_file_ref idref="fl-ea"/>
      </object_component>
      <object_component id="oc-449">
         <name>.text:setvbuf</name>
         <load_address>0x6d28</load_address>
         <run_address>0x6d28</run_address>
         <size>0xdc</size>
         <input_file_ref idref="fl-d2"/>
      </object_component>
      <object_component id="oc-70">
         <name>.text</name>
         <load_address>0x6e04</load_address>
         <run_address>0x6e04</run_address>
         <size>0xda</size>
         <input_file_ref idref="fl-12"/>
      </object_component>
      <object_component id="oc-2ab">
         <name>.text:_ltostr</name>
         <load_address>0x6ee0</load_address>
         <run_address>0x6ee0</run_address>
         <size>0xb1</size>
         <input_file_ref idref="fl-cf"/>
      </object_component>
      <object_component id="oc-3a">
         <name>.text</name>
         <load_address>0x6f92</load_address>
         <run_address>0x6f92</run_address>
         <size>0x9c</size>
         <input_file_ref idref="fl-dc"/>
      </object_component>
      <object_component id="oc-358">
         <name>.text</name>
         <load_address>0x702e</load_address>
         <run_address>0x702e</run_address>
         <size>0x96</size>
         <input_file_ref idref="fl-dd"/>
      </object_component>
      <object_component id="oc-11c">
         <name>.text</name>
         <load_address>0x70c4</load_address>
         <run_address>0x70c4</run_address>
         <size>0x8c</size>
         <input_file_ref idref="fl-7"/>
      </object_component>
      <object_component id="oc-125">
         <name>.text</name>
         <load_address>0x7150</load_address>
         <run_address>0x7150</run_address>
         <size>0x8c</size>
         <input_file_ref idref="fl-8"/>
      </object_component>
      <object_component id="oc-2b1">
         <name>.text:__aeabi_cdcmple</name>
         <load_address>0x71dc</load_address>
         <run_address>0x71dc</run_address>
         <size>0x86</size>
         <input_file_ref idref="fl-d7"/>
      </object_component>
      <object_component id="oc-369">
         <name>.text:__aeabi_cdrcmple</name>
         <load_address>0x7262</load_address>
         <run_address>0x7262</run_address>
         <size>0x86</size>
         <input_file_ref idref="fl-d7"/>
      </object_component>
      <object_component id="oc-99">
         <name>.text</name>
         <load_address>0x72e8</load_address>
         <run_address>0x72e8</run_address>
         <size>0x7a</size>
         <input_file_ref idref="fl-de"/>
      </object_component>
      <object_component id="oc-4be">
         <name>.text:__TI_closefile</name>
         <load_address>0x7364</load_address>
         <run_address>0x7364</run_address>
         <size>0x74</size>
         <input_file_ref idref="fl-104"/>
      </object_component>
      <object_component id="oc-4ff">
         <name>.text:split</name>
         <load_address>0x73d8</load_address>
         <run_address>0x73d8</run_address>
         <size>0x70</size>
         <input_file_ref idref="fl-ea"/>
      </object_component>
      <object_component id="oc-389">
         <name>.text:_mcpy</name>
         <load_address>0x7448</load_address>
         <run_address>0x7448</run_address>
         <size>0x6e</size>
         <input_file_ref idref="fl-cf"/>
      </object_component>
      <object_component id="oc-4ee">
         <name>.text:HOSTrename</name>
         <load_address>0x74b8</load_address>
         <run_address>0x74b8</run_address>
         <size>0x6c</size>
         <input_file_ref idref="fl-fe"/>
      </object_component>
      <object_component id="oc-4e2">
         <name>.text:HOSTlseek</name>
         <load_address>0x7524</load_address>
         <run_address>0x7524</run_address>
         <size>0x68</size>
         <input_file_ref idref="fl-fb"/>
      </object_component>
      <object_component id="oc-17">
         <name>.text:decompress:lzss:__TI_decompress_lzss</name>
         <load_address>0x758c</load_address>
         <run_address>0x758c</run_address>
         <size>0x68</size>
         <input_file_ref idref="fl-e1"/>
      </object_component>
      <object_component id="oc-108">
         <name>.text:printf</name>
         <load_address>0x75f4</load_address>
         <run_address>0x75f4</run_address>
         <size>0x68</size>
         <input_file_ref idref="fl-ce"/>
      </object_component>
      <object_component id="oc-39e">
         <name>.text:frexp</name>
         <load_address>0x765c</load_address>
         <run_address>0x765c</run_address>
         <size>0x64</size>
         <input_file_ref idref="fl-d3"/>
      </object_component>
      <object_component id="oc-443">
         <name>.text:fseek</name>
         <load_address>0x76c0</load_address>
         <run_address>0x76c0</run_address>
         <size>0x64</size>
         <input_file_ref idref="fl-f3"/>
      </object_component>
      <object_component id="oc-3d5">
         <name>.text:__TI_wrt_ok</name>
         <load_address>0x7724</load_address>
         <run_address>0x7724</run_address>
         <size>0x62</size>
         <input_file_ref idref="fl-d1"/>
      </object_component>
      <object_component id="oc-4ca">
         <name>.text:HOSTopen</name>
         <load_address>0x7788</load_address>
         <run_address>0x7788</run_address>
         <size>0x60</size>
         <input_file_ref idref="fl-fc"/>
      </object_component>
      <object_component id="oc-506">
         <name>.text:close</name>
         <load_address>0x77e8</load_address>
         <run_address>0x77e8</run_address>
         <size>0x5c</size>
         <input_file_ref idref="fl-10a"/>
      </object_component>
      <object_component id="oc-4d6">
         <name>.text:HOSTread</name>
         <load_address>0x7844</load_address>
         <run_address>0x7844</run_address>
         <size>0x58</size>
         <input_file_ref idref="fl-fd"/>
      </object_component>
      <object_component id="oc-4dc">
         <name>.text:HOSTwrite</name>
         <load_address>0x789c</load_address>
         <run_address>0x789c</run_address>
         <size>0x58</size>
         <input_file_ref idref="fl-100"/>
      </object_component>
      <object_component id="oc-2bc">
         <name>.text:_pconv_f</name>
         <load_address>0x78f4</load_address>
         <run_address>0x78f4</run_address>
         <size>0x56</size>
         <input_file_ref idref="fl-cf"/>
      </object_component>
      <object_component id="oc-373">
         <name>.text:__TI_ltoa</name>
         <load_address>0x794a</load_address>
         <run_address>0x794a</run_address>
         <size>0x54</size>
         <input_file_ref idref="fl-e4"/>
      </object_component>
      <object_component id="oc-383">
         <name>.text:_ecpy</name>
         <load_address>0x799e</load_address>
         <run_address>0x799e</run_address>
         <size>0x52</size>
         <input_file_ref idref="fl-cf"/>
      </object_component>
      <object_component id="oc-3e1">
         <name>.text:__TI_doflush</name>
         <load_address>0x79f0</load_address>
         <run_address>0x79f0</run_address>
         <size>0x4c</size>
         <input_file_ref idref="fl-f1"/>
      </object_component>
      <object_component id="oc-2a5">
         <name>.text:atoi</name>
         <load_address>0x7a3c</load_address>
         <run_address>0x7a3c</run_address>
         <size>0x4c</size>
         <input_file_ref idref="fl-e5"/>
      </object_component>
      <object_component id="oc-14e">
         <name>.text:exit</name>
         <load_address>0x7a88</load_address>
         <run_address>0x7a88</run_address>
         <size>0x48</size>
         <input_file_ref idref="fl-e2"/>
      </object_component>
      <object_component id="oc-36e">
         <name>.text</name>
         <load_address>0x7ad0</load_address>
         <run_address>0x7ad0</run_address>
         <size>0x48</size>
         <input_file_ref idref="fl-da"/>
      </object_component>
      <object_component id="oc-4d0">
         <name>.text:HOSTclose</name>
         <load_address>0x7b18</load_address>
         <run_address>0x7b18</run_address>
         <size>0x44</size>
         <input_file_ref idref="fl-fa"/>
      </object_component>
      <object_component id="oc-4e8">
         <name>.text:HOSTunlink</name>
         <load_address>0x7b5c</load_address>
         <run_address>0x7b5c</run_address>
         <size>0x44</size>
         <input_file_ref idref="fl-ff"/>
      </object_component>
      <object_component id="oc-154">
         <name>.text:__TI_auto_init_nobinit_nopinit:__TI_auto_init_nobinit_nopinit</name>
         <load_address>0x7ba0</load_address>
         <run_address>0x7ba0</run_address>
         <size>0x44</size>
         <input_file_ref idref="fl-f6"/>
      </object_component>
      <object_component id="oc-53e">
         <name>.text:getdevice</name>
         <load_address>0x7be4</load_address>
         <run_address>0x7be4</run_address>
         <size>0x44</size>
         <input_file_ref idref="fl-105"/>
      </object_component>
      <object_component id="oc-396">
         <name>.text:_fcpy</name>
         <load_address>0x7c28</load_address>
         <run_address>0x7c28</run_address>
         <size>0x3e</size>
         <input_file_ref idref="fl-cf"/>
      </object_component>
      <object_component id="oc-517">
         <name>.text:__TI_writemsg</name>
         <load_address>0x7c68</load_address>
         <run_address>0x7c68</run_address>
         <size>0x38</size>
         <input_file_ref idref="fl-101"/>
      </object_component>
      <object_component id="oc-560">
         <name>.text:strncpy</name>
         <load_address>0x7ca0</load_address>
         <run_address>0x7ca0</run_address>
         <size>0x36</size>
         <input_file_ref idref="fl-108"/>
      </object_component>
      <object_component id="oc-481">
         <name>.text:__TI_cleanup</name>
         <load_address>0x7cd8</load_address>
         <run_address>0x7cd8</run_address>
         <size>0x34</size>
         <input_file_ref idref="fl-f2"/>
      </object_component>
      <object_component id="oc-51d">
         <name>.text:__TI_readmsg</name>
         <load_address>0x7d0c</load_address>
         <run_address>0x7d0c</run_address>
         <size>0x34</size>
         <input_file_ref idref="fl-101"/>
      </object_component>
      <object_component id="oc-58">
         <name>.text:_c_int00_noargs:_c_int00_noargs</name>
         <load_address>0x7d40</load_address>
         <run_address>0x7d40</run_address>
         <size>0x34</size>
         <input_file_ref idref="fl-ee"/>
      </object_component>
      <object_component id="oc-566">
         <name>.text:finddevice</name>
         <load_address>0x7d74</load_address>
         <run_address>0x7d74</run_address>
         <size>0x30</size>
         <input_file_ref idref="fl-105"/>
      </object_component>
      <object_component id="oc-379">
         <name>.text</name>
         <load_address>0x7da4</load_address>
         <run_address>0x7da4</run_address>
         <size>0x2e</size>
         <input_file_ref idref="fl-db"/>
      </object_component>
      <object_component id="oc-50c">
         <name>.text:unlink</name>
         <load_address>0x7dd4</load_address>
         <run_address>0x7dd4</run_address>
         <size>0x2c</size>
         <input_file_ref idref="fl-10b"/>
      </object_component>
      <object_component id="oc-4b0">
         <name>.text:free_list_insert</name>
         <load_address>0x7e00</load_address>
         <run_address>0x7e00</run_address>
         <size>0x28</size>
         <input_file_ref idref="fl-ea"/>
      </object_component>
      <object_component id="oc-46d">
         <name>.text:lseek</name>
         <load_address>0x7e28</load_address>
         <run_address>0x7e28</run_address>
         <size>0x28</size>
         <input_file_ref idref="fl-103"/>
      </object_component>
      <object_component id="oc-3e7">
         <name>.text:write</name>
         <load_address>0x7e50</load_address>
         <run_address>0x7e50</run_address>
         <size>0x28</size>
         <input_file_ref idref="fl-ef"/>
      </object_component>
      <object_component id="oc-3db">
         <name>.text:memchr</name>
         <load_address>0x7e78</load_address>
         <run_address>0x7e78</run_address>
         <size>0x20</size>
         <input_file_ref idref="fl-e9"/>
      </object_component>
      <object_component id="oc-4aa">
         <name>.text:free_list_remove</name>
         <load_address>0x7e98</load_address>
         <run_address>0x7e98</run_address>
         <size>0x1c</size>
         <input_file_ref idref="fl-ea"/>
      </object_component>
      <object_component id="oc-2ce">
         <name>.text:memccpy</name>
         <load_address>0x7eb4</load_address>
         <run_address>0x7eb4</run_address>
         <size>0x1c</size>
         <input_file_ref idref="fl-e8"/>
      </object_component>
      <object_component id="oc-427">
         <name>.text:copysign</name>
         <load_address>0x7ed0</load_address>
         <run_address>0x7ed0</run_address>
         <size>0x1a</size>
         <input_file_ref idref="fl-f4"/>
      </object_component>
      <object_component id="oc-57d">
         <name>.text:strcmp</name>
         <load_address>0x7eea</load_address>
         <run_address>0x7eea</run_address>
         <size>0x18</size>
         <input_file_ref idref="fl-106"/>
      </object_component>
      <object_component id="oc-3aa">
         <name>.text:strchr</name>
         <load_address>0x7f02</load_address>
         <run_address>0x7f02</run_address>
         <size>0x16</size>
         <input_file_ref idref="fl-eb"/>
      </object_component>
      <object_component id="oc-531">
         <name>.text:strcpy</name>
         <load_address>0x7f18</load_address>
         <run_address>0x7f18</run_address>
         <size>0x14</size>
         <input_file_ref idref="fl-107"/>
      </object_component>
      <object_component id="oc-29f">
         <name>.text:strlen</name>
         <load_address>0x7f2c</load_address>
         <run_address>0x7f2c</run_address>
         <size>0x14</size>
         <input_file_ref idref="fl-ec"/>
      </object_component>
      <object_component id="oc-2d4">
         <name>.text:wcslen</name>
         <load_address>0x7f40</load_address>
         <run_address>0x7f40</run_address>
         <size>0x12</size>
         <input_file_ref idref="fl-d5"/>
      </object_component>
      <object_component id="oc-1d">
         <name>.text:decompress:none:__TI_decompress_none</name>
         <load_address>0x7f52</load_address>
         <run_address>0x7f52</run_address>
         <size>0xe</size>
         <input_file_ref idref="fl-e0"/>
      </object_component>
      <object_component id="oc-6a">
         <name>.text</name>
         <load_address>0x7f60</load_address>
         <run_address>0x7f60</run_address>
         <size>0xe</size>
         <input_file_ref idref="fl-3"/>
      </object_component>
      <object_component id="oc-4c">
         <name>.text:decompress:ZI:__TI_zero_init</name>
         <load_address>0x7f6e</load_address>
         <run_address>0x7f6e</run_address>
         <size>0xc</size>
         <input_file_ref idref="fl-df"/>
      </object_component>
      <object_component id="oc-2da">
         <name>.text:__aeabi_errno_addr</name>
         <load_address>0x7f7c</load_address>
         <run_address>0x7f7c</run_address>
         <size>0x8</size>
         <input_file_ref idref="fl-ed"/>
      </object_component>
      <object_component id="oc-47b">
         <name>.text:malloc</name>
         <load_address>0x7f84</load_address>
         <run_address>0x7f84</run_address>
         <size>0x8</size>
         <input_file_ref idref="fl-ea"/>
      </object_component>
      <object_component id="oc-1eb">
         <name>.text:_outc</name>
         <load_address>0x7f8c</load_address>
         <run_address>0x7f8c</run_address>
         <size>0x4</size>
         <input_file_ref idref="fl-ce"/>
      </object_component>
      <object_component id="oc-1e5">
         <name>.text:_outs</name>
         <load_address>0x7f90</load_address>
         <run_address>0x7f90</run_address>
         <size>0x4</size>
         <input_file_ref idref="fl-ce"/>
      </object_component>
      <object_component id="oc-9f">
         <name>.text:_system_pre_init</name>
         <load_address>0x7f94</load_address>
         <run_address>0x7f94</run_address>
         <size>0x4</size>
         <input_file_ref idref="fl-f7"/>
      </object_component>
      <object_component id="oc-148">
         <name>.text:abort:abort</name>
         <load_address>0x7f98</load_address>
         <run_address>0x7f98</run_address>
         <size>0x4</size>
         <input_file_ref idref="fl-e2"/>
      </object_component>
      <object_component id="oc-353">
         <name>.const:.string:_ctypes_</name>
         <load_address>0x7f9c</load_address>
         <run_address>0x7f9c</run_address>
         <size>0x101</size>
         <input_file_ref idref="fl-e6"/>
      </object_component>
      <object_component id="oc-c1">
         <name>.const</name>
         <load_address>0x80a0</load_address>
         <run_address>0x80a0</run_address>
         <size>0x8</size>
         <input_file_ref idref="fl-11"/>
      </object_component>
      <object_component id="oc-1b5">
         <name>.const</name>
         <load_address>0x80a8</load_address>
         <run_address>0x80a8</run_address>
         <size>0x4</size>
         <input_file_ref idref="fl-f"/>
      </object_component>
      <object_component id="oc-5bd">
         <name>.cinit..data.load</name>
         <load_address>0x80b0</load_address>
         <run_address>0x80b0</run_address>
         <size>0x79</size>
      </object_component>
      <object_component id="oc-5bb">
         <name>__TI_handler_table</name>
         <load_address>0x812c</load_address>
         <run_address>0x812c</run_address>
         <size>0xc</size>
      </object_component>
      <object_component id="oc-5be">
         <name>.cinit..bss.load</name>
         <load_address>0x8138</load_address>
         <run_address>0x8138</run_address>
         <size>0x8</size>
      </object_component>
      <object_component id="oc-5bc">
         <name>__TI_cinit_table</name>
         <load_address>0x8140</load_address>
         <run_address>0x8140</run_address>
         <size>0x10</size>
      </object_component>
      <object_component id="oc-58f">
         <name>.binit</name>
         <load_address>0x0</load_address>
         <run_address>0x0</run_address>
         <size>0x0</size>
      </object_component>
      <object_component id="oc-186">
         <name>.data</name>
         <load_address>0x200089a0</load_address>
         <run_address>0x200089a0</run_address>
         <size>0x4</size>
         <input_file_ref idref="fl-4"/>
      </object_component>
      <object_component id="oc-119">
         <name>.data</name>
         <load_address>0x200089a4</load_address>
         <run_address>0x200089a4</run_address>
         <size>0x4</size>
         <input_file_ref idref="fl-7"/>
      </object_component>
      <object_component id="oc-122">
         <name>.data</name>
         <load_address>0x200089a8</load_address>
         <run_address>0x200089a8</run_address>
         <size>0x4</size>
         <input_file_ref idref="fl-8"/>
      </object_component>
      <object_component id="oc-267">
         <name>.data</name>
         <load_address>0x20008934</load_address>
         <run_address>0x20008934</run_address>
         <size>0x18</size>
         <input_file_ref idref="fl-b"/>
      </object_component>
      <object_component id="oc-be">
         <name>.data</name>
         <load_address>0x20008900</load_address>
         <run_address>0x20008900</run_address>
         <size>0x34</size>
         <input_file_ref idref="fl-f"/>
      </object_component>
      <object_component id="oc-27c">
         <name>.data</name>
         <load_address>0x20008980</load_address>
         <run_address>0x20008980</run_address>
         <size>0xc</size>
         <input_file_ref idref="fl-10"/>
      </object_component>
      <object_component id="oc-cb">
         <name>.data</name>
         <load_address>0x2000894c</load_address>
         <run_address>0x2000894c</run_address>
         <size>0x18</size>
         <input_file_ref idref="fl-11"/>
      </object_component>
      <object_component id="oc-233">
         <name>.data:$O1$$</name>
         <load_address>0x20008974</load_address>
         <run_address>0x20008974</run_address>
         <size>0xc</size>
         <input_file_ref idref="fl-e2"/>
      </object_component>
      <object_component id="oc-1df">
         <name>.data:$O1$$</name>
         <load_address>0x2000898c</load_address>
         <run_address>0x2000898c</run_address>
         <size>0x8</size>
         <input_file_ref idref="fl-e3"/>
      </object_component>
      <object_component id="oc-1e2">
         <name>.data:_ftable</name>
         <load_address>0x20008748</load_address>
         <run_address>0x20008748</run_address>
         <size>0xf0</size>
         <input_file_ref idref="fl-e7"/>
      </object_component>
      <object_component id="oc-4c4">
         <name>.data</name>
         <load_address>0x20008964</load_address>
         <run_address>0x20008964</run_address>
         <size>0x10</size>
         <input_file_ref idref="fl-e7"/>
      </object_component>
      <object_component id="oc-4fa">
         <name>.data:$O1$$</name>
         <load_address>0x20008994</load_address>
         <run_address>0x20008994</run_address>
         <size>0x8</size>
         <input_file_ref idref="fl-ea"/>
      </object_component>
      <object_component id="oc-3ba">
         <name>.data</name>
         <load_address>0x2000899c</load_address>
         <run_address>0x2000899c</run_address>
         <size>0x4</size>
         <input_file_ref idref="fl-ed"/>
      </object_component>
      <object_component id="oc-494">
         <name>.data:_device</name>
         <load_address>0x20008838</load_address>
         <run_address>0x20008838</run_address>
         <size>0x78</size>
         <input_file_ref idref="fl-f0"/>
      </object_component>
      <object_component id="oc-455">
         <name>.data:_stream</name>
         <load_address>0x200088b0</load_address>
         <run_address>0x200088b0</run_address>
         <size>0x50</size>
         <input_file_ref idref="fl-f0"/>
      </object_component>
      <object_component id="oc-26d">
         <name>.bss:ucHeap</name>
         <uninitialized>true</uninitialized>
         <run_address>0x20000000</run_address>
         <size>0x8000</size>
         <input_file_ref idref="fl-b"/>
      </object_component>
      <object_component id="oc-26a">
         <name>.bss:xStart</name>
         <uninitialized>true</uninitialized>
         <run_address>0x20008324</run_address>
         <size>0x8</size>
         <input_file_ref idref="fl-b"/>
      </object_component>
      <object_component id="oc-1a0">
         <name>.bss:pxReadyTasksLists</name>
         <uninitialized>true</uninitialized>
         <run_address>0x20008120</run_address>
         <size>0xc8</size>
         <input_file_ref idref="fl-f"/>
      </object_component>
      <object_component id="oc-1b8">
         <name>.bss:xDelayedTaskList1</name>
         <uninitialized>true</uninitialized>
         <run_address>0x200082b0</run_address>
         <size>0x14</size>
         <input_file_ref idref="fl-f"/>
      </object_component>
      <object_component id="oc-1bb">
         <name>.bss:xDelayedTaskList2</name>
         <uninitialized>true</uninitialized>
         <run_address>0x200082c4</run_address>
         <size>0x14</size>
         <input_file_ref idref="fl-f"/>
      </object_component>
      <object_component id="oc-1a6">
         <name>.bss</name>
         <uninitialized>true</uninitialized>
         <run_address>0x20008314</run_address>
         <size>0x8</size>
         <input_file_ref idref="fl-f"/>
      </object_component>
      <object_component id="oc-1b2">
         <name>.bss:xPendingReadyList</name>
         <uninitialized>true</uninitialized>
         <run_address>0x200082d8</run_address>
         <size>0x14</size>
         <input_file_ref idref="fl-f"/>
      </object_component>
      <object_component id="oc-1a3">
         <name>.bss:xTasksWaitingTermination</name>
         <uninitialized>true</uninitialized>
         <run_address>0x20008300</run_address>
         <size>0x14</size>
         <input_file_ref idref="fl-f"/>
      </object_component>
      <object_component id="oc-1a9">
         <name>.bss:xSuspendedTaskList</name>
         <uninitialized>true</uninitialized>
         <run_address>0x200082ec</run_address>
         <size>0x14</size>
         <input_file_ref idref="fl-f"/>
      </object_component>
      <object_component id="oc-282">
         <name>.bss:xActiveTimerList1</name>
         <uninitialized>true</uninitialized>
         <run_address>0x20008288</run_address>
         <size>0x14</size>
         <input_file_ref idref="fl-10"/>
      </object_component>
      <object_component id="oc-285">
         <name>.bss:xActiveTimerList2</name>
         <uninitialized>true</uninitialized>
         <run_address>0x2000829c</run_address>
         <size>0x14</size>
         <input_file_ref idref="fl-10"/>
      </object_component>
      <object_component id="oc-27f">
         <name>.bss</name>
         <uninitialized>true</uninitialized>
         <run_address>0x2000831c</run_address>
         <size>0x8</size>
         <input_file_ref idref="fl-10"/>
      </object_component>
      <object_component id="oc-548">
         <name>.bss:_CIOBUF_</name>
         <uninitialized>true</uninitialized>
         <run_address>0x20008000</run_address>
         <size>0x120</size>
         <input_file_ref idref="fl-101"/>
      </object_component>
      <object_component id="oc-114">
         <name>.common:Sem_UART</name>
         <uninitialized>true</uninitialized>
         <run_address>0x2000833c</run_address>
         <size>0x4</size>
      </object_component>
      <object_component id="oc-117">
         <name>.common:Sem_MKII_RGB</name>
         <uninitialized>true</uninitialized>
         <run_address>0x20008338</run_address>
         <size>0x4</size>
      </object_component>
      <object_component id="oc-118">
         <name>.common:Sem_LAUNCHPAD_RGB</name>
         <uninitialized>true</uninitialized>
         <run_address>0x20008334</run_address>
         <size>0x4</size>
      </object_component>
      <object_component id="oc-134">
         <name>.common:TaskHandle_LAUNCHPAD_RGB</name>
         <uninitialized>true</uninitialized>
         <run_address>0x20008340</run_address>
         <size>0x4</size>
      </object_component>
      <object_component id="oc-12b">
         <name>.common:TaskHandle_MKII_RGB</name>
         <uninitialized>true</uninitialized>
         <run_address>0x20008344</run_address>
         <size>0x4</size>
      </object_component>
      <object_component id="oc-512">
         <name>.common:__TI_tmpnams</name>
         <uninitialized>true</uninitialized>
         <run_address>0x200081e8</run_address>
         <size>0xa0</size>
      </object_component>
      <object_component id="oc-523">
         <name>.common:parmbuf</name>
         <uninitialized>true</uninitialized>
         <run_address>0x2000832c</run_address>
         <size>0x8</size>
      </object_component>
      <object_component id="oc-29">
         <name>.sysmem</name>
         <uninitialized>true</uninitialized>
         <run_address>0x20008348</run_address>
         <size>0x10</size>
         <input_file_ref idref="fl-ea"/>
      </object_component>
      <object_component id="oc-5c1">
         <name>.sysmem</name>
         <uninitialized>true</uninitialized>
         <run_address>0x20008348</run_address>
         <size>0x0</size>
      </object_component>
      <object_component id="oc-2c">
         <name>.stack</name>
         <uninitialized>true</uninitialized>
         <run_address>0x2000fe00</run_address>
         <size>0x4</size>
         <input_file_ref idref="fl-ee"/>
      </object_component>
      <object_component id="oc-5c0">
         <name>.stack</name>
         <uninitialized>true</uninitialized>
         <run_address>0x2000fe00</run_address>
         <size>0x0</size>
      </object_component>
      <object_component id="oc-115">
         <name>.debug_info</name>
         <load_address>0x0</load_address>
         <run_address>0x0</run_address>
         <size>0xa34</size>
         <input_file_ref idref="fl-2"/>
      </object_component>
      <object_component id="oc-a6">
         <name>.debug_info</name>
         <load_address>0xa34</load_address>
         <run_address>0xa34</run_address>
         <size>0x472</size>
         <input_file_ref idref="fl-2"/>
      </object_component>
      <object_component id="oc-143">
         <name>.debug_info</name>
         <load_address>0xea6</load_address>
         <run_address>0xea6</run_address>
         <size>0x315</size>
         <input_file_ref idref="fl-2"/>
      </object_component>
      <object_component id="oc-206">
         <name>.debug_info</name>
         <load_address>0x11bb</load_address>
         <run_address>0x11bb</run_address>
         <size>0x37e2</size>
         <input_file_ref idref="fl-2"/>
      </object_component>
      <object_component id="oc-e1">
         <name>.debug_info</name>
         <load_address>0x499d</load_address>
         <run_address>0x499d</run_address>
         <size>0x26b</size>
         <input_file_ref idref="fl-2"/>
      </object_component>
      <object_component id="oc-20b">
         <name>.debug_info</name>
         <load_address>0x4c08</load_address>
         <run_address>0x4c08</run_address>
         <size>0x1055</size>
         <input_file_ref idref="fl-2"/>
      </object_component>
      <object_component id="oc-21a">
         <name>.debug_info</name>
         <load_address>0x5c5d</load_address>
         <run_address>0x5c5d</run_address>
         <size>0x48b</size>
         <input_file_ref idref="fl-2"/>
      </object_component>
      <object_component id="oc-210">
         <name>.debug_info</name>
         <load_address>0x60e8</load_address>
         <run_address>0x60e8</run_address>
         <size>0x4f</size>
         <input_file_ref idref="fl-2"/>
      </object_component>
      <object_component id="oc-21f">
         <name>.debug_info</name>
         <load_address>0x6137</load_address>
         <run_address>0x6137</run_address>
         <size>0x2c</size>
         <input_file_ref idref="fl-2"/>
      </object_component>
      <object_component id="oc-13e">
         <name>.debug_info</name>
         <load_address>0x6163</load_address>
         <run_address>0x6163</run_address>
         <size>0x8b</size>
         <input_file_ref idref="fl-2"/>
      </object_component>
      <object_component id="oc-d0">
         <name>.debug_info</name>
         <load_address>0x61ee</load_address>
         <run_address>0x61ee</run_address>
         <size>0x2c</size>
         <input_file_ref idref="fl-2"/>
      </object_component>
      <object_component id="oc-1d2">
         <name>.debug_info</name>
         <load_address>0x621a</load_address>
         <run_address>0x621a</run_address>
         <size>0x2a4</size>
         <input_file_ref idref="fl-2"/>
      </object_component>
      <object_component id="oc-da">
         <name>.debug_info</name>
         <load_address>0x64be</load_address>
         <run_address>0x64be</run_address>
         <size>0xbb</size>
         <input_file_ref idref="fl-2"/>
      </object_component>
      <object_component id="oc-d5">
         <name>.debug_info</name>
         <load_address>0x6579</load_address>
         <run_address>0x6579</run_address>
         <size>0x53</size>
         <input_file_ref idref="fl-2"/>
      </object_component>
      <object_component id="oc-215">
         <name>.debug_info</name>
         <load_address>0x65cc</load_address>
         <run_address>0x65cc</run_address>
         <size>0xcc</size>
         <input_file_ref idref="fl-2"/>
      </object_component>
      <object_component id="oc-1f3">
         <name>.debug_info</name>
         <load_address>0x6698</load_address>
         <run_address>0x6698</run_address>
         <size>0x2c</size>
         <input_file_ref idref="fl-2"/>
      </object_component>
      <object_component id="oc-1c8">
         <name>.debug_info</name>
         <load_address>0x66c4</load_address>
         <run_address>0x66c4</run_address>
         <size>0x14c</size>
         <input_file_ref idref="fl-2"/>
      </object_component>
      <object_component id="oc-7d">
         <name>.debug_info</name>
         <load_address>0x6810</load_address>
         <run_address>0x6810</run_address>
         <size>0x347</size>
         <input_file_ref idref="fl-3"/>
      </object_component>
      <object_component id="oc-27">
         <name>.debug_info</name>
         <load_address>0x6b57</load_address>
         <run_address>0x6b57</run_address>
         <size>0xf3</size>
         <input_file_ref idref="fl-3"/>
      </object_component>
      <object_component id="oc-6e">
         <name>.debug_info</name>
         <load_address>0x6c4a</load_address>
         <run_address>0x6c4a</run_address>
         <size>0x1ba</size>
         <input_file_ref idref="fl-3"/>
      </object_component>
      <object_component id="oc-35">
         <name>.debug_info</name>
         <load_address>0x6e04</load_address>
         <run_address>0x6e04</run_address>
         <size>0x84</size>
         <input_file_ref idref="fl-3"/>
      </object_component>
      <object_component id="oc-187">
         <name>.debug_info</name>
         <load_address>0x6e88</load_address>
         <run_address>0x6e88</run_address>
         <size>0xec</size>
         <input_file_ref idref="fl-4"/>
      </object_component>
      <object_component id="oc-ba">
         <name>.debug_info</name>
         <load_address>0x6f74</load_address>
         <run_address>0x6f74</run_address>
         <size>0x25e</size>
         <input_file_ref idref="fl-4"/>
      </object_component>
      <object_component id="oc-135">
         <name>.debug_info</name>
         <load_address>0x71d2</load_address>
         <run_address>0x71d2</run_address>
         <size>0x838</size>
         <input_file_ref idref="fl-5"/>
      </object_component>
      <object_component id="oc-13a">
         <name>.debug_info</name>
         <load_address>0x7a0a</load_address>
         <run_address>0x7a0a</run_address>
         <size>0x2f4</size>
         <input_file_ref idref="fl-5"/>
      </object_component>
      <object_component id="oc-12c">
         <name>.debug_info</name>
         <load_address>0x7cfe</load_address>
         <run_address>0x7cfe</run_address>
         <size>0x829</size>
         <input_file_ref idref="fl-6"/>
      </object_component>
      <object_component id="oc-131">
         <name>.debug_info</name>
         <load_address>0x8527</load_address>
         <run_address>0x8527</run_address>
         <size>0x2ef</size>
         <input_file_ref idref="fl-6"/>
      </object_component>
      <object_component id="oc-227">
         <name>.debug_info</name>
         <load_address>0x8816</load_address>
         <run_address>0x8816</run_address>
         <size>0x803</size>
         <input_file_ref idref="fl-7"/>
      </object_component>
      <object_component id="oc-11a">
         <name>.debug_info</name>
         <load_address>0x9019</load_address>
         <run_address>0x9019</run_address>
         <size>0x118</size>
         <input_file_ref idref="fl-7"/>
      </object_component>
      <object_component id="oc-11f">
         <name>.debug_info</name>
         <load_address>0x9131</load_address>
         <run_address>0x9131</run_address>
         <size>0x284</size>
         <input_file_ref idref="fl-7"/>
      </object_component>
      <object_component id="oc-22b">
         <name>.debug_info</name>
         <load_address>0x93b5</load_address>
         <run_address>0x93b5</run_address>
         <size>0x80d</size>
         <input_file_ref idref="fl-8"/>
      </object_component>
      <object_component id="oc-123">
         <name>.debug_info</name>
         <load_address>0x9bc2</load_address>
         <run_address>0x9bc2</run_address>
         <size>0x118</size>
         <input_file_ref idref="fl-8"/>
      </object_component>
      <object_component id="oc-129">
         <name>.debug_info</name>
         <load_address>0x9cda</load_address>
         <run_address>0x9cda</run_address>
         <size>0x284</size>
         <input_file_ref idref="fl-8"/>
      </object_component>
      <object_component id="oc-29c">
         <name>.debug_info</name>
         <load_address>0x9f5e</load_address>
         <run_address>0x9f5e</run_address>
         <size>0x267</size>
         <input_file_ref idref="fl-9"/>
      </object_component>
      <object_component id="oc-1cd">
         <name>.debug_info</name>
         <load_address>0xa1c5</load_address>
         <run_address>0xa1c5</run_address>
         <size>0x48b</size>
         <input_file_ref idref="fl-9"/>
      </object_component>
      <object_component id="oc-34c">
         <name>.debug_info</name>
         <load_address>0xa650</load_address>
         <run_address>0xa650</run_address>
         <size>0xcc</size>
         <input_file_ref idref="fl-9"/>
      </object_component>
      <object_component id="oc-1c3">
         <name>.debug_info</name>
         <load_address>0xa71c</load_address>
         <run_address>0xa71c</run_address>
         <size>0x53</size>
         <input_file_ref idref="fl-9"/>
      </object_component>
      <object_component id="oc-310">
         <name>.debug_info</name>
         <load_address>0xa76f</load_address>
         <run_address>0xa76f</run_address>
         <size>0x6c2</size>
         <input_file_ref idref="fl-a"/>
      </object_component>
      <object_component id="oc-1ff">
         <name>.debug_info</name>
         <load_address>0xae31</load_address>
         <run_address>0xae31</run_address>
         <size>0x110</size>
         <input_file_ref idref="fl-a"/>
      </object_component>
      <object_component id="oc-262">
         <name>.debug_info</name>
         <load_address>0xaf41</load_address>
         <run_address>0xaf41</run_address>
         <size>0x48b</size>
         <input_file_ref idref="fl-a"/>
      </object_component>
      <object_component id="oc-3f1">
         <name>.debug_info</name>
         <load_address>0xb3cc</load_address>
         <run_address>0xb3cc</run_address>
         <size>0x76</size>
         <input_file_ref idref="fl-a"/>
      </object_component>
      <object_component id="oc-3f6">
         <name>.debug_info</name>
         <load_address>0xb442</load_address>
         <run_address>0xb442</run_address>
         <size>0x39</size>
         <input_file_ref idref="fl-a"/>
      </object_component>
      <object_component id="oc-339">
         <name>.debug_info</name>
         <load_address>0xb47b</load_address>
         <run_address>0xb47b</run_address>
         <size>0x109</size>
         <input_file_ref idref="fl-a"/>
      </object_component>
      <object_component id="oc-253">
         <name>.debug_info</name>
         <load_address>0xb584</load_address>
         <run_address>0xb584</run_address>
         <size>0x4f</size>
         <input_file_ref idref="fl-a"/>
      </object_component>
      <object_component id="oc-271">
         <name>.debug_info</name>
         <load_address>0xb5d3</load_address>
         <run_address>0xb5d3</run_address>
         <size>0x502</size>
         <input_file_ref idref="fl-b"/>
      </object_component>
      <object_component id="oc-26e">
         <name>.debug_info</name>
         <load_address>0xbad5</load_address>
         <run_address>0xbad5</run_address>
         <size>0x11b</size>
         <input_file_ref idref="fl-b"/>
      </object_component>
      <object_component id="oc-26b">
         <name>.debug_info</name>
         <load_address>0xbbf0</load_address>
         <run_address>0xbbf0</run_address>
         <size>0x11b</size>
         <input_file_ref idref="fl-b"/>
      </object_component>
      <object_component id="oc-268">
         <name>.debug_info</name>
         <load_address>0xbd0b</load_address>
         <run_address>0xbd0b</run_address>
         <size>0x25b</size>
         <input_file_ref idref="fl-b"/>
      </object_component>
      <object_component id="oc-195">
         <name>.debug_info</name>
         <load_address>0xbf66</load_address>
         <run_address>0xbf66</run_address>
         <size>0xcc0</size>
         <input_file_ref idref="fl-b"/>
      </object_component>
      <object_component id="oc-330">
         <name>.debug_info</name>
         <load_address>0xcc26</load_address>
         <run_address>0xcc26</run_address>
         <size>0x62</size>
         <input_file_ref idref="fl-b"/>
      </object_component>
      <object_component id="oc-273">
         <name>.debug_info</name>
         <load_address>0xcc88</load_address>
         <run_address>0xcc88</run_address>
         <size>0x3c0</size>
         <input_file_ref idref="fl-c"/>
      </object_component>
      <object_component id="oc-19b">
         <name>.debug_info</name>
         <load_address>0xd048</load_address>
         <run_address>0xd048</run_address>
         <size>0x6e4</size>
         <input_file_ref idref="fl-c"/>
      </object_component>
      <object_component id="oc-1fe">
         <name>.debug_info</name>
         <load_address>0xd72c</load_address>
         <run_address>0xd72c</run_address>
         <size>0x92c</size>
         <input_file_ref idref="fl-d"/>
      </object_component>
      <object_component id="oc-10f">
         <name>.debug_info</name>
         <load_address>0xe058</load_address>
         <run_address>0xe058</run_address>
         <size>0x425c</size>
         <input_file_ref idref="fl-d"/>
      </object_component>
      <object_component id="oc-30b">
         <name>.debug_info</name>
         <load_address>0x122b4</load_address>
         <run_address>0x122b4</run_address>
         <size>0x1ef</size>
         <input_file_ref idref="fl-d"/>
      </object_component>
      <object_component id="oc-1f9">
         <name>.debug_info</name>
         <load_address>0x124a3</load_address>
         <run_address>0x124a3</run_address>
         <size>0x46</size>
         <input_file_ref idref="fl-d"/>
      </object_component>
      <object_component id="oc-258">
         <name>.debug_info</name>
         <load_address>0x124e9</load_address>
         <run_address>0x124e9</run_address>
         <size>0x35</size>
         <input_file_ref idref="fl-d"/>
      </object_component>
      <object_component id="oc-f9">
         <name>.debug_info</name>
         <load_address>0x1251e</load_address>
         <run_address>0x1251e</run_address>
         <size>0x2c</size>
         <input_file_ref idref="fl-e"/>
      </object_component>
      <object_component id="oc-18c">
         <name>.debug_info</name>
         <load_address>0x1254a</load_address>
         <run_address>0x1254a</run_address>
         <size>0x8db</size>
         <input_file_ref idref="fl-f"/>
      </object_component>
      <object_component id="oc-bf">
         <name>.debug_info</name>
         <load_address>0x12e25</load_address>
         <run_address>0x12e25</run_address>
         <size>0x377</size>
         <input_file_ref idref="fl-f"/>
      </object_component>
      <object_component id="oc-1a1">
         <name>.debug_info</name>
         <load_address>0x1319c</load_address>
         <run_address>0x1319c</run_address>
         <size>0x120</size>
         <input_file_ref idref="fl-f"/>
      </object_component>
      <object_component id="oc-1b9">
         <name>.debug_info</name>
         <load_address>0x132bc</load_address>
         <run_address>0x132bc</run_address>
         <size>0x120</size>
         <input_file_ref idref="fl-f"/>
      </object_component>
      <object_component id="oc-1bc">
         <name>.debug_info</name>
         <load_address>0x133dc</load_address>
         <run_address>0x133dc</run_address>
         <size>0x120</size>
         <input_file_ref idref="fl-f"/>
      </object_component>
      <object_component id="oc-1a7">
         <name>.debug_info</name>
         <load_address>0x134fc</load_address>
         <run_address>0x134fc</run_address>
         <size>0x163</size>
         <input_file_ref idref="fl-f"/>
      </object_component>
      <object_component id="oc-1b3">
         <name>.debug_info</name>
         <load_address>0x1365f</load_address>
         <run_address>0x1365f</run_address>
         <size>0x120</size>
         <input_file_ref idref="fl-f"/>
      </object_component>
      <object_component id="oc-1a4">
         <name>.debug_info</name>
         <load_address>0x1377f</load_address>
         <run_address>0x1377f</run_address>
         <size>0x12e</size>
         <input_file_ref idref="fl-f"/>
      </object_component>
      <object_component id="oc-1aa">
         <name>.debug_info</name>
         <load_address>0x138ad</load_address>
         <run_address>0x138ad</run_address>
         <size>0x122</size>
         <input_file_ref idref="fl-f"/>
      </object_component>
      <object_component id="oc-1b6">
         <name>.debug_info</name>
         <load_address>0x139cf</load_address>
         <run_address>0x139cf</run_address>
         <size>0x121</size>
         <input_file_ref idref="fl-f"/>
      </object_component>
      <object_component id="oc-c7">
         <name>.debug_info</name>
         <load_address>0x13af0</load_address>
         <run_address>0x13af0</run_address>
         <size>0x7817</size>
         <input_file_ref idref="fl-f"/>
      </object_component>
      <object_component id="oc-18d">
         <name>.debug_info</name>
         <load_address>0x1b307</load_address>
         <run_address>0x1b307</run_address>
         <size>0x30c</size>
         <input_file_ref idref="fl-f"/>
      </object_component>
      <object_component id="oc-25d">
         <name>.debug_info</name>
         <load_address>0x1b613</load_address>
         <run_address>0x1b613</run_address>
         <size>0x16f</size>
         <input_file_ref idref="fl-f"/>
      </object_component>
      <object_component id="oc-28e">
         <name>.debug_info</name>
         <load_address>0x1b782</load_address>
         <run_address>0x1b782</run_address>
         <size>0x861</size>
         <input_file_ref idref="fl-10"/>
      </object_component>
      <object_component id="oc-283">
         <name>.debug_info</name>
         <load_address>0x1bfe3</load_address>
         <run_address>0x1bfe3</run_address>
         <size>0x120</size>
         <input_file_ref idref="fl-10"/>
      </object_component>
      <object_component id="oc-286">
         <name>.debug_info</name>
         <load_address>0x1c103</load_address>
         <run_address>0x1c103</run_address>
         <size>0x120</size>
         <input_file_ref idref="fl-10"/>
      </object_component>
      <object_component id="oc-280">
         <name>.debug_info</name>
         <load_address>0x1c223</load_address>
         <run_address>0x1c223</run_address>
         <size>0x158</size>
         <input_file_ref idref="fl-10"/>
      </object_component>
      <object_component id="oc-27d">
         <name>.debug_info</name>
         <load_address>0x1c37b</load_address>
         <run_address>0x1c37b</run_address>
         <size>0x144</size>
         <input_file_ref idref="fl-10"/>
      </object_component>
      <object_component id="oc-1ad">
         <name>.debug_info</name>
         <load_address>0x1c4bf</load_address>
         <run_address>0x1c4bf</run_address>
         <size>0x2921</size>
         <input_file_ref idref="fl-10"/>
      </object_component>
      <object_component id="oc-28f">
         <name>.debug_info</name>
         <load_address>0x1ede0</load_address>
         <run_address>0x1ede0</run_address>
         <size>0x1ce</size>
         <input_file_ref idref="fl-10"/>
      </object_component>
      <object_component id="oc-289">
         <name>.debug_info</name>
         <load_address>0x1efae</load_address>
         <run_address>0x1efae</run_address>
         <size>0x46</size>
         <input_file_ref idref="fl-10"/>
      </object_component>
      <object_component id="oc-cf">
         <name>.debug_info</name>
         <load_address>0x1eff4</load_address>
         <run_address>0x1eff4</run_address>
         <size>0x549</size>
         <input_file_ref idref="fl-11"/>
      </object_component>
      <object_component id="oc-c2">
         <name>.debug_info</name>
         <load_address>0x1f53d</load_address>
         <run_address>0x1f53d</run_address>
         <size>0x194</size>
         <input_file_ref idref="fl-11"/>
      </object_component>
      <object_component id="oc-cc">
         <name>.debug_info</name>
         <load_address>0x1f6d1</load_address>
         <run_address>0x1f6d1</run_address>
         <size>0x26f</size>
         <input_file_ref idref="fl-11"/>
      </object_component>
      <object_component id="oc-76">
         <name>.debug_info</name>
         <load_address>0x1f940</load_address>
         <run_address>0x1f940</run_address>
         <size>0xef8</size>
         <input_file_ref idref="fl-11"/>
      </object_component>
      <object_component id="oc-73">
         <name>.debug_info</name>
         <load_address>0x20838</load_address>
         <run_address>0x20838</run_address>
         <size>0x282</size>
         <input_file_ref idref="fl-12"/>
      </object_component>
      <object_component id="oc-1d8">
         <name>.debug_info</name>
         <load_address>0x20aba</load_address>
         <run_address>0x20aba</run_address>
         <size>0x5b2</size>
         <input_file_ref idref="fl-18"/>
      </object_component>
      <object_component id="oc-104">
         <name>.debug_info</name>
         <load_address>0x2106c</load_address>
         <run_address>0x2106c</run_address>
         <size>0x9c1</size>
         <input_file_ref idref="fl-18"/>
      </object_component>
      <object_component id="oc-1f2">
         <name>.debug_info</name>
         <load_address>0x21a2d</load_address>
         <run_address>0x21a2d</run_address>
         <size>0x3e5</size>
         <input_file_ref idref="fl-ce"/>
      </object_component>
      <object_component id="oc-1ec">
         <name>.debug_info</name>
         <load_address>0x21e12</load_address>
         <run_address>0x21e12</run_address>
         <size>0x157</size>
         <input_file_ref idref="fl-ce"/>
      </object_component>
      <object_component id="oc-1e6">
         <name>.debug_info</name>
         <load_address>0x21f69</load_address>
         <run_address>0x21f69</run_address>
         <size>0x166</size>
         <input_file_ref idref="fl-ce"/>
      </object_component>
      <object_component id="oc-10b">
         <name>.debug_info</name>
         <load_address>0x220cf</load_address>
         <run_address>0x220cf</run_address>
         <size>0x1ac</size>
         <input_file_ref idref="fl-ce"/>
      </object_component>
      <object_component id="oc-304">
         <name>.debug_info</name>
         <load_address>0x2227b</load_address>
         <run_address>0x2227b</run_address>
         <size>0xb2</size>
         <input_file_ref idref="fl-ce"/>
      </object_component>
      <object_component id="oc-2e1">
         <name>.debug_info</name>
         <load_address>0x2232d</load_address>
         <run_address>0x2232d</run_address>
         <size>0x590</size>
         <input_file_ref idref="fl-cf"/>
      </object_component>
      <object_component id="oc-2ad">
         <name>.debug_info</name>
         <load_address>0x228bd</load_address>
         <run_address>0x228bd</run_address>
         <size>0x21e</size>
         <input_file_ref idref="fl-cf"/>
      </object_component>
      <object_component id="oc-385">
         <name>.debug_info</name>
         <load_address>0x22adb</load_address>
         <run_address>0x22adb</run_address>
         <size>0x1b3</size>
         <input_file_ref idref="fl-cf"/>
      </object_component>
      <object_component id="oc-38b">
         <name>.debug_info</name>
         <load_address>0x22c8e</load_address>
         <run_address>0x22c8e</run_address>
         <size>0x21b</size>
         <input_file_ref idref="fl-cf"/>
      </object_component>
      <object_component id="oc-2b8">
         <name>.debug_info</name>
         <load_address>0x22ea9</load_address>
         <run_address>0x22ea9</run_address>
         <size>0x3c0</size>
         <input_file_ref idref="fl-cf"/>
      </object_component>
      <object_component id="oc-392">
         <name>.debug_info</name>
         <load_address>0x23269</load_address>
         <run_address>0x23269</run_address>
         <size>0x30a</size>
         <input_file_ref idref="fl-cf"/>
      </object_component>
      <object_component id="oc-398">
         <name>.debug_info</name>
         <load_address>0x23573</load_address>
         <run_address>0x23573</run_address>
         <size>0x215</size>
         <input_file_ref idref="fl-cf"/>
      </object_component>
      <object_component id="oc-2be">
         <name>.debug_info</name>
         <load_address>0x23788</load_address>
         <run_address>0x23788</run_address>
         <size>0x215</size>
         <input_file_ref idref="fl-cf"/>
      </object_component>
      <object_component id="oc-2c4">
         <name>.debug_info</name>
         <load_address>0x2399d</load_address>
         <run_address>0x2399d</run_address>
         <size>0x304</size>
         <input_file_ref idref="fl-cf"/>
      </object_component>
      <object_component id="oc-2ca">
         <name>.debug_info</name>
         <load_address>0x23ca1</load_address>
         <run_address>0x23ca1</run_address>
         <size>0x4b5</size>
         <input_file_ref idref="fl-cf"/>
[...]
      <symbol id="sm-a97">
         <name>wcslen</name>
         <value>0x7f41</value>
         <object_component_ref idref="oc-2d4"/>
      </symbol>
      <symbol id="sm-aae">
         <name>__aeabi_dsub</name>
         <value>0x5e29</value>
         <object_component_ref idref="oc-37e"/>
      </symbol>
      <symbol id="sm-aaf">
         <name>__aeabi_dadd</name>
         <value>0x5e33</value>
         <object_component_ref idref="oc-37e"/>
      </symbol>
      <symbol id="sm-ad1">
         <name>__aeabi_cdcmpeq</name>
         <value>0x71dd</value>
         <object_component_ref idref="oc-2b1"/>
      </symbol>
      <symbol id="sm-ad2">
         <name>__aeabi_cdcmple</name>
         <value>0x71dd</value>
         <object_component_ref idref="oc-2b1"/>
      </symbol>
      <symbol id="sm-ad3">
         <name>__aeabi_cdrcmple</name>
         <value>0x7263</value>
         <object_component_ref idref="oc-369"/>
      </symbol>
      <symbol id="sm-ae7">
         <name>__aeabi_ddiv</name>
         <value>0x62ad</value>
         <object_component_ref idref="oc-364"/>
      </symbol>
      <symbol id="sm-af2">
         <name>__aeabi_dmul</name>
         <value>0x6a55</value>
         <object_component_ref idref="oc-35f"/>
      </symbol>
      <symbol id="sm-afc">
         <name>__aeabi_d2iz</name>
         <value>0x7ad1</value>
         <object_component_ref idref="oc-36e"/>
      </symbol>
      <symbol id="sm-b06">
         <name>__aeabi_i2d</name>
         <value>0x7da5</value>
         <object_component_ref idref="oc-379"/>
      </symbol>
      <symbol id="sm-b21">
         <name>memcpy</name>
         <value>0x6f93</value>
         <object_component_ref idref="oc-3a"/>
      </symbol>
      <symbol id="sm-b22">
         <name>__aeabi_memcpy</name>
         <value>0x6f93</value>
         <object_component_ref idref="oc-3a"/>
      </symbol>
      <symbol id="sm-b23">
         <name>__aeabi_memcpy8</name>
         <value>0x6f93</value>
         <object_component_ref idref="oc-3a"/>
      </symbol>
      <symbol id="sm-b24">
         <name>__aeabi_memcpy4</name>
         <value>0x6f93</value>
         <object_component_ref idref="oc-3a"/>
      </symbol>
      <symbol id="sm-b31">
         <name>__aeabi_uldivmod</name>
         <value>0x702f</value>
         <object_component_ref idref="oc-358"/>
      </symbol>
      <symbol id="sm-b40">
         <name>__aeabi_memset</name>
         <value>0x72eb</value>
         <object_component_ref idref="oc-99"/>
      </symbol>
      <symbol id="sm-b41">
         <name>memset</name>
         <value>0x72f1</value>
         <object_component_ref idref="oc-99"/>
      </symbol>
      <symbol id="sm-b42">
         <name>__aeabi_memset8</name>
         <value>0x72eb</value>
         <object_component_ref idref="oc-99"/>
      </symbol>
      <symbol id="sm-b43">
         <name>__aeabi_memset4</name>
         <value>0x72eb</value>
         <object_component_ref idref="oc-99"/>
      </symbol>
      <symbol id="sm-b44">
         <name>__aeabi_memclr8</name>
         <value>0x72e9</value>
         <object_component_ref idref="oc-99"/>
      </symbol>
      <symbol id="sm-b45">
         <name>__aeabi_memclr4</name>
         <value>0x72e9</value>
         <object_component_ref idref="oc-99"/>
      </symbol>
      <symbol id="sm-b46">
         <name>__aeabi_memclr</name>
         <value>0x72e9</value>
         <object_component_ref idref="oc-99"/>
      </symbol>
      <symbol id="sm-b58">
         <name>__TI_zero_init</name>
         <value>0x7f6f</value>
         <object_component_ref idref="oc-4c"/>
      </symbol>
      <symbol id="sm-b6f">
         <name>__TI_decompress_none</name>
         <value>0x7f53</value>
         <object_component_ref idref="oc-1d"/>
      </symbol>
      <symbol id="sm-b92">
         <name>__TI_decompress_lzss</name>
         <value>0x758d</value>
         <object_component_ref idref="oc-17"/>
      </symbol>
      <symbol id="sm-bb8">
         <name>C$$EXIT</name>
         <value>0x7f99</value>
         <object_component_ref idref="oc-148"/>
      </symbol>
      <symbol id="sm-bb9">
         <name>abort</name>
         <value>0x7f99</value>
         <object_component_ref idref="oc-148"/>
      </symbol>
      <symbol id="sm-bba">
         <name>__TI_dtors_ptr</name>
         <value>0x20008978</value>
         <object_component_ref idref="oc-233"/>
      </symbol>
      <symbol id="sm-bbb">
         <name>__TI_cleanup_ptr</name>
         <value>0x20008974</value>
         <object_component_ref idref="oc-233"/>
      </symbol>
      <symbol id="sm-bbc">
         <name>__TI_enable_exit_profile_output</name>
         <value>0x2000897c</value>
         <object_component_ref idref="oc-233"/>
      </symbol>
      <symbol id="sm-bbd">
         <name>exit</name>
         <value>0x7a89</value>
         <object_component_ref idref="oc-14e"/>
      </symbol>
      <symbol id="sm-bd2">
         <name>_nop</name>
         <value>0x4453</value>
         <object_component_ref idref="oc-2ec"/>
      </symbol>
      <symbol id="sm-bd3">
         <name>_lock</name>
         <value>0x2000898c</value>
         <object_component_ref idref="oc-1df"/>
      </symbol>
      <symbol id="sm-bd4">
         <name>_unlock</name>
         <value>0x20008990</value>
         <object_component_ref idref="oc-1df"/>
      </symbol>
      <symbol id="sm-be3">
         <name>__TI_ltoa</name>
         <value>0x794b</value>
         <object_component_ref idref="oc-373"/>
      </symbol>
      <symbol id="sm-bf9">
         <name>atoi</name>
         <value>0x7a3d</value>
         <object_component_ref idref="oc-2a5"/>
      </symbol>
      <symbol id="sm-c04">
         <name>_ctypes_</name>
         <value>0x7f9c</value>
         <object_component_ref idref="oc-353"/>
      </symbol>
      <symbol id="sm-c19">
         <name>__TI_tmpnams</name>
         <value>0x200081e8</value>
      </symbol>
      <symbol id="sm-c1a">
         <name>__aeabi_stdout</name>
         <value>0x2000896c</value>
         <object_component_ref idref="oc-4c4"/>
      </symbol>
      <symbol id="sm-c1b">
         <name>__aeabi_stderr</name>
         <value>0x20008970</value>
         <object_component_ref idref="oc-4c4"/>
      </symbol>
      <symbol id="sm-c1c">
         <name>__aeabi_stdin</name>
         <value>0x20008968</value>
         <object_component_ref idref="oc-4c4"/>
      </symbol>
      <symbol id="sm-c1d">
         <name>_ftable</name>
         <value>0x20008748</value>
         <object_component_ref idref="oc-1e2"/>
      </symbol>
      <symbol id="sm-c1e">
         <name>__TI_ft_end</name>
         <value>0x20008964</value>
         <object_component_ref idref="oc-4c4"/>
      </symbol>
      <symbol id="sm-c2e">
         <name>memccpy</name>
         <value>0x7eb5</value>
         <object_component_ref idref="oc-2ce"/>
      </symbol>
      <symbol id="sm-c3e">
         <name>memchr</name>
         <value>0x7e79</value>
         <object_component_ref idref="oc-3db"/>
      </symbol>
      <symbol id="sm-cc7">
         <name>_sys_memory</name>
         <value>0x20008348</value>
         <object_component_ref idref="oc-29"/>
      </symbol>
      <symbol id="sm-cc8">
         <name>free</name>
         <value>0x6c45</value>
         <object_component_ref idref="oc-475"/>
      </symbol>
      <symbol id="sm-cc9">
         <name>memalign</name>
         <value>0x6855</value>
         <object_component_ref idref="oc-4b7"/>
      </symbol>
      <symbol id="sm-cca">
         <name>malloc</name>
         <value>0x7f85</value>
         <object_component_ref idref="oc-47b"/>
      </symbol>
      <symbol id="sm-ccb">
         <name>aligned_alloc</name>
         <value>0x6855</value>
         <object_component_ref idref="oc-4b7"/>
      </symbol>
      <symbol id="sm-cdb">
         <name>strchr</name>
         <value>0x7f03</value>
         <object_component_ref idref="oc-3aa"/>
      </symbol>
      <symbol id="sm-ce9">
         <name>strlen</name>
         <value>0x7f2d</value>
         <object_component_ref idref="oc-29f"/>
      </symbol>
      <symbol id="sm-cff">
         <name>__aeabi_errno_addr</name>
         <value>0x7f7d</value>
         <object_component_ref idref="oc-2da"/>
      </symbol>
      <symbol id="sm-d00">
         <name>errno</name>
         <value>0x2000899c</value>
         <object_component_ref idref="oc-3ba"/>
      </symbol>
      <symbol id="sm-d13">
         <name>__stack</name>
         <value>0x2000fe00</value>
         <object_component_ref idref="oc-2c"/>
      </symbol>
      <symbol id="sm-d14">
         <name>_c_int00_noargs</name>
         <value>0x7d41</value>
         <object_component_ref idref="oc-58"/>
      </symbol>
      <symbol id="sm-d2e">
         <name>write</name>
         <value>0x7e51</value>
         <object_component_ref idref="oc-3e7"/>
      </symbol>
      <symbol id="sm-d3f">
         <name>_stream</name>
         <value>0x200088b0</value>
         <object_component_ref idref="oc-455"/>
      </symbol>
      <symbol id="sm-d40">
         <name>_device</name>
         <value>0x20008838</value>
         <object_component_ref idref="oc-494"/>
      </symbol>
      <symbol id="sm-d50">
         <name>__TI_doflush</name>
         <value>0x79f1</value>
         <object_component_ref idref="oc-3e1"/>
      </symbol>
      <symbol id="sm-d60">
         <name>__TI_cleanup</name>
         <value>0x7cd9</value>
         <object_component_ref idref="oc-481"/>
      </symbol>
      <symbol id="sm-d72">
         <name>fseek</name>
         <value>0x76c1</value>
         <object_component_ref idref="oc-443"/>
      </symbol>
      <symbol id="sm-d7c">
         <name>copysign</name>
         <value>0x7ed1</value>
         <object_component_ref idref="oc-427"/>
      </symbol>
      <symbol id="sm-d7d">
         <name>copysignl</name>
         <value>0x7ed1</value>
         <object_component_ref idref="oc-427"/>
      </symbol>
      <symbol id="sm-d87">
         <name>__aeabi_idiv0</name>
         <value>0x5fdf</value>
         <object_component_ref idref="oc-40e"/>
      </symbol>
      <symbol id="sm-d88">
         <name>__aeabi_ldiv0</name>
         <value>0x5fdf</value>
         <object_component_ref idref="oc-40e"/>
      </symbol>
      <symbol id="sm-db0">
         <name>__TI_auto_init_nobinit_nopinit</name>
         <value>0x7ba1</value>
         <object_component_ref idref="oc-154"/>
      </symbol>
      <symbol id="sm-dba">
         <name>_system_pre_init</name>
         <value>0x7f95</value>
         <object_component_ref idref="oc-9f"/>
      </symbol>
      <symbol id="sm-dcd">
         <name>HOSTclose</name>
         <value>0x7b19</value>
         <object_component_ref idref="oc-4d0"/>
      </symbol>
      <symbol id="sm-dde">
         <name>HOSTlseek</name>
         <value>0x7525</value>
         <object_component_ref idref="oc-4e2"/>
      </symbol>
      <symbol id="sm-df0">
         <name>parmbuf</name>
         <value>0x2000832c</value>
      </symbol>
      <symbol id="sm-df1">
         <name>HOSTopen</name>
         <value>0x7789</value>
         <object_component_ref idref="oc-4ca"/>
      </symbol>
      <symbol id="sm-e02">
         <name>HOSTread</name>
         <value>0x7845</value>
         <object_component_ref idref="oc-4d6"/>
      </symbol>
      <symbol id="sm-e13">
         <name>HOSTrename</name>
         <value>0x74b9</value>
         <object_component_ref idref="oc-4ee"/>
      </symbol>
      <symbol id="sm-e24">
         <name>HOSTunlink</name>
         <value>0x7b5d</value>
         <object_component_ref idref="oc-4e8"/>
      </symbol>
      <symbol id="sm-e35">
         <name>HOSTwrite</name>
         <value>0x789d</value>
         <object_component_ref idref="oc-4dc"/>
      </symbol>
      <symbol id="sm-e59">
         <name>__TI_readmsg</name>
         <value>0x7d0d</value>
         <object_component_ref idref="oc-51d"/>
      </symbol>
      <symbol id="sm-e5a">
         <name>C$$IO$$</name>
         <value>0x7c97</value>
         <object_component_ref idref="oc-517"/>
      </symbol>
      <symbol id="sm-e5b">
         <name>__CIOBUF_</name>
         <value>0x20008000</value>
         <object_component_ref idref="oc-548"/>
      </symbol>
      <symbol id="sm-e5c">
         <name>__TI_writemsg</name>
         <value>0x7c69</value>
         <object_component_ref idref="oc-517"/>
      </symbol>
      <symbol id="sm-e6d">
         <name>lseek</name>
         <value>0x7e29</value>
         <object_component_ref idref="oc-46d"/>
      </symbol>
      <symbol id="sm-e82">
         <name>__TI_closefile</name>
         <value>0x7365</value>
         <object_component_ref idref="oc-4be"/>
      </symbol>
      <symbol id="sm-ea5">
         <name>finddevice</name>
         <value>0x7d75</value>
         <object_component_ref idref="oc-566"/>
      </symbol>
      <symbol id="sm-ea6">
         <name>getdevice</name>
         <value>0x7be5</value>
         <object_component_ref idref="oc-53e"/>
      </symbol>
      <symbol id="sm-eb5">
         <name>strcmp</name>
         <value>0x7eeb</value>
         <object_component_ref idref="oc-57d"/>
      </symbol>
      <symbol id="sm-ec3">
         <name>strcpy</name>
         <value>0x7f19</value>
         <object_component_ref idref="oc-531"/>
      </symbol>
      <symbol id="sm-ed3">
         <name>strncpy</name>
         <value>0x7ca1</value>
         <object_component_ref idref="oc-560"/>
      </symbol>
      <symbol id="sm-ee8">
         <name>close</name>
         <value>0x77e9</value>
         <object_component_ref idref="oc-506"/>
      </symbol>
      <symbol id="sm-ef8">
         <name>unlink</name>
         <value>0x7dd5</value>
         <object_component_ref idref="oc-50c"/>
      </symbol>
      <symbol id="sm-ef9">
         <name>__TI_static_base__</name>
         <value>0x0</value>
      </symbol>
      <symbol id="sm-efc">
         <name>__mpu_init</name>
         <value>0x0</value>
      </symbol>
      <symbol id="sm-efd">
         <name>_system_post_cinit</name>
         <value>0x0</value>
      </symbol>
      <symbol id="sm-efe">
         <name>NMI_Handler</name>
         <value>0x7f6d</value>
      </symbol>
      <symbol id="sm-eff">
         <name>HardFault_Handler</name>
         <value>0x7f6d</value>
      </symbol>
      <symbol id="sm-f00">
         <name>MemManage_Handler</name>
         <value>0x7f6d</value>
      </symbol>
      <symbol id="sm-f01">
         <name>BusFault_Handler</name>
         <value>0x7f6d</value>
      </symbol>
      <symbol id="sm-f02">
         <name>UsageFault_Handler</name>
         <value>0x7f6d</value>
      </symbol>
      <symbol id="sm-f03">
         <name>SVC_Handler</name>
         <value>0x7f6d</value>
      </symbol>
      <symbol id="sm-f04">
         <name>DebugMon_Handler</name>
         <value>0x7f6d</value>
      </symbol>
      <symbol id="sm-f05">
         <name>PendSV_Handler</name>
         <value>0x7f6d</value>
      </symbol>
      <symbol id="sm-f06">
         <name>SysTick_Handler</name>
         <value>0x7f6d</value>
      </symbol>
      <symbol id="sm-f07">
         <name>PSS_IRQHandler</name>
         <value>0x7f6d</value>
      </symbol>
      <symbol id="sm-f08">
         <name>CS_IRQHandler</name>
         <value>0x7f6d</value>
      </symbol>
      <symbol id="sm-f09">
         <name>PCM_IRQHandler</name>
         <value>0x7f6d</value>
      </symbol>
      <symbol id="sm-f0a">
         <name>WDT_A_IRQHandler</name>
         <value>0x7f6d</value>
      </symbol>
      <symbol id="sm-f0b">
         <name>FPU_IRQHandler</name>
         <value>0x7f6d</value>
      </symbol>
      <symbol id="sm-f0c">
         <name>FLCTL_IRQHandler</name>
         <value>0x7f6d</value>
      </symbol>
      <symbol id="sm-f0d">
         <name>COMP_E0_IRQHandler</name>
         <value>0x7f6d</value>
      </symbol>
      <symbol id="sm-f0e">
         <name>COMP_E1_IRQHandler</name>
         <value>0x7f6d</value>
      </symbol>
      <symbol id="sm-f0f">
         <name>TA0_0_IRQHandler</name>
         <value>0x7f6d</value>
      </symbol>
      <symbol id="sm-f10">
         <name>TA0_N_IRQHandler</name>
         <value>0x7f6d</value>
      </symbol>
      <symbol id="sm-f11">
         <name>TA1_0_IRQHandler</name>
         <value>0x7f6d</value>
      </symbol>
      <symbol id="sm-f12">
         <name>TA1_N_IRQHandler</name>
         <value>0x7f6d</value>
      </symbol>
      <symbol id="sm-f13">
         <name>TA2_0_IRQHandler</name>
         <value>0x7f6d</value>
      </symbol>
      <symbol id="sm-f14">
         <name>TA2_N_IRQHandler</name>
         <value>0x7f6d</value>
      </symbol>
      <symbol id="sm-f15">
         <name>TA3_0_IRQHandler</name>
         <value>0x7f6d</value>
      </symbol>
      <symbol id="sm-f16">
         <name>TA3_N_IRQHandler</name>
         <value>0x7f6d</value>
      </symbol>
      <symbol id="sm-f17">
         <name>EUSCIA0_IRQHandler</name>
         <value>0x7f6d</value>
      </symbol>
      <symbol id="sm-f18">
         <name>EUSCIA1_IRQHandler</name>
         <value>0x7f6d</value>
      </symbol>
      <symbol id="sm-f19">
         <name>EUSCIA2_IRQHandler</name>
         <value>0x7f6d</value>
      </symbol>
      <symbol id="sm-f1a">
         <name>EUSCIA3_IRQHandler</name>
         <value>0x7f6d</value>
      </symbol>
      <symbol id="sm-f1b">
         <name>EUSCIB0_IRQHandler</name>
         <value>0x7f6d</value>
      </symbol>
      <symbol id="sm-f1c">
         <name>EUSCIB1_IRQHandler</name>
         <value>0x7f6d</value>
      </symbol>
      <symbol id="sm-f1d">
         <name>EUSCIB2_IRQHandler</name>
         <value>0x7f6d</value>
      </symbol>
      <symbol id="sm-f1e">
         <name>EUSCIB3_IRQHandler</name>
         <value>0x7f6d</value>
      </symbol>
      <symbol id="sm-f1f">
         <name>ADC14_IRQHandler</name>
         <value>0x7f6d</value>
      </symbol>
      <symbol id="sm-f20">
         <name>T32_INT1_IRQHandler</name>
         <value>0x7f6d</value>
      </symbol>
      <symbol id="sm-f21">
         <name>T32_INT2_IRQHandler</name>
         <value>0x7f6d</value>
      </symbol>
      <symbol id="sm-f22">
         <name>T32_INTC_IRQHandler</name>
         <value>0x7f6d</value>
      </symbol>
      <symbol id="sm-f23">
         <name>AES256_IRQHandler</name>
         <value>0x7f6d</value>
      </symbol>
      <symbol id="sm-f24">
         <name>RTC_C_IRQHandler</name>
         <value>0x7f6d</value>
      </symbol>
      <symbol id="sm-f25">
         <name>DMA_ERR_IRQHandler</name>
         <value>0x7f6d</value>
      </symbol>
      <symbol id="sm-f26">
         <name>DMA_INT3_IRQHandler</name>
         <value>0x7f6d</value>
      </symbol>
      <symbol id="sm-f27">
         <name>DMA_INT2_IRQHandler</name>
         <value>0x7f6d</value>
      </symbol>
      <symbol id="sm-f28">
         <name>DMA_INT1_IRQHandler</name>
         <value>0x7f6d</value>
      </symbol>
      <symbol id="sm-f29">
         <name>DMA_INT0_IRQHandler</name>
         <value>0x7f6d</value>
      </symbol>
      <symbol id="sm-f2a">
         <name>PORT1_IRQHandler</name>
         <value>0x7f6d</value>
      </symbol>
      <symbol id="sm-f2b">
         <name>PORT2_IRQHandler</name>
         <value>0x7f6d</value>
      </symbol>
      <symbol id="sm-f2c">
         <name>PORT3_IRQHandler</name>
         <value>0x7f6d</value>
      </symbol>
      <symbol id="sm-f2d">
         <name>PORT4_IRQHandler</name>
         <value>0x7f6d</value>
      </symbol>
      <symbol id="sm-f2e">
         <name>PORT5_IRQHandler</name>
         <value>0x7f6d</value>
      </symbol>
      <symbol id="sm-f2f">
         <name>PORT6_IRQHandler</name>
         <value>0x7f6d</value>
      </symbol>
      <symbol id="sm-f30">
         <name>remove</name>
         <value>0x7dd5</value>
      </symbol>
   </symbol_table>
   <title>Link successful</title>
</link_info>
